Archive member included to satisfy reference by file (symbol)

C:/ST/STM32CubeIDE_1.19.0/STM32CubeIDE/plugins/com.st.stm32cube.ide.mcu.externaltools.gnu-tools-for-stm32.13.3.rel1.win32_1.0.0.202411081344/tools/bin/../lib/gcc/arm-none-eabi/13.3.1/../../../../arm-none-eabi/lib/thumb/v7e-m+dp/hard\libc_nano.a(libc_a-exit.o)
                              C:/ST/STM32CubeIDE_1.19.0/STM32CubeIDE/plugins/com.st.stm32cube.ide.mcu.externaltools.gnu-tools-for-stm32.13.3.rel1.win32_1.0.0.202411081344/tools/bin/../lib/gcc/arm-none-eabi/13.3.1/../../../../arm-none-eabi/lib/thumb/v7e-m+dp/hard/crt0.o (exit)
C:/ST/STM32CubeIDE_1.19.0/STM32CubeIDE/plugins/com.st.stm32cube.ide.mcu.externaltools.gnu-tools-for-stm32.13.3.rel1.win32_1.0.0.202411081344/tools/bin/../lib/gcc/arm-none-eabi/13.3.1/../../../../arm-none-eabi/lib/thumb/v7e-m+dp/hard\libc_nano.a(libc_a-findfp.o)
                              C:/ST/STM32CubeIDE_1.19.0/STM32CubeIDE/plugins/com.st.stm32cube.ide.mcu.externaltools.gnu-tools-for-stm32.13.3.rel1.win32_1.0.0.202411081344/tools/bin/../lib/gcc/arm-none-eabi/13.3.1/../../../../arm-none-eabi/lib/thumb/v7e-m+dp/hard\libc_nano.a(libc_a-exit.o) (__stdio_exit_handler)
C:/ST/STM32CubeIDE_1.19.0/STM32CubeIDE/plugins/com.st.stm32cube.ide.mcu.externaltools.gnu-tools-for-stm32.13.3.rel1.win32_1.0.0.202411081344/tools/bin/../lib/gcc/arm-none-eabi/13.3.1/../../../../arm-none-eabi/lib/thumb/v7e-m+dp/hard\libc_nano.a(libc_a-fwalk.o)
                              C:/ST/STM32CubeIDE_1.19.0/STM32CubeIDE/plugins/com.st.stm32cube.ide.mcu.externaltools.gnu-tools-for-stm32.13.3.rel1.win32_1.0.0.202411081344/tools/bin/../lib/gcc/arm-none-eabi/13.3.1/../../../../arm-none-eabi/lib/thumb/v7e-m+dp/hard\libc_nano.a(libc_a-findfp.o) (_fwalk_sglue)
C:/ST/STM32CubeIDE_1.19.0/STM32CubeIDE/plugins/com.st.stm32cube.ide.mcu.externaltools.gnu-tools-for-stm32.13.3.rel1.win32_1.0.0.202411081344/tools/bin/../lib/gcc/arm-none-eabi/13.3.1/../../../../arm-none-eabi/lib/thumb/v7e-m+dp/hard\libc_nano.a(libc_a-stdio.o)
                              C:/ST/STM32CubeIDE_1.19.0/STM32CubeIDE/plugins/com.st.stm32cube.ide.mcu.externaltools.gnu-tools-for-stm32.13.3.rel1.win32_1.0.0.202411081344/tools/bin/../lib/gcc/arm-none-eabi/13.3.1/../../../../arm-none-eabi/lib/thumb/v7e-m+dp/hard\libc_nano.a(libc_a-findfp.o) (__sread)
C:/ST/STM32CubeIDE_1.19.0/STM32CubeIDE/plugins/com.st.stm32cube.ide.mcu.externaltools.gnu-tools-for-stm32.13.3.rel1.win32_1.0.0.202411081344/tools/bin/../lib/gcc/arm-none-eabi/13.3.1/../../../../arm-none-eabi/lib/thumb/v7e-m+dp/hard\libc_nano.a(libc_a-memset.o)
                              C:/ST/STM32CubeIDE_1.19.0/STM32CubeIDE/plugins/com.st.stm32cube.ide.mcu.externaltools.gnu-tools-for-stm32.13.3.rel1.win32_1.0.0.202411081344/tools/bin/../lib/gcc/arm-none-eabi/13.3.1/../../../../arm-none-eabi/lib/thumb/v7e-m+dp/hard/crt0.o (memset)
C:/ST/STM32CubeIDE_1.19.0/STM32CubeIDE/plugins/com.st.stm32cube.ide.mcu.externaltools.gnu-tools-for-stm32.13.3.rel1.win32_1.0.0.202411081344/tools/bin/../lib/gcc/arm-none-eabi/13.3.1/../../../../arm-none-eabi/lib/thumb/v7e-m+dp/hard\libc_nano.a(libc_a-closer.o)
                              C:/ST/STM32CubeIDE_1.19.0/STM32CubeIDE/plugins/com.st.stm32cube.ide.mcu.externaltools.gnu-tools-for-stm32.13.3.rel1.win32_1.0.0.202411081344/tools/bin/../lib/gcc/arm-none-eabi/13.3.1/../../../../arm-none-eabi/lib/thumb/v7e-m+dp/hard\libc_nano.a(libc_a-stdio.o) (_close_r)
C:/ST/STM32CubeIDE_1.19.0/STM32CubeIDE/plugins/com.st.stm32cube.ide.mcu.externaltools.gnu-tools-for-stm32.13.3.rel1.win32_1.0.0.202411081344/tools/bin/../lib/gcc/arm-none-eabi/13.3.1/../../../../arm-none-eabi/lib/thumb/v7e-m+dp/hard\libc_nano.a(libc_a-reent.o)
                              C:/ST/STM32CubeIDE_1.19.0/STM32CubeIDE/plugins/com.st.stm32cube.ide.mcu.externaltools.gnu-tools-for-stm32.13.3.rel1.win32_1.0.0.202411081344/tools/bin/../lib/gcc/arm-none-eabi/13.3.1/../../../../arm-none-eabi/lib/thumb/v7e-m+dp/hard\libc_nano.a(libc_a-closer.o) (errno)
C:/ST/STM32CubeIDE_1.19.0/STM32CubeIDE/plugins/com.st.stm32cube.ide.mcu.externaltools.gnu-tools-for-stm32.13.3.rel1.win32_1.0.0.202411081344/tools/bin/../lib/gcc/arm-none-eabi/13.3.1/../../../../arm-none-eabi/lib/thumb/v7e-m+dp/hard\libc_nano.a(libc_a-impure.o)
                              C:/ST/STM32CubeIDE_1.19.0/STM32CubeIDE/plugins/com.st.stm32cube.ide.mcu.externaltools.gnu-tools-for-stm32.13.3.rel1.win32_1.0.0.202411081344/tools/bin/../lib/gcc/arm-none-eabi/13.3.1/../../../../arm-none-eabi/lib/thumb/v7e-m+dp/hard\libc_nano.a(libc_a-reent.o) (_impure_ptr)
C:/ST/STM32CubeIDE_1.19.0/STM32CubeIDE/plugins/com.st.stm32cube.ide.mcu.externaltools.gnu-tools-for-stm32.13.3.rel1.win32_1.0.0.202411081344/tools/bin/../lib/gcc/arm-none-eabi/13.3.1/../../../../arm-none-eabi/lib/thumb/v7e-m+dp/hard\libc_nano.a(libc_a-lseekr.o)
[...]
Memory Configuration

Name             Origin             Length             Attributes
RAM              0x20000000         0x00080000         xrw
FLASH            0x08000000         0x00200000         xr
*default*        0x00000000         0xffffffff

Linker script and memory map

LOAD C:/ST/STM32CubeIDE_1.19.0/STM32CubeIDE/plugins/com.st.stm32cube.ide.mcu.externaltools.gnu-tools-for-stm32.13.3.rel1.win32_1.0.0.202411081344/tools/bin/../lib/gcc/arm-none-eabi/13.3.1/thumb/v7e-m+dp/hard/crti.o
LOAD C:/ST/STM32CubeIDE_1.19.0/STM32CubeIDE/plugins/com.st.stm32cube.ide.mcu.externaltools.gnu-tools-for-stm32.13.3.rel1.win32_1.0.0.202411081344/tools/bin/../lib/gcc/arm-none-eabi/13.3.1/thumb/v7e-m+dp/hard/crtbegin.o
LOAD C:/ST/STM32CubeIDE_1.19.0/STM32CubeIDE/plugins/com.st.stm32cube.ide.mcu.externaltools.gnu-tools-for-stm32.13.3.rel1.win32_1.0.0.202411081344/tools/bin/../lib/gcc/arm-none-eabi/13.3.1/../../../../arm-none-eabi/lib/thumb/v7e-m+dp/hard/crt0.o
LOAD ./Core/Src/eth.o
LOAD ./Core/Src/gpio.o
LOAD ./Core/Src/main.o
LOAD ./Core/Src/stm32f7xx_hal_msp.o
LOAD ./Core/Src/stm32f7xx_it.o
LOAD ./Core/Src/syscalls.o
LOAD ./Core/Src/sysmem.o
LOAD ./Core/Src/system_stm32f7xx.o
LOAD ./Core/Src/tim.o
LOAD ./Core/Src/usart.o
LOAD ./Core/Src/usb_otg.o
LOAD ./Core/Startup/startup_stm32f767zitx.o
LOAD ./Drivers/STM32F7xx_HAL_Driver/Src/stm32f7xx_hal.o
LOAD ./Drivers/STM32F7xx_HAL_Driver/Src/stm32f7xx_hal_cortex.o
LOAD ./Drivers/STM32F7xx_HAL_Driver/Src/stm32f7xx_hal_dma.o
LOAD ./Drivers/STM32F7xx_HAL_Driver/Src/stm32f7xx_hal_dma_ex.o
LOAD ./Drivers/STM32F7xx_HAL_Driver/Src/stm32f7xx_hal_eth.o
LOAD ./Drivers/STM32F7xx_HAL_Driver/Src/stm32f7xx_hal_exti.o
LOAD ./Drivers/STM32F7xx_HAL_Driver/Src/stm32f7xx_hal_flash.o
LOAD ./Drivers/STM32F7xx_HAL_Driver/Src/stm32f7xx_hal_flash_ex.o
LOAD ./Drivers/STM32F7xx_HAL_Driver/Src/stm32f7xx_hal_gpio.o
LOAD ./Drivers/STM32F7xx_HAL_Driver/Src/stm32f7xx_hal_i2c.o
LOAD ./Drivers/STM32F7xx_HAL_Driver/Src/stm32f7xx_hal_i2c_ex.o
LOAD ./Drivers/STM32F7xx_HAL_Driver/Src/stm32f7xx_hal_pcd.o
LOAD ./Drivers/STM32F7xx_HAL_Driver/Src/stm32f7xx_hal_pcd_ex.o
LOAD ./Drivers/STM32F7xx_HAL_Driver/Src/stm32f7xx_hal_pwr.o
LOAD ./Drivers/STM32F7xx_HAL_Driver/Src/stm32f7xx_hal_pwr_ex.o
LOAD ./Drivers/STM32F7xx_HAL_Driver/Src/stm32f7xx_hal_rcc.o
LOAD ./Drivers/STM32F7xx_HAL_Driver/Src/stm32f7xx_hal_rcc_ex.o
LOAD ./Drivers/STM32F7xx_HAL_Driver/Src/stm32f7xx_hal_tim.o
LOAD ./Drivers/STM32F7xx_HAL_Driver/Src/stm32f7xx_hal_tim_ex.o
LOAD ./Drivers/STM32F7xx_HAL_Driver/Src/stm32f7xx_hal_uart.o
LOAD ./Drivers/STM32F7xx_HAL_Driver/Src/stm32f7xx_hal_uart_ex.o
LOAD ./Drivers/STM32F7xx_HAL_Driver/Src/stm32f7xx_ll_usb.o
START GROUP
LOAD C:/ST/STM32CubeIDE_1.19.0/STM32CubeIDE/plugins/com.st.stm32cube.ide.mcu.externaltools.gnu-tools-for-stm32.13.3.rel1.win32_1.0.0.202411081344/tools/bin/../lib/gcc/arm-none-eabi/13.3.1/../../../../arm-none-eabi/lib/thumb/v7e-m+dp/hard\libc_nano.a
LOAD C:/ST/STM32CubeIDE_1.19.0/STM32CubeIDE/plugins/com.st.stm32cube.ide.mcu.externaltools.gnu-tools-for-stm32.13.3.rel1.win32_1.0.0.202411081344/tools/bin/../lib/gcc/arm-none-eabi/13.3.1/../../../../arm-none-eabi/lib/thumb/v7e-m+dp/hard\libm.a
END GROUP
START GROUP
LOAD C:/ST/STM32CubeIDE_1.19.0/STM32CubeIDE/plugins/com.st.stm32cube.ide.mcu.externaltools.gnu-tools-for-stm32.13.3.rel1.win32_1.0.0.202411081344/tools/bin/../lib/gcc/arm-none-eabi/13.3.1/thumb/v7e-m+dp/hard\libgcc.a
LOAD C:/ST/STM32CubeIDE_1.19.0/STM32CubeIDE/plugins/com.st.stm32cube.ide.mcu.externaltools.gnu-tools-for-stm32.13.3.rel1.win32_1.0.0.202411081344/tools/bin/../lib/gcc/arm-none-eabi/13.3.1/../../../../arm-none-eabi/lib/thumb/v7e-m+dp/hard\libc_nano.a
END GROUP
START GROUP
LOAD C:/ST/STM32CubeIDE_1.19.0/STM32CubeIDE/plugins/com.st.stm32cube.ide.mcu.externaltools.gnu-tools-for-stm32.13.3.rel1.win32_1.0.0.202411081344/tools/bin/../lib/gcc/arm-none-eabi/13.3.1/thumb/v7e-m+dp/hard\libgcc.a
LOAD C:/ST/STM32CubeIDE_1.19.0/STM32CubeIDE/plugins/com.st.stm32cube.ide.mcu.externaltools.gnu-tools-for-stm32.13.3.rel1.win32_1.0.0.202411081344/tools/bin/../lib/gcc/arm-none-eabi/13.3.1/../../../../arm-none-eabi/lib/thumb/v7e-m+dp/hard\libc_nano.a
LOAD C:/ST/STM32CubeIDE_1.19.0/STM32CubeIDE/plugins/com.st.stm32cube.ide.mcu.externaltools.gnu-tools-for-stm32.13.3.rel1.win32_1.0.0.202411081344/tools/bin/../lib/gcc/arm-none-eabi/13.3.1/../../../../arm-none-eabi/lib/thumb/v7e-m+dp/hard\libnosys.a
END GROUP
START GROUP
LOAD C:/ST/STM32CubeIDE_1.19.0/STM32CubeIDE/plugins/com.st.stm32cube.ide.mcu.externaltools.gnu-tools-for-stm32.13.3.rel1.win32_1.0.0.202411081344/tools/bin/../lib/gcc/arm-none-eabi/13.3.1/thumb/v7e-m+dp/hard\libgcc.a
LOAD C:/ST/STM32CubeIDE_1.19.0/STM32CubeIDE/plugins/com.st.stm32cube.ide.mcu.externaltools.gnu-tools-for-stm32.13.3.rel1.win32_1.0.0.202411081344/tools/bin/../lib/gcc/arm-none-eabi/13.3.1/../../../../arm-none-eabi/lib/thumb/v7e-m+dp/hard\libc_nano.a
LOAD C:/ST/STM32CubeIDE_1.19.0/STM32CubeIDE/plugins/com.st.stm32cube.ide.mcu.externaltools.gnu-tools-for-stm32.13.3.rel1.win32_1.0.0.202411081344/tools/bin/../lib/gcc/arm-none-eabi/13.3.1/../../../../arm-none-eabi/lib/thumb/v7e-m+dp/hard\libnosys.a
END GROUP
LOAD C:/ST/STM32CubeIDE_1.19.0/STM32CubeIDE/plugins/com.st.stm32cube.ide.mcu.externaltools.gnu-tools-for-stm32.13.3.rel1.win32_1.0.0.202411081344/tools/bin/../lib/gcc/arm-none-eabi/13.3.1/thumb/v7e-m+dp/hard/crtend.o
LOAD C:/ST/STM32CubeIDE_1.19.0/STM32CubeIDE/plugins/com.st.stm32cube.ide.mcu.externaltools.gnu-tools-for-stm32.13.3.rel1.win32_1.0.0.202411081344/tools/bin/../lib/gcc/arm-none-eabi/13.3.1/thumb/v7e-m+dp/hard/crtn.o
                0x20080000                        _estack = (ORIGIN (RAM) + LENGTH (RAM))
                0x00000200                        _Min_Heap_Size = 0x200
                0x00000400                        _Min_Stack_Size = 0x400

.isr_vector     0x08000000      0x1f8
                0x08000000                        . = ALIGN (0x4)
 *(.isr_vector)
 .isr_vector    0x08000000      0x1f8 ./Core/Startup/startup_stm32f767zitx.o
                0x08000000                g_pfnVectors
                0x080001f8                        . = ALIGN (0x4)

.text           0x080001f8     0x5570
                0x080001f8                        . = ALIGN (0x4)
 *(.text)
 .text          0x080001f8       0x40 C:/ST/STM32CubeIDE_1.19.0/STM32CubeIDE/plugins/com.st.stm32cube.ide.mcu.externaltools.gnu-tools-for-stm32.13.3.rel1.win32_1.0.0.202411081344/tools/bin/../lib/gcc/arm-none-eabi/13.3.1/thumb/v7e-m+dp/hard/crtbegin.o
 .text          0x08000238       0x30 C:/ST/STM32CubeIDE_1.19.0/STM32CubeIDE/plugins/com.st.stm32cube.ide.mcu.externaltools.gnu-tools-for-stm32.13.3.rel1.win32_1.0.0.202411081344/tools/bin/../lib/gcc/arm-none-eabi/13.3.1/thumb/v7e-m+dp/hard\libgcc.a(_aeabi_uldivmod.o)
                0x08000238                __aeabi_uldivmod
 .text          0x08000268      0x2f8 C:/ST/STM32CubeIDE_1.19.0/STM32CubeIDE/plugins/com.st.stm32cube.ide.mcu.externaltools.gnu-tools-for-stm32.13.3.rel1.win32_1.0.0.202411081344/tools/bin/../lib/gcc/arm-none-eabi/13.3.1/thumb/v7e-m+dp/hard\libgcc.a(_udivmoddi4.o)
                0x08000268                __udivmoddi4
 .text          0x08000560        0x4 C:/ST/STM32CubeIDE_1.19.0/STM32CubeIDE/plugins/com.st.stm32cube.ide.mcu.externaltools.gnu-tools-for-stm32.13.3.rel1.win32_1.0.0.202411081344/tools/bin/../lib/gcc/arm-none-eabi/13.3.1/thumb/v7e-m+dp/hard\libgcc.a(_dvmd_tls.o)
                0x08000560                __aeabi_idiv0
                0x08000560                __aeabi_ldiv0
 *(.text*)
 .text.MX_ETH_Init
                0x08000564       0x9c ./Core/Src/eth.o
                0x08000564                MX_ETH_Init
 .text.HAL_ETH_MspInit
                0x08000600      0x170 ./Core/Src/eth.o
                0x08000600                HAL_ETH_MspInit
 .text.MX_GPIO_Init
                0x08000770      0x144 ./Core/Src/gpio.o
                0x08000770                MX_GPIO_Init
 .text.main     0x080008b4       0x24 ./Core/Src/main.o
                0x080008b4                main
 .text.SystemClock_Config
                0x080008d8       0xe0 ./Core/Src/main.o
                0x080008d8                SystemClock_Config
 .text.Error_Handler
                0x080009b8        0xc ./Core/Src/main.o
                0x080009b8                Error_Handler
 .text.HAL_MspInit
                0x080009c4       0x48 ./Core/Src/stm32f7xx_hal_msp.o
                0x080009c4                HAL_MspInit
 .text.NMI_Handler
                0x08000a0c        0x8 ./Core/Src/stm32f7xx_it.o
                0x08000a0c                NMI_Handler
 .text.HardFault_Handler
                0x08000a14        0x8 ./Core/Src/stm32f7xx_it.o
                0x08000a14                HardFault_Handler
 .text.MemManage_Handler
                0x08000a1c        0x8 ./Core/Src/stm32f7xx_it.o
                0x08000a1c                MemManage_Handler
 .text.BusFault_Handler
                0x08000a24        0x8 ./Core/Src/stm32f7xx_it.o
                0x08000a24                BusFault_Handler
 .text.UsageFault_Handler
                0x08000a2c        0x8 ./Core/Src/stm32f7xx_it.o
                0x08000a2c                UsageFault_Handler
 .text.SVC_Handler
                0x08000a34        0xe ./Core/Src/stm32f7xx_it.o
                0x08000a34                SVC_Handler
 .text.DebugMon_Handler
                0x08000a42        0xe ./Core/Src/stm32f7xx_it.o
                0x08000a42                DebugMon_Handler
 .text.PendSV_Handler
                0x08000a50        0xe ./Core/Src/stm32f7xx_it.o
                0x08000a50                PendSV_Handler
 .text.SysTick_Handler
                0x08000a5e        0xc ./Core/Src/stm32f7xx_it.o
                0x08000a5e                SysTick_Handler
 *fill*         0x08000a6a        0x2 
 .text.USART3_IRQHandler
                0x08000a6c       0x14 ./Core/Src/stm32f7xx_it.o
                0x08000a6c                USART3_IRQHandler
 .text.SystemInit
                0x08000a80       0x24 ./Core/Src/system_stm32f7xx.o
                0x08000a80                SystemInit
 .text.MX_TIM2_Init
                0x08000aa4      0x124 ./Core/Src/tim.o
                0x08000aa4                MX_TIM2_Init
 .text.HAL_TIM_Base_MspInit
                0x08000bc8       0x3c ./Core/Src/tim.o
                0x08000bc8                HAL_TIM_Base_MspInit
 .text.HAL_TIM_MspPostInit
                0x08000c04       0xa8 ./Core/Src/tim.o
                0x08000c04                HAL_TIM_MspPostInit
 .text.MX_USART3_UART_Init
                0x08000cac       0x60 ./Core/Src/usart.o
                0x08000cac                MX_USART3_UART_Init
 .text.HAL_UART_MspInit
                0x08000d0c       0xd0 ./Core/Src/usart.o
                0x08000d0c                HAL_UART_MspInit
 .text.MX_USB_OTG_FS_PCD_Init
                0x08000ddc       0x5c ./Core/Src/usb_otg.o
                0x08000ddc                MX_USB_OTG_FS_PCD_Init
 .text.HAL_PCD_MspInit
                0x08000e38       0xf4 ./Core/Src/usb_otg.o
                0x08000e38                HAL_PCD_MspInit
 .text.Reset_Handler
                0x08000f2c       0x50 ./Core/Startup/startup_stm32f767zitx.o
                0x08000f2c                Reset_Handler
 .text.Default_Handler
                0x08000f7c        0x2 ./Core/Startup/startup_stm32f767zitx.o
                0x08000f7c                RTC_Alarm_IRQHandler
                0x08000f7c                EXTI2_IRQHandler
                0x08000f7c                TIM8_CC_IRQHandler
                0x08000f7c                UART8_IRQHandler
                0x08000f7c                SPI4_IRQHandler
                0x08000f7c                TIM1_CC_IRQHandler
                0x08000f7c                DMA2_Stream5_IRQHandler
                0x08000f7c                JPEG_IRQHandler
                0x08000f7c                DMA1_Stream5_IRQHandler
                0x08000f7c                CAN3_RX1_IRQHandler
                0x08000f7c                PVD_IRQHandler
                0x08000f7c                TAMP_STAMP_IRQHandler
                0x08000f7c                CAN2_RX1_IRQHandler
                0x08000f7c                EXTI3_IRQHandler
                0x08000f7c                TIM8_TRG_COM_TIM14_IRQHandler
                0x08000f7c                DFSDM1_FLT1_IRQHandler
                0x08000f7c                TIM1_UP_TIM10_IRQHandler
                0x08000f7c                TIM8_UP_TIM13_IRQHandler
                0x08000f7c                I2C3_ER_IRQHandler
                0x08000f7c                DFSDM1_FLT2_IRQHandler
                0x08000f7c                EXTI0_IRQHandler
                0x08000f7c                I2C2_EV_IRQHandler
                0x08000f7c                DMA1_Stream2_IRQHandler
                0x08000f7c                CAN1_RX0_IRQHandler
                0x08000f7c                FPU_IRQHandler
                0x08000f7c                OTG_HS_WKUP_IRQHandler
                0x08000f7c                CAN3_SCE_IRQHandler
                0x08000f7c                LTDC_ER_IRQHandler
                0x08000f7c                CAN2_SCE_IRQHandler
                0x08000f7c                DMA2_Stream2_IRQHandler
                0x08000f7c                SPI1_IRQHandler
                0x08000f7c                TIM6_DAC_IRQHandler
                0x08000f7c                TIM1_BRK_TIM9_IRQHandler
                0x08000f7c                DCMI_IRQHandler
                0x08000f7c                CAN2_RX0_IRQHandler
                0x08000f7c                DMA2_Stream3_IRQHandler
                0x08000f7c                SAI2_IRQHandler
                0x08000f7c                DFSDM1_FLT3_IRQHandler
                0x08000f7c                USART6_IRQHandler
                0x08000f7c                CAN3_RX0_IRQHandler
                0x08000f7c                CAN1_RX1_IRQHandler
                0x08000f7c                UART5_IRQHandler
                0x08000f7c                DMA2_Stream0_IRQHandler
                0x08000f7c                TIM4_IRQHandler
                0x08000f7c                QUADSPI_IRQHandler
                0x08000f7c                I2C1_EV_IRQHandler
                0x08000f7c                DMA1_Stream6_IRQHandler
                0x08000f7c                DMA1_Stream1_IRQHandler
                0x08000f7c                UART4_IRQHandler
                0x08000f7c                TIM3_IRQHandler
                0x08000f7c                RCC_IRQHandler
                0x08000f7c                TIM8_BRK_TIM12_IRQHandler
                0x08000f7c                Default_Handler
                0x08000f7c                CEC_IRQHandler
                0x08000f7c                EXTI15_10_IRQHandler
                0x08000f7c                ADC_IRQHandler
                0x08000f7c                DMA1_Stream7_IRQHandler
                0x08000f7c                SPI5_IRQHandler
                0x08000f7c                TIM7_IRQHandler
                0x08000f7c                SDMMC1_IRQHandler
                0x08000f7c                CAN2_TX_IRQHandler
                0x08000f7c                TIM5_IRQHandler
                0x08000f7c                DMA2_Stream7_IRQHandler
                0x08000f7c                I2C3_EV_IRQHandler
                0x08000f7c                EXTI9_5_IRQHandler
                0x08000f7c                RTC_WKUP_IRQHandler
                0x08000f7c                LTDC_IRQHandler
                0x08000f7c                ETH_WKUP_IRQHandler
                0x08000f7c                SPDIF_RX_IRQHandler
                0x08000f7c                SPI2_IRQHandler
                0x08000f7c                OTG_HS_EP1_IN_IRQHandler
                0x08000f7c                DMA1_Stream0_IRQHandler
                0x08000f7c                CAN1_TX_IRQHandler
                0x08000f7c                EXTI4_IRQHandler
                0x08000f7c                RNG_IRQHandler
                0x08000f7c                ETH_IRQHandler
                0x08000f7c                OTG_HS_EP1_OUT_IRQHandler
                0x08000f7c                WWDG_IRQHandler
                0x08000f7c                SPI6_IRQHandler
                0x08000f7c                MDIOS_IRQHandler
                0x08000f7c                I2C4_EV_IRQHandler
                0x08000f7c                CAN3_TX_IRQHandler
                0x08000f7c                TIM2_IRQHandler
                0x08000f7c                OTG_FS_WKUP_IRQHandler
                0x08000f7c                TIM1_TRG_COM_TIM11_IRQHandler
                0x08000f7c                OTG_HS_IRQHandler
                0x08000f7c                DMA2D_IRQHandler
                0x08000f7c                EXTI1_IRQHandler
                0x08000f7c                SDMMC2_IRQHandler
                0x08000f7c                UART7_IRQHandler
                0x08000f7c                USART2_IRQHandler
                0x08000f7c                DFSDM1_FLT0_IRQHandler
                0x08000f7c                I2C2_ER_IRQHandler
                0x08000f7c                DMA2_Stream1_IRQHandler
                0x08000f7c                CAN1_SCE_IRQHandler
                0x08000f7c                FLASH_IRQHandler
                0x08000f7c                DMA2_Stream4_IRQHandler
                0x08000f7c                USART1_IRQHandler
                0x08000f7c                OTG_FS_IRQHandler
                0x08000f7c                SPI3_IRQHandler
                0x08000f7c                DMA1_Stream4_IRQHandler
                0x08000f7c                I2C1_ER_IRQHandler
                0x08000f7c                FMC_IRQHandler
                0x08000f7c                LPTIM1_IRQHandler
                0x08000f7c                I2C4_ER_IRQHandler
                0x08000f7c                DMA2_Stream6_IRQHandler
                0x08000f7c                SAI1_IRQHandler
                0x08000f7c                DMA1_Stream3_IRQHandler
 .text.HAL_Init
                0x08000f7e       0x1a ./Drivers/STM32F7xx_HAL_Driver/Src/stm32f7xx_hal.o
                0x08000f7e                HAL_Init
 .text.HAL_InitTick
                0x08000f98       0x60 ./Drivers/STM32F7xx_HAL_Driver/Src/stm32f7xx_hal.o
                0x08000f98                HAL_InitTick
 .text.HAL_IncTick
                0x08000ff8       0x28 ./Drivers/STM32F7xx_HAL_Driver/Src/stm32f7xx_hal.o
                0x08000ff8                HAL_IncTick
 .text.HAL_GetTick
                0x08001020       0x18 ./Drivers/STM32F7xx_HAL_Driver/Src/stm32f7xx_hal.o
                0x08001020                HAL_GetTick
 .text.HAL_Delay
                0x08001038       0x48 ./Drivers/STM32F7xx_HAL_Driver/Src/stm32f7xx_hal.o
                0x08001038                HAL_Delay
 .text.__NVIC_SetPriorityGrouping
                0x08001080       0x48 ./Drivers/STM32F7xx_HAL_Driver/Src/stm32f7xx_hal_cortex.o
 .text.__NVIC_GetPriorityGrouping
                0x080010c8       0x1c ./Drivers/STM32F7xx_HAL_Driver/Src/stm32f7xx_hal_cortex.o
 .text.__NVIC_EnableIRQ
                0x080010e4       0x3c ./Drivers/STM32F7xx_HAL_Driver/Src/stm32f7xx_hal_cortex.o
 .text.__NVIC_SetPriority
                0x08001120       0x54 ./Drivers/STM32F7xx_HAL_Driver/Src/stm32f7xx_hal_cortex.o
 .text.NVIC_EncodePriority
                0x08001174       0x66 ./Drivers/STM32F7xx_HAL_Driver/Src/stm32f7xx_hal_cortex.o
 *fill*         0x080011da        0x2 
 .text.SysTick_Config
                0x080011dc       0x44 ./Drivers/STM32F7xx_HAL_Driver/Src/stm32f7xx_hal_cortex.o
 .text.HAL_NVIC_SetPriorityGrouping
                0x08001220       0x16 ./Drivers/STM32F7xx_HAL_Driver/Src/stm32f7xx_hal_cortex.o
                0x08001220                HAL_NVIC_SetPriorityGrouping
 .text.HAL_NVIC_SetPriority
                0x08001236       0x38 ./Drivers/STM32F7xx_HAL_Driver/Src/stm32f7xx_hal_cortex.o
                0x08001236                HAL_NVIC_SetPriority
 .text.HAL_NVIC_EnableIRQ
                0x0800126e       0x1c ./Drivers/STM32F7xx_HAL_Driver/Src/stm32f7xx_hal_cortex.o
                0x0800126e                HAL_NVIC_EnableIRQ
 .text.HAL_SYSTICK_Config
                0x0800128a       0x18 ./Drivers/STM32F7xx_HAL_Driver/Src/stm32f7xx_hal_cortex.o
                0x0800128a                HAL_SYSTICK_Config
 .text.HAL_DMA_Abort
                0x080012a2       0xe0 ./Drivers/STM32F7xx_HAL_Driver/Src/stm32f7xx_hal_dma.o
                0x080012a2                HAL_DMA_Abort
 .text.HAL_DMA_Abort_IT
                0x08001382       0x44 ./Drivers/STM32F7xx_HAL_Driver/Src/stm32f7xx_hal_dma.o
                0x08001382                HAL_DMA_Abort_IT
 *fill*         0x080013c6        0x2 
 .text.HAL_ETH_Init
                0x080013c8      0x134 ./Drivers/STM32F7xx_HAL_Driver/Src/stm32f7xx_hal_eth.o
                0x080013c8                HAL_ETH_Init
 .text.ETH_SetMACConfig
                0x080014fc      0x168 ./Drivers/STM32F7xx_HAL_Driver/Src/stm32f7xx_hal_eth.o
 .text.ETH_SetDMAConfig
                0x08001664      0x114 ./Drivers/STM32F7xx_HAL_Driver/Src/stm32f7xx_hal_eth.o
 .text.ETH_MACDMAConfig
                0x08001778       0xea ./Drivers/STM32F7xx_HAL_Driver/Src/stm32f7xx_hal_eth.o
 *fill*         0x08001862        0x2 
 .text.ETH_MACAddressConfig
                0x08001864       0x70 ./Drivers/STM32F7xx_HAL_Driver/Src/stm32f7xx_hal_eth.o
 .text.ETH_DMATxDescListInit
                0x080018d4       0xb2 ./Drivers/STM32F7xx_HAL_Driver/Src/stm32f7xx_hal_eth.o
 .text.ETH_DMARxDescListInit
                0x08001986       0xde ./Drivers/STM32F7xx_HAL_Driver/Src/stm32f7xx_hal_eth.o
 .text.HAL_GPIO_Init
                0x08001a64      0x358 ./Drivers/STM32F7xx_HAL_Driver/Src/stm32f7xx_hal_gpio.o
                0x08001a64                HAL_GPIO_Init
 .text.HAL_GPIO_WritePin
                0x08001dbc       0x32 ./Drivers/STM32F7xx_HAL_Driver/Src/stm32f7xx_hal_gpio.o
                0x08001dbc                HAL_GPIO_WritePin
 .text.HAL_PCD_Init
                0x08001dee      0x22c ./Drivers/STM32F7xx_HAL_Driver/Src/stm32f7xx_hal_pcd.o
                0x08001dee                HAL_PCD_Init
 *fill*         0x0800201a        0x2 
 .text.HAL_PCDEx_ActivateLPM
                0x0800201c       0x48 ./Drivers/STM32F7xx_HAL_Driver/Src/stm32f7xx_hal_pcd_ex.o
                0x0800201c                HAL_PCDEx_ActivateLPM
 .text.HAL_PWR_EnableBkUpAccess
                0x08002064       0x20 ./Drivers/STM32F7xx_HAL_Driver/Src/stm32f7xx_hal_pwr.o
                0x08002064                HAL_PWR_EnableBkUpAccess
 .text.HAL_PWREx_EnableOverDrive
                0x08002084       0xa0 ./Drivers/STM32F7xx_HAL_Driver/Src/stm32f7xx_hal_pwr_ex.o
                0x08002084                HAL_PWREx_EnableOverDrive
 .text.HAL_RCC_OscConfig
                0x08002124      0x55c ./Drivers/STM32F7xx_HAL_Driver/Src/stm32f7xx_hal_rcc.o
                0x08002124                HAL_RCC_OscConfig
 .text.HAL_RCC_ClockConfig
                0x08002680      0x1d8 ./Drivers/STM32F7xx_HAL_Driver/Src/stm32f7xx_hal_rcc.o
                0x08002680                HAL_RCC_ClockConfig
 .text.HAL_RCC_GetSysClockFreq
                0x08002858      0x20c ./Drivers/STM32F7xx_HAL_Driver/Src/stm32f7xx_hal_rcc.o
                0x08002858                HAL_RCC_GetSysClockFreq
 .text.HAL_RCC_GetHCLKFreq
                0x08002a64       0x18 ./Drivers/STM32F7xx_HAL_Driver/Src/stm32f7xx_hal_rcc.o
                0x08002a64                HAL_RCC_GetHCLKFreq
 .text.HAL_RCC_GetPCLK1Freq
                0x08002a7c       0x28 ./Drivers/STM32F7xx_HAL_Driver/Src/stm32f7xx_hal_rcc.o
                0x08002a7c                HAL_RCC_GetPCLK1Freq
 .text.HAL_RCC_GetPCLK2Freq
                0x08002aa4       0x28 ./Drivers/STM32F7xx_HAL_Driver/Src/stm32f7xx_hal_rcc.o
                0x08002aa4                HAL_RCC_GetPCLK2Freq
 .text.HAL_RCCEx_PeriphCLKConfig
                0x08002acc      0x850 ./Drivers/STM32F7xx_HAL_Driver/Src/stm32f7xx_hal_rcc_ex.o
                0x08002acc                HAL_RCCEx_PeriphCLKConfig
 .text.HAL_TIM_Base_Init
                0x0800331c       0xae ./Drivers/STM32F7xx_HAL_Driver/Src/stm32f7xx_hal_tim.o
                0x0800331c                HAL_TIM_Base_Init
 .text.HAL_TIM_PWM_Init
                0x080033ca       0xae ./Drivers/STM32F7xx_HAL_Driver/Src/stm32f7xx_hal_tim.o
                0x080033ca                HAL_TIM_PWM_Init
 .text.HAL_TIM_PWM_MspInit
                0x08003478       0x14 ./Drivers/STM32F7xx_HAL_Driver/Src/stm32f7xx_hal_tim.o
                0x08003478                HAL_TIM_PWM_MspInit
 .text.HAL_TIM_PWM_ConfigChannel
                0x0800348c      0x228 ./Drivers/STM32F7xx_HAL_Driver/Src/stm32f7xx_hal_tim.o
                0x0800348c                HAL_TIM_PWM_ConfigChannel
 .text.HAL_TIM_ConfigClockSource
                0x080036b4      0x194 ./Drivers/STM32F7xx_HAL_Driver/Src/stm32f7xx_hal_tim.o
                0x080036b4                HAL_TIM_ConfigClockSource
 .text.TIM_Base_SetConfig
                0x08003848      0x14c ./Drivers/STM32F7xx_HAL_Driver/Src/stm32f7xx_hal_tim.o
                0x08003848                TIM_Base_SetConfig
 .text.TIM_OC1_SetConfig
                0x08003994       0xe4 ./Drivers/STM32F7xx_HAL_Driver/Src/stm32f7xx_hal_tim.o
 .text.TIM_OC2_SetConfig
                0x08003a78       0xf0 ./Drivers/STM32F7xx_HAL_Driver/Src/stm32f7xx_hal_tim.o
                0x08003a78                TIM_OC2_SetConfig
 .text.TIM_OC3_SetConfig
                0x08003b68       0xec ./Drivers/STM32F7xx_HAL_Driver/Src/stm32f7xx_hal_tim.o
 .text.TIM_OC4_SetConfig
                0x08003c54       0xb0 ./Drivers/STM32F7xx_HAL_Driver/Src/stm32f7xx_hal_tim.o
 .text.TIM_OC5_SetConfig
                0x08003d04       0xa4 ./Drivers/STM32F7xx_HAL_Driver/Src/stm32f7xx_hal_tim.o
 .text.TIM_OC6_SetConfig
                0x08003da8       0xa8 ./Drivers/STM32F7xx_HAL_Driver/Src/stm32f7xx_hal_tim.o
 .text.TIM_TI1_ConfigInputStage
                0x08003e50       0x5e ./Drivers/STM32F7xx_HAL_Driver/Src/stm32f7xx_hal_tim.o
 .text.TIM_TI2_ConfigInputStage
                0x08003eae       0x60 ./Drivers/STM32F7xx_HAL_Driver/Src/stm32f7xx_hal_tim.o
 .text.TIM_ITRx_SetConfig
                0x08003f0e       0x36 ./Drivers/STM32F7xx_HAL_Driver/Src/stm32f7xx_hal_tim.o
 .text.TIM_ETR_SetConfig
                0x08003f44       0x40 ./Drivers/STM32F7xx_HAL_Driver/Src/stm32f7xx_hal_tim.o
                0x08003f44                TIM_ETR_SetConfig
 .text.HAL_TIMEx_MasterConfigSynchronization
                0x08003f84      0x11c ./Drivers/STM32F7xx_HAL_Driver/Src/stm32f7xx_hal_tim_ex.o
                0x08003f84                HAL_TIMEx_MasterConfigSynchronization
 .text.HAL_UART_Init
                0x080040a0       0x9c ./Drivers/STM32F7xx_HAL_Driver/Src/stm32f7xx_hal_uart.o
                0x080040a0                HAL_UART_Init
 .text.HAL_UART_IRQHandler
                0x0800413c      0x604 ./Drivers/STM32F7xx_HAL_Driver/Src/stm32f7xx_hal_uart.o
                0x0800413c                HAL_UART_IRQHandler
 .text.HAL_UART_TxCpltCallback
                0x08004740       0x14 ./Drivers/STM32F7xx_HAL_Driver/Src/stm32f7xx_hal_uart.o
                0x08004740                HAL_UART_TxCpltCallback
 .text.HAL_UART_ErrorCallback
                0x08004754       0x14 ./Drivers/STM32F7xx_HAL_Driver/Src/stm32f7xx_hal_uart.o
                0x08004754                HAL_UART_ErrorCallback
 .text.HAL_UARTEx_RxEventCallback
                0x08004768       0x18 ./Drivers/STM32F7xx_HAL_Driver/Src/stm32f7xx_hal_uart.o
                0x08004768                HAL_UARTEx_RxEventCallback
 .text.HAL_UARTEx_WakeupCallback
                0x08004780       0x14 ./Drivers/STM32F7xx_HAL_Driver/Src/stm32f7xx_hal_uart.o
                0x08004780                HAL_UARTEx_WakeupCallback
 .text.UART_SetConfig
                0x08004794      0x4c8 ./Drivers/STM32F7xx_HAL_Driver/Src/stm32f7xx_hal_uart.o
                0x08004794                UART_SetConfig
 .text.UART_AdvFeatureConfig
                0x08004c5c      0x144 ./Drivers/STM32F7xx_HAL_Driver/Src/stm32f7xx_hal_uart.o
                0x08004c5c                UART_AdvFeatureConfig
 .text.UART_CheckIdleState
                0x08004da0      0x150 ./Drivers/STM32F7xx_HAL_Driver/Src/stm32f7xx_hal_uart.o
                0x08004da0                UART_CheckIdleState
 .text.UART_WaitOnFlagUntilTimeout
                0x08004ef0       0xda ./Drivers/STM32F7xx_HAL_Driver/Src/stm32f7xx_hal_uart.o
                0x08004ef0                UART_WaitOnFlagUntilTimeout
 .text.UART_EndRxTransfer
                0x08004fca       0xc8 ./Drivers/STM32F7xx_HAL_Driver/Src/stm32f7xx_hal_uart.o
 .text.UART_DMAAbortOnError
                0x08005092       0x24 ./Drivers/STM32F7xx_HAL_Driver/Src/stm32f7xx_hal_uart.o
 .text.UART_EndTransmit_IT
                0x080050b6       0x54 ./Drivers/STM32F7xx_HAL_Driver/Src/stm32f7xx_hal_uart.o
 *fill*         0x0800510a        0x2 
 .text.USB_CoreInit
                0x0800510c       0xb4 ./Drivers/STM32F7xx_HAL_Driver/Src/stm32f7xx_ll_usb.o
                0x0800510c                USB_CoreInit
 .text.USB_DisableGlobalInt
                0x080051c0       0x22 ./Drivers/STM32F7xx_HAL_Driver/Src/stm32f7xx_ll_usb.o
                0x080051c0                USB_DisableGlobalInt
 .text.USB_SetCurrentMode
                0x080051e2       0x98 ./Drivers/STM32F7xx_HAL_Driver/Src/stm32f7xx_ll_usb.o
                0x080051e2                USB_SetCurrentMode
 *fill*         0x0800527a        0x2 
 .text.USB_DevInit
                0x0800527c      0x2bc ./Drivers/STM32F7xx_HAL_Driver/Src/stm32f7xx_ll_usb.o
                0x0800527c                USB_DevInit
 .text.USB_FlushTxFifo
                0x08005538       0x64 ./Drivers/STM32F7xx_HAL_Driver/Src/stm32f7xx_ll_usb.o
                0x08005538                USB_FlushTxFifo
 .text.USB_FlushRxFifo
                0x0800559c       0x5c ./Drivers/STM32F7xx_HAL_Driver/Src/stm32f7xx_ll_usb.o
                0x0800559c                USB_FlushRxFifo
 .text.USB_SetDevSpeed
                0x080055f8       0x32 ./Drivers/STM32F7xx_HAL_Driver/Src/stm32f7xx_ll_usb.o
                0x080055f8                USB_SetDevSpeed
 .text.USB_DevDisconnect
                0x0800562a       0x42 ./Drivers/STM32F7xx_HAL_Driver/Src/stm32f7xx_ll_usb.o
                0x0800562a                USB_DevDisconnect
 .text.USB_GetMode
                0x0800566c       0x1c ./Drivers/STM32F7xx_HAL_Driver/Src/stm32f7xx_ll_usb.o
                0x0800566c                USB_GetMode
 .text.USB_CoreReset
                0x08005688       0x70 ./Drivers/STM32F7xx_HAL_Driver/Src/stm32f7xx_ll_usb.o
 .text.memset   0x080056f8       0x10 C:/ST/STM32CubeIDE_1.19.0/STM32CubeIDE/plugins/com.st.stm32cube.ide.mcu.externaltools.gnu-tools-for-stm32.13.3.rel1.win32_1.0.0.202411081344/tools/bin/../lib/gcc/arm-none-eabi/13.3.1/../../../../arm-none-eabi/lib/thumb/v7e-m+dp/hard\libc_nano.a(libc_a-memset.o)
                0x080056f8                memset
 .text.__libc_init_array
                0x08005708       0x48 C:/ST/STM32CubeIDE_1.19.0/STM32CubeIDE/plugins/com.st.stm32cube.ide.mcu.externaltools.gnu-tools-for-stm32.13.3.rel1.win32_1.0.0.202411081344/tools/bin/../lib/gcc/arm-none-eabi/13.3.1/../../../../arm-none-eabi/lib/thumb/v7e-m+dp/hard\libc_nano.a(libc_a-init.o)
                0x08005708                __libc_init_array
 *(.glue_7)
 .glue_7        0x08005750        0x0 linker stubs
 *(.glue_7t)
 .glue_7t       0x08005750        0x0 linker stubs
 *(.eh_frame)
 .eh_frame      0x08005750        0x0 C:/ST/STM32CubeIDE_1.19.0/STM32CubeIDE/plugins/com.st.stm32cube.ide.mcu.externaltools.gnu-tools-for-stm32.13.3.rel1.win32_1.0.0.202411081344/tools/bin/../lib/gcc/arm-none-eabi/13.3.1/thumb/v7e-m+dp/hard/crtbegin.o
 *(.init)
 .init          0x08005750        0x4 C:/ST/STM32CubeIDE_1.19.0/STM32CubeIDE/plugins/com.st.stm32cube.ide.mcu.externaltools.gnu-tools-for-stm32.13.3.rel1.win32_1.0.0.202411081344/tools/bin/../lib/gcc/arm-none-eabi/13.3.1/thumb/v7e-m+dp/hard/crti.o
                0x08005750                _init
 .init          0x08005754        0x8 C:/ST/STM32CubeIDE_1.19.0/STM32CubeIDE/plugins/com.st.stm32cube.ide.mcu.externaltools.gnu-tools-for-stm32.13.3.rel1.win32_1.0.0.202411081344/tools/bin/../lib/gcc/arm-none-eabi/13.3.1/thumb/v7e-m+dp/hard/crtn.o
 *(.fini)
 .fini          0x0800575c        0x4 C:/ST/STM32CubeIDE_1.19.0/STM32CubeIDE/plugins/com.st.stm32cube.ide.mcu.externaltools.gnu-tools-for-stm32.13.3.rel1.win32_1.0.0.202411081344/tools/bin/../lib/gcc/arm-none-eabi/13.3.1/thumb/v7e-m+dp/hard/crti.o
                0x0800575c                _fini
 .fini          0x08005760        0x8 C:/ST/STM32CubeIDE_1.19.0/STM32CubeIDE/plugins/com.st.stm32cube.ide.mcu.externaltools.gnu-tools-for-stm32.13.3.rel1.win32_1.0.0.202411081344/tools/bin/../lib/gcc/arm-none-eabi/13.3.1/thumb/v7e-m+dp/hard/crtn.o
                0x08005768                        . = ALIGN (0x4)
                0x08005768                        _etext = .

.vfp11_veneer   0x08005768        0x0
 .vfp11_veneer  0x08005768        0x0 linker stubs

.v4_bx          0x08005768        0x0
 .v4_bx         0x08005768        0x0 linker stubs

.iplt           0x08005768        0x0
 .iplt          0x08005768        0x0 C:/ST/STM32CubeIDE_1.19.0/STM32CubeIDE/plugins/com.st.stm32cube.ide.mcu.externaltools.gnu-tools-for-stm32.13.3.rel1.win32_1.0.0.202411081344/tools/bin/../lib/gcc/arm-none-eabi/13.3.1/thumb/v7e-m+dp/hard/crtbegin.o

.rodata         0x08005768       0x18
                0x08005768                        . = ALIGN (0x4)
 *(.rodata)
 *(.rodata*)
 .rodata.AHBPrescTable
                0x08005768       0x10 ./Core/Src/system_stm32f7xx.o
                0x08005768                AHBPrescTable
 .rodata.APBPrescTable
                0x08005778        0x8 ./Core/Src/system_stm32f7xx.o
                0x08005778                APBPrescTable
                0x08005780                        . = ALIGN (0x4)

.ARM.extab      0x08005780        0x0
                0x08005780                        . = ALIGN (0x4)
 *(.ARM.extab* .gnu.linkonce.armextab.*)
                0x08005780                        . = ALIGN (0x4)

.ARM            0x08005780        0x8
                0x08005780                        . = ALIGN (0x4)
                0x08005780                        __exidx_start = .
 *(.ARM.exidx*)
 .ARM.exidx     0x08005780        0x8 C:/ST/STM32CubeIDE_1.19.0/STM32CubeIDE/plugins/com.st.stm32cube.ide.mcu.externaltools.gnu-tools-for-stm32.13.3.rel1.win32_1.0.0.202411081344/tools/bin/../lib/gcc/arm-none-eabi/13.3.1/thumb/v7e-m+dp/hard\libgcc.a(_udivmoddi4.o)
                0x08005788                        __exidx_end = .
                0x08005788                        . = ALIGN (0x4)

.preinit_array  0x08005788        0x0
                0x08005788                        . = ALIGN (0x4)
                0x08005788                        PROVIDE (__preinit_array_start = .)
 *(.preinit_array*)
                0x08005788                        PROVIDE (__preinit_array_end = .)
                0x08005788                        . = ALIGN (0x4)

.init_array     0x08005788        0x4
                0x08005788                        . = ALIGN (0x4)
                0x08005788                        PROVIDE (__init_array_start = .)
 *(SORT_BY_NAME(.init_array.*))
 *(.init_array*)
 .init_array    0x08005788        0x4 C:/ST/STM32CubeIDE_1.19.0/STM32CubeIDE/plugins/com.st.stm32cube.ide.mcu.externaltools.gnu-tools-for-stm32.13.3.rel1.win32_1.0.0.202411081344/tools/bin/../lib/gcc/arm-none-eabi/13.3.1/thumb/v7e-m+dp/hard/crtbegin.o
                0x0800578c                        PROVIDE (__init_array_end = .)
                0x0800578c                        . = ALIGN (0x4)

.fini_array     0x0800578c        0x4
                0x0800578c                        . = ALIGN (0x4)
                [!provide]                        PROVIDE (__fini_array_start = .)
 *(SORT_BY_NAME(.fini_array.*))
 *(.fini_array*)
 .fini_array    0x0800578c        0x4 C:/ST/STM32CubeIDE_1.19.0/STM32CubeIDE/plugins/com.st.stm32cube.ide.mcu.externaltools.gnu-tools-for-stm32.13.3.rel1.win32_1.0.0.202411081344/tools/bin/../lib/gcc/arm-none-eabi/13.3.1/thumb/v7e-m+dp/hard/crtbegin.o
                [!provide]                        PROVIDE (__fini_array_end = .)
                0x08005790                        . = ALIGN (0x4)
                0x08005790                        _sidata = LOADADDR (.data)

.rel.dyn        0x08005790        0x0
 .rel.iplt      0x08005790        0x0 C:/ST/STM32CubeIDE_1.19.0/STM32CubeIDE/plugins/com.st.stm32cube.ide.mcu.externaltools.gnu-tools-for-stm32.13.3.rel1.win32_1.0.0.202411081344/tools/bin/../lib/gcc/arm-none-eabi/13.3.1/thumb/v7e-m+dp/hard/crtbegin.o

.data           0x20000000        0xc load address 0x08005790
                0x20000000                        . = ALIGN (0x4)
                0x20000000                        _sdata = .
 *(.data)
 *(.data*)
 .data.SystemCoreClock
                0x20000000        0x4 ./Core/Src/system_stm32f7xx.o
                0x20000000                SystemCoreClock
 .data.uwTickPrio
                0x20000004        0x4 ./Drivers/STM32F7xx_HAL_Driver/Src/stm32f7xx_hal.o
                0x20000004                uwTickPrio
 .data.uwTickFreq
                0x20000008        0x1 ./Drivers/STM32F7xx_HAL_Driver/Src/stm32f7xx_hal.o
                0x20000008                uwTickFreq
 *(.RamFunc)
 *(.RamFunc*)
                0x2000000c                        . = ALIGN (0x4)
 *fill*         0x20000009        0x3 
                0x2000000c                        _edata = .

.igot.plt       0x2000000c        0x0 load address 0x0800579c
 .igot.plt      0x2000000c        0x0 C:/ST/STM32CubeIDE_1.19.0/STM32CubeIDE/plugins/com.st.stm32cube.ide.mcu.externaltools.gnu-tools-for-stm32.13.3.rel1.win32_1.0.0.202411081344/tools/bin/../lib/gcc/arm-none-eabi/13.3.1/thumb/v7e-m+dp/hard/crtbegin.o

.RxDecripSection
                0x2000000c       0xa0 load address 0x0800579c
 .RxDecripSection
                0x2000000c       0xa0 ./Core/Src/eth.o
                0x2000000c                DMARxDscrTab

.TxDecripSection
                0x200000ac       0xa0 load address 0x0800583c
 .TxDecripSection
                0x200000ac       0xa0 ./Core/Src/eth.o
                0x200000ac                DMATxDscrTab
                0x2000014c                        . = ALIGN (0x4)

.bss            0x2000014c      0x6c4 load address 0x080058dc
                0x2000014c                        _sbss = .
                0x2000014c                        __bss_start__ = _sbss
 *(.bss)
 .bss           0x2000014c       0x1c C:/ST/STM32CubeIDE_1.19.0/STM32CubeIDE/plugins/com.st.stm32cube.ide.mcu.externaltools.gnu-tools-for-stm32.13.3.rel1.win32_1.0.0.202411081344/tools/bin/../lib/gcc/arm-none-eabi/13.3.1/thumb/v7e-m+dp/hard/crtbegin.o
 *(.bss*)
 .bss.TxConfig  0x20000168       0x38 ./Core/Src/eth.o
                0x20000168                TxConfig
 .bss.heth      0x200001a0       0xb0 ./Core/Src/eth.o
                0x200001a0                heth
 .bss.MACAddr.0
                0x20000250        0x6 ./Core/Src/eth.o
 *fill*         0x20000256        0x2 
 .bss.htim2     0x20000258       0x4c ./Core/Src/tim.o
                0x20000258                htim2
 .bss.huart3    0x200002a4       0x88 ./Core/Src/usart.o
                0x200002a4                huart3
 .bss.hpcd_USB_OTG_FS
                0x2000032c      0x4e0 ./Core/Src/usb_otg.o
                0x2000032c                hpcd_USB_OTG_FS
 .bss.uwTick    0x2000080c        0x4 ./Drivers/STM32F7xx_HAL_Driver/Src/stm32f7xx_hal.o
                0x2000080c                uwTick
 *(COMMON)
                0x20000810                        . = ALIGN (0x4)
                0x20000810                        _ebss = .
                0x20000810                        __bss_end__ = _ebss

._user_heap_stack
                0x20000810      0x600 load address 0x080058dc
                0x20000810                        . = ALIGN (0x8)
                [!provide]                        PROVIDE (end = .)
                0x20000810                        PROVIDE (_end = .)
                0x20000a10                        . = (. + _Min_Heap_Size)
 *fill*         0x20000810      0x200 
                0x20000e10                        . = (. + _Min_Stack_Size)
 *fill*         0x20000a10      0x400 
                0x20000e10                        . = ALIGN (0x8)

/DISCARD/
 libc.a(*)
 libm.a(*)
 libgcc.a(*)

.ARM.attributes
                0x00000000       0x2e
 *(.ARM.attributes)
 .ARM.attributes
                0x00000000       0x20 C:/ST/STM32CubeIDE_1.19.0/STM32CubeIDE/plugins/com.st.stm32cube.ide.mcu.externaltools.gnu-tools-for-stm32.13.3.rel1.win32_1.0.0.202411081344/tools/bin/../lib/gcc/arm-none-eabi/13.3.1/thumb/v7e-m+dp/hard/crti.o
 .ARM.attributes
                0x00000020       0x32 C:/ST/STM32CubeIDE_1.19.0/STM32CubeIDE/plugins/com.st.stm32cube.ide.mcu.externaltools.gnu-tools-for-stm32.13.3.rel1.win32_1.0.0.202411081344/tools/bin/../lib/gcc/arm-none-eabi/13.3.1/thumb/v7e-m+dp/hard/crtbegin.o
 .ARM.attributes
                0x00000052       0x32 ./Core/Src/eth.o
 .ARM.attributes
                0x00000084       0x32 ./Core/Src/gpio.o
 .ARM.attributes
                0x000000b6       0x32 ./Core/Src/main.o
 .ARM.attributes
                0x000000e8       0x32 ./Core/Src/stm32f7xx_hal_msp.o
 .ARM.attributes
                0x0000011a       0x32 ./Core/Src/stm32f7xx_it.o
 .ARM.attributes
                0x0000014c       0x32 ./Core/Src/system_stm32f7xx.o
 .ARM.attributes
                0x0000017e       0x32 ./Core/Src/tim.o
 .ARM.attributes
                0x000001b0       0x32 ./Core/Src/usart.o
 .ARM.attributes
                0x000001e2       0x32 ./Core/Src/usb_otg.o
 .ARM.attributes
                0x00000214       0x21 ./Core/Startup/startup_stm32f767zitx.o
 .ARM.attributes
                0x00000235       0x32 ./Drivers/STM32F7xx_HAL_Driver/Src/stm32f7xx_hal.o
 .ARM.attributes
                0x00000267       0x32 ./Drivers/STM32F7xx_HAL_Driver/Src/stm32f7xx_hal_cortex.o
 .ARM.attributes
                0x00000299       0x32 ./Drivers/STM32F7xx_HAL_Driver/Src/stm32f7xx_hal_dma.o
 .ARM.attributes
                0x000002cb       0x32 ./Drivers/STM32F7xx_HAL_Driver/Src/stm32f7xx_hal_eth.o
 .ARM.attributes
                0x000002fd       0x32 ./Drivers/STM32F7xx_HAL_Driver/Src/stm32f7xx_hal_gpio.o
 .ARM.attributes
                0x0000032f       0x32 ./Drivers/STM32F7xx_HAL_Driver/Src/stm32f7xx_hal_pcd.o
 .ARM.attributes
                0x00000361       0x32 ./Drivers/STM32F7xx_HAL_Driver/Src/stm32f7xx_hal_pcd_ex.o
 .ARM.attributes
                0x00000393       0x32 ./Drivers/STM32F7xx_HAL_Driver/Src/stm32f7xx_hal_pwr.o
 .ARM.attributes
                0x000003c5       0x32 ./Drivers/STM32F7xx_HAL_Driver/Src/stm32f7xx_hal_pwr_ex.o
 .ARM.attributes
                0x000003f7       0x32 ./Drivers/STM32F7xx_HAL_Driver/Src/stm32f7xx_hal_rcc.o
 .ARM.attributes
                0x00000429       0x32 ./Drivers/STM32F7xx_HAL_Driver/Src/stm32f7xx_hal_rcc_ex.o
 .ARM.attributes
                0x0000045b       0x32 ./Drivers/STM32F7xx_HAL_Driver/Src/stm32f7xx_hal_tim.o
 .ARM.attributes
                0x0000048d       0x32 ./Drivers/STM32F7xx_HAL_Driver/Src/stm32f7xx_hal_tim_ex.o
 .ARM.attributes
                0x000004bf       0x32 ./Drivers/STM32F7xx_HAL_Driver/Src/stm32f7xx_hal_uart.o
 .ARM.attributes
                0x000004f1       0x32 ./Drivers/STM32F7xx_HAL_Driver/Src/stm32f7xx_ll_usb.o
 .ARM.attributes
                0x00000523       0x32 C:/ST/STM32CubeIDE_1.19.0/STM32CubeIDE/plugins/com.st.stm32cube.ide.mcu.externaltools.gnu-tools-for-stm32.13.3.rel1.win32_1.0.0.202411081344/tools/bin/../lib/gcc/arm-none-eabi/13.3.1/../../../../arm-none-eabi/lib/thumb/v7e-m+dp/hard\libc_nano.a(libc_a-memset.o)
 .ARM.attributes
                0x00000555       0x32 C:/ST/STM32CubeIDE_1.19.0/STM32CubeIDE/plugins/com.st.stm32cube.ide.mcu.externaltools.gnu-tools-for-stm32.13.3.rel1.win32_1.0.0.202411081344/tools/bin/../lib/gcc/arm-none-eabi/13.3.1/../../../../arm-none-eabi/lib/thumb/v7e-m+dp/hard\libc_nano.a(libc_a-init.o)
 .ARM.attributes
                0x00000587       0x20 C:/ST/STM32CubeIDE_1.19.0/STM32CubeIDE/plugins/com.st.stm32cube.ide.mcu.externaltools.gnu-tools-for-stm32.13.3.rel1.win32_1.0.0.202411081344/tools/bin/../lib/gcc/arm-none-eabi/13.3.1/thumb/v7e-m+dp/hard\libgcc.a(_aeabi_uldivmod.o)
 .ARM.attributes
                0x000005a7       0x32 C:/ST/STM32CubeIDE_1.19.0/STM32CubeIDE/plugins/com.st.stm32cube.ide.mcu.externaltools.gnu-tools-for-stm32.13.3.rel1.win32_1.0.0.202411081344/tools/bin/../lib/gcc/arm-none-eabi/13.3.1/thumb/v7e-m+dp/hard\libgcc.a(_udivmoddi4.o)
 .ARM.attributes
                0x000005d9       0x20 C:/ST/STM32CubeIDE_1.19.0/STM32CubeIDE/plugins/com.st.stm32cube.ide.mcu.externaltools.gnu-tools-for-stm32.13.3.rel1.win32_1.0.0.202411081344/tools/bin/../lib/gcc/arm-none-eabi/13.3.1/thumb/v7e-m+dp/hard\libgcc.a(_dvmd_tls.o)
 .ARM.attributes
                0x000005f9       0x20 C:/ST/STM32CubeIDE_1.19.0/STM32CubeIDE/plugins/com.st.stm32cube.ide.mcu.externaltools.gnu-tools-for-stm32.13.3.rel1.win32_1.0.0.202411081344/tools/bin/../lib/gcc/arm-none-eabi/13.3.1/thumb/v7e-m+dp/hard/crtn.o
OUTPUT(Lab_07_Update.elf elf32-littlearm)
LOAD linker stubs
LOAD C:/ST/STM32CubeIDE_1.19.0/STM32CubeIDE/plugins/com.st.stm32cube.ide.mcu.externaltools.gnu-tools-for-stm32.13.3.rel1.win32_1.0.0.202411081344/tools/bin/../lib/gcc/arm-none-eabi/13.3.1/../../../../arm-none-eabi/lib/thumb/v7e-m+dp/hard\libc.a
LOAD C:/ST/STM32CubeIDE_1.19.0/STM32CubeIDE/plugins/com.st.stm32cube.ide.mcu.externaltools.gnu-tools-for-stm32.13.3.rel1.win32_1.0.0.202411081344/tools/bin/../lib/gcc/arm-none-eabi/13.3.1/../../../../arm-none-eabi/lib/thumb/v7e-m+dp/hard\libm.a
LOAD C:/ST/STM32CubeIDE_1.19.0/STM32CubeIDE/plugins/com.st.stm32cube.ide.mcu.externaltools.gnu-tools-for-stm32.13.3.rel1.win32_1.0.0.202411081344/tools/bin/../lib/gcc/arm-none-eabi/13.3.1/thumb/v7e-m+dp/hard\libgcc.a

.debug_info     0x00000000    0x17383
 .debug_info    0x00000000      0xf78 ./Core/Src/eth.o
 .debug_info    0x00000f78      0x465 ./Core/Src/gpio.o
 .debug_info    0x000013dd      0x514 ./Core/Src/main.o
 .debug_info    0x000018f1      0x28d ./Core/Src/stm32f7xx_hal_msp.o
 .debug_info    0x00001b7e      0x71e ./Core/Src/stm32f7xx_it.o
 .debug_info    0x0000229c      0x6ed ./Core/Src/system_stm32f7xx.o
 .debug_info    0x00002989      0xc9d ./Core/Src/tim.o
 .debug_info    0x00003626      0xf92 ./Core/Src/usart.o
 .debug_info    0x000045b8      0xc1d ./Core/Src/usb_otg.o
 .debug_info    0x000051d5       0x30 ./Core/Startup/startup_stm32f767zitx.o
 .debug_info    0x00005205      0xa4c ./Drivers/STM32F7xx_HAL_Driver/Src/stm32f7xx_hal.o
 .debug_info    0x00005c51      0xfc0 ./Drivers/STM32F7xx_HAL_Driver/Src/stm32f7xx_hal_cortex.o
 .debug_info    0x00006c11      0x8e7 ./Drivers/STM32F7xx_HAL_Driver/Src/stm32f7xx_hal_dma.o
 .debug_info    0x000074f8     0x21b6 ./Drivers/STM32F7xx_HAL_Driver/Src/stm32f7xx_hal_eth.o
 .debug_info    0x000096ae      0x6f3 ./Drivers/STM32F7xx_HAL_Driver/Src/stm32f7xx_hal_gpio.o
 .debug_info    0x00009da1     0x1599 ./Drivers/STM32F7xx_HAL_Driver/Src/stm32f7xx_hal_pcd.o
 .debug_info    0x0000b33a      0x7a3 ./Drivers/STM32F7xx_HAL_Driver/Src/stm32f7xx_hal_pcd_ex.o
 .debug_info    0x0000badd      0x90e ./Drivers/STM32F7xx_HAL_Driver/Src/stm32f7xx_hal_pwr.o
 .debug_info    0x0000c3eb      0x8cd ./Drivers/STM32F7xx_HAL_Driver/Src/stm32f7xx_hal_pwr_ex.o
 .debug_info    0x0000ccb8      0x94b ./Drivers/STM32F7xx_HAL_Driver/Src/stm32f7xx_hal_rcc.o
 .debug_info    0x0000d603      0x6e1 ./Drivers/STM32F7xx_HAL_Driver/Src/stm32f7xx_hal_rcc_ex.o
 .debug_info    0x0000dce4     0x2ad5 ./Drivers/STM32F7xx_HAL_Driver/Src/stm32f7xx_hal_tim.o
 .debug_info    0x000107b9     0x16bb ./Drivers/STM32F7xx_HAL_Driver/Src/stm32f7xx_hal_tim_ex.o
 .debug_info    0x00011e74     0x3b13 ./Drivers/STM32F7xx_HAL_Driver/Src/stm32f7xx_hal_uart.o
 .debug_info    0x00015987     0x19fc ./Drivers/STM32F7xx_HAL_Driver/Src/stm32f7xx_ll_usb.o

.debug_abbrev   0x00000000     0x33d4
 .debug_abbrev  0x00000000      0x249 ./Core/Src/eth.o
 .debug_abbrev  0x00000249      0x152 ./Core/Src/gpio.o
 .debug_abbrev  0x0000039b      0x1f2 ./Core/Src/main.o
 .debug_abbrev  0x0000058d       0xd8 ./Core/Src/stm32f7xx_hal_msp.o
 .debug_abbrev  0x00000665      0x174 ./Core/Src/stm32f7xx_it.o
 .debug_abbrev  0x000007d9      0x13b ./Core/Src/system_stm32f7xx.o
 .debug_abbrev  0x00000914      0x224 ./Core/Src/tim.o
 .debug_abbrev  0x00000b38      0x218 ./Core/Src/usart.o
 .debug_abbrev  0x00000d50      0x230 ./Core/Src/usb_otg.o
 .debug_abbrev  0x00000f80       0x24 ./Core/Startup/startup_stm32f767zitx.o
 .debug_abbrev  0x00000fa4      0x213 ./Drivers/STM32F7xx_HAL_Driver/Src/stm32f7xx_hal.o
 .debug_abbrev  0x000011b7      0x31e ./Drivers/STM32F7xx_HAL_Driver/Src/stm32f7xx_hal_cortex.o
 .debug_abbrev  0x000014d5      0x264 ./Drivers/STM32F7xx_HAL_Driver/Src/stm32f7xx_hal_dma.o
 .debug_abbrev  0x00001739      0x35a ./Drivers/STM32F7xx_HAL_Driver/Src/stm32f7xx_hal_eth.o
 .debug_abbrev  0x00001a93      0x1d4 ./Drivers/STM32F7xx_HAL_Driver/Src/stm32f7xx_hal_gpio.o
 .debug_abbrev  0x00001c67      0x2ee ./Drivers/STM32F7xx_HAL_Driver/Src/stm32f7xx_hal_pcd.o
 .debug_abbrev  0x00001f55      0x1ca ./Drivers/STM32F7xx_HAL_Driver/Src/stm32f7xx_hal_pcd_ex.o
 .debug_abbrev  0x0000211f      0x1c5 ./Drivers/STM32F7xx_HAL_Driver/Src/stm32f7xx_hal_pwr.o
 .debug_abbrev  0x000022e4      0x1d5 ./Drivers/STM32F7xx_HAL_Driver/Src/stm32f7xx_hal_pwr_ex.o
 .debug_abbrev  0x000024b9      0x2de ./Drivers/STM32F7xx_HAL_Driver/Src/stm32f7xx_hal_rcc.o
 .debug_abbrev  0x00002797      0x1c9 ./Drivers/STM32F7xx_HAL_Driver/Src/stm32f7xx_hal_rcc_ex.o
 .debug_abbrev  0x00002960      0x278 ./Drivers/STM32F7xx_HAL_Driver/Src/stm32f7xx_hal_tim.o
 .debug_abbrev  0x00002bd8      0x283 ./Drivers/STM32F7xx_HAL_Driver/Src/stm32f7xx_hal_tim_ex.o
 .debug_abbrev  0x00002e5b      0x2e6 ./Drivers/STM32F7xx_HAL_Driver/Src/stm32f7xx_hal_uart.o
 .debug_abbrev  0x00003141      0x293 ./Drivers/STM32F7xx_HAL_Driver/Src/stm32f7xx_ll_usb.o

.debug_aranges  0x00000000     0x13b0
 .debug_aranges
                0x00000000       0x30 ./Core/Src/eth.o
 .debug_aranges
                0x00000030       0x20 ./Core/Src/gpio.o
 .debug_aranges
                0x00000050       0x30 ./Core/Src/main.o
 .debug_aranges
                0x00000080       0x20 ./Core/Src/stm32f7xx_hal_msp.o
 .debug_aranges
                0x000000a0       0x68 ./Core/Src/stm32f7xx_it.o
 .debug_aranges
                0x00000108       0x28 ./Core/Src/system_stm32f7xx.o
 .debug_aranges
                0x00000130       0x38 ./Core/Src/tim.o
 .debug_aranges
                0x00000168       0x30 ./Core/Src/usart.o
 .debug_aranges
                0x00000198       0x30 ./Core/Src/usb_otg.o
 .debug_aranges
                0x000001c8       0x28 ./Core/Startup/startup_stm32f767zitx.o
 .debug_aranges
                0x000001f0      0x110 ./Drivers/STM32F7xx_HAL_Driver/Src/stm32f7xx_hal.o
 .debug_aranges
                0x00000300      0x128 ./Drivers/STM32F7xx_HAL_Driver/Src/stm32f7xx_hal_cortex.o
 .debug_aranges
                0x00000428       0x90 ./Drivers/STM32F7xx_HAL_Driver/Src/stm32f7xx_hal_dma.o
 .debug_aranges
                0x000004b8      0x1e8 ./Drivers/STM32F7xx_HAL_Driver/Src/stm32f7xx_hal_eth.o
 .debug_aranges
                0x000006a0       0x58 ./Drivers/STM32F7xx_HAL_Driver/Src/stm32f7xx_hal_gpio.o
 .debug_aranges
                0x000006f8      0x148 ./Drivers/STM32F7xx_HAL_Driver/Src/stm32f7xx_hal_pcd.o
 .debug_aranges
                0x00000840       0x48 ./Drivers/STM32F7xx_HAL_Driver/Src/stm32f7xx_hal_pcd_ex.o
 .debug_aranges
                0x00000888       0xa0 ./Drivers/STM32F7xx_HAL_Driver/Src/stm32f7xx_hal_pwr.o
 .debug_aranges
                0x00000928       0x80 ./Drivers/STM32F7xx_HAL_Driver/Src/stm32f7xx_hal_pwr_ex.o
 .debug_aranges
                0x000009a8       0x88 ./Drivers/STM32F7xx_HAL_Driver/Src/stm32f7xx_hal_rcc.o
 .debug_aranges
                0x00000a30       0x50 ./Drivers/STM32F7xx_HAL_Driver/Src/stm32f7xx_hal_rcc_ex.o
 .debug_aranges
                0x00000a80      0x3e0 ./Drivers/STM32F7xx_HAL_Driver/Src/stm32f7xx_hal_tim.o
 .debug_aranges
                0x00000e60      0x180 ./Drivers/STM32F7xx_HAL_Driver/Src/stm32f7xx_hal_tim_ex.o
 .debug_aranges
                0x00000fe0      0x230 ./Drivers/STM32F7xx_HAL_Driver/Src/stm32f7xx_hal_uart.o
 .debug_aranges
                0x00001210      0x1a0 ./Drivers/STM32F7xx_HAL_Driver/Src/stm32f7xx_ll_usb.o

.debug_rnglists
                0x00000000      0xf47
 .debug_rnglists
                0x00000000       0x21 ./Core/Src/eth.o
 .debug_rnglists
                0x00000021       0x14 ./Core/Src/gpio.o
 .debug_rnglists
                0x00000035       0x20 ./Core/Src/main.o
 .debug_rnglists
                0x00000055       0x13 ./Core/Src/stm32f7xx_hal_msp.o
 .debug_rnglists
                0x00000068       0x49 ./Core/Src/stm32f7xx_it.o
 .debug_rnglists
                0x000000b1       0x1a ./Core/Src/system_stm32f7xx.o
 .debug_rnglists
                0x000000cb       0x27 ./Core/Src/tim.o
 .debug_rnglists
                0x000000f2       0x20 ./Core/Src/usart.o
 .debug_rnglists
                0x00000112       0x20 ./Core/Src/usb_otg.o
 .debug_rnglists
                0x00000132       0x19 ./Core/Startup/startup_stm32f767zitx.o
 .debug_rnglists
                0x0000014b       0xc7 ./Drivers/STM32F7xx_HAL_Driver/Src/stm32f7xx_hal.o
 .debug_rnglists
                0x00000212       0xda ./Drivers/STM32F7xx_HAL_Driver/Src/stm32f7xx_hal_cortex.o
 .debug_rnglists
                0x000002ec       0x70 ./Drivers/STM32F7xx_HAL_Driver/Src/stm32f7xx_hal_dma.o
 .debug_rnglists
                0x0000035c      0x183 ./Drivers/STM32F7xx_HAL_Driver/Src/stm32f7xx_hal_eth.o
 .debug_rnglists
                0x000004df       0x3f ./Drivers/STM32F7xx_HAL_Driver/Src/stm32f7xx_hal_gpio.o
 .debug_rnglists
                0x0000051e       0xfa ./Drivers/STM32F7xx_HAL_Driver/Src/stm32f7xx_hal_pcd.o
 .debug_rnglists
                0x00000618       0x32 ./Drivers/STM32F7xx_HAL_Driver/Src/stm32f7xx_hal_pcd_ex.o
 .debug_rnglists
                0x0000064a       0x74 ./Drivers/STM32F7xx_HAL_Driver/Src/stm32f7xx_hal_pwr.o
 .debug_rnglists
                0x000006be       0x5f ./Drivers/STM32F7xx_HAL_Driver/Src/stm32f7xx_hal_pwr_ex.o
 .debug_rnglists
                0x0000071d       0x67 ./Drivers/STM32F7xx_HAL_Driver/Src/stm32f7xx_hal_rcc.o
 .debug_rnglists
                0x00000784       0x3c ./Drivers/STM32F7xx_HAL_Driver/Src/stm32f7xx_hal_rcc_ex.o
 .debug_rnglists
                0x000007c0      0x328 ./Drivers/STM32F7xx_HAL_Driver/Src/stm32f7xx_hal_tim.o
 .debug_rnglists
                0x00000ae8      0x138 ./Drivers/STM32F7xx_HAL_Driver/Src/stm32f7xx_hal_tim_ex.o
 .debug_rnglists
                0x00000c20      0x1e0 ./Drivers/STM32F7xx_HAL_Driver/Src/stm32f7xx_hal_uart.o
 .debug_rnglists
                0x00000e00      0x147 ./Drivers/STM32F7xx_HAL_Driver/Src/stm32f7xx_ll_usb.o

.debug_macro    0x00000000    0x2a28f
 .debug_macro   0x00000000      0x2f8 ./Core/Src/eth.o
 .debug_macro   0x000002f8      0xaf0 ./Core/Src/eth.o
 .debug_macro   0x00000de8      0x29f ./Core/Src/eth.o
 .debug_macro   0x00001087       0x2e ./Core/Src/eth.o
 .debug_macro   0x000010b5       0x3b ./Core/Src/eth.o
 .debug_macro   0x000010f0       0x22 ./Core/Src/eth.o
 .debug_macro   0x00001112       0x8e ./Core/Src/eth.o
 .debug_macro   0x000011a0       0x51 ./Core/Src/eth.o
 .debug_macro   0x000011f1      0x103 ./Core/Src/eth.o
 .debug_macro   0x000012f4       0x6a ./Core/Src/eth.o
 .debug_macro   0x0000135e      0x1df ./Core/Src/eth.o
 .debug_macro   0x0000153d       0x1c ./Core/Src/eth.o
 .debug_macro   0x00001559       0x22 ./Core/Src/eth.o
 .debug_macro   0x0000157b       0xd9 ./Core/Src/eth.o
 .debug_macro   0x00001654     0x12cd ./Core/Src/eth.o
 .debug_macro   0x00002921      0x11f ./Core/Src/eth.o
 .debug_macro   0x00002a40       0x19 ./Core/Src/eth.o
 .debug_macro   0x00002a59    0x1aa23 ./Core/Src/eth.o
 .debug_macro   0x0001d47c       0x6d ./Core/Src/eth.o
 .debug_macro   0x0001d4e9     0x375e ./Core/Src/eth.o
 .debug_macro   0x00020c47      0x190 ./Core/Src/eth.o
 .debug_macro   0x00020dd7       0x63 ./Core/Src/eth.o
 .debug_macro   0x00020e3a     0x1add ./Core/Src/eth.o
 .debug_macro   0x00022917      0x6c4 ./Core/Src/eth.o
 .debug_macro   0x00022fdb      0x18b ./Core/Src/eth.o
 .debug_macro   0x00023166      0x115 ./Core/Src/eth.o
 .debug_macro   0x0002327b      0x26e ./Core/Src/eth.o
 .debug_macro   0x000234e9       0xa5 ./Core/Src/eth.o
 .debug_macro   0x0002358e      0x24f ./Core/Src/eth.o
 .debug_macro   0x000237dd       0x71 ./Core/Src/eth.o
 .debug_macro   0x0002384e       0x58 ./Core/Src/eth.o
 .debug_macro   0x000238a6      0x236 ./Core/Src/eth.o
 .debug_macro   0x00023adc      0xb99 ./Core/Src/eth.o
 .debug_macro   0x00024675      0x14e ./Core/Src/eth.o
 .debug_macro   0x000247c3      0x3db ./Core/Src/eth.o
 .debug_macro   0x00024b9e       0x12 ./Core/Src/eth.o
 .debug_macro   0x00024bb0      0x22c ./Core/Src/eth.o
 .debug_macro   0x00024ddc       0x61 ./Core/Src/eth.o
 .debug_macro   0x00024e3d       0xa5 ./Core/Src/eth.o
 .debug_macro   0x00024ee2      0x12e ./Core/Src/eth.o
 .debug_macro   0x00025010      0x108 ./Core/Src/eth.o
 .debug_macro   0x00025118       0x35 ./Core/Src/eth.o
 .debug_macro   0x0002514d      0xa91 ./Core/Src/eth.o
 .debug_macro   0x00025bde       0xa9 ./Core/Src/eth.o
 .debug_macro   0x00025c87      0x5ba ./Core/Src/eth.o
 .debug_macro   0x00026241       0x44 ./Core/Src/eth.o
 .debug_macro   0x00026285      0x2cb ./Core/Src/eth.o
 .debug_macro   0x00026550       0xba ./Core/Src/eth.o
 .debug_macro   0x0002660a      0x15b ./Core/Src/eth.o
 .debug_macro   0x00026765      0x13c ./Core/Src/eth.o
 .debug_macro   0x000268a1       0x61 ./Core/Src/eth.o
 .debug_macro   0x00026902       0x29 ./Core/Src/eth.o
 .debug_macro   0x0002692b       0x43 ./Core/Src/eth.o
 .debug_macro   0x0002696e       0x34 ./Core/Src/eth.o
 .debug_macro   0x000269a2      0x370 ./Core/Src/eth.o
 .debug_macro   0x00026d12       0x16 ./Core/Src/eth.o
 .debug_macro   0x00026d28       0x4a ./Core/Src/eth.o
 .debug_macro   0x00026d72       0x34 ./Core/Src/eth.o
 .debug_macro   0x00026da6       0x10 ./Core/Src/eth.o
 .debug_macro   0x00026db6       0x58 ./Core/Src/eth.o
 .debug_macro   0x00026e0e       0x8e ./Core/Src/eth.o
 .debug_macro   0x00026e9c       0x1c ./Core/Src/eth.o
 .debug_macro   0x00026eb8      0x185 ./Core/Src/eth.o
 .debug_macro   0x0002703d       0x10 ./Core/Src/eth.o
 .debug_macro   0x0002704d       0x3c ./Core/Src/eth.o
 .debug_macro   0x00027089       0x20 ./Core/Src/eth.o
 .debug_macro   0x000270a9      0x22a ./Core/Src/gpio.o
 .debug_macro   0x000272d3      0x256 ./Core/Src/main.o
 .debug_macro   0x00027529      0x220 ./Core/Src/stm32f7xx_hal_msp.o
 .debug_macro   0x00027749      0x22a ./Core/Src/stm32f7xx_it.o
 .debug_macro   0x00027973      0x211 ./Core/Src/system_stm32f7xx.o
 .debug_macro   0x00027b84      0x22a ./Core/Src/tim.o
 .debug_macro   0x00027dae      0x22a ./Core/Src/usart.o
 .debug_macro   0x00027fd8      0x22a ./Core/Src/usb_otg.o
 .debug_macro   0x00028202      0x235 ./Drivers/STM32F7xx_HAL_Driver/Src/stm32f7xx_hal.o
 .debug_macro   0x00028437      0x211 ./Drivers/STM32F7xx_HAL_Driver/Src/stm32f7xx_hal_cortex.o
 .debug_macro   0x00028648      0x217 ./Drivers/STM32F7xx_HAL_Driver/Src/stm32f7xx_hal_dma.o
 .debug_macro   0x0002885f      0x2eb ./Drivers/STM32F7xx_HAL_Driver/Src/stm32f7xx_hal_eth.o
 .debug_macro   0x00028b4a      0x217 ./Drivers/STM32F7xx_HAL_Driver/Src/stm32f7xx_hal_gpio.o
 .debug_macro   0x00028d61      0x21d ./Drivers/STM32F7xx_HAL_Driver/Src/stm32f7xx_hal_pcd.o
 .debug_macro   0x00028f7e      0x211 ./Drivers/STM32F7xx_HAL_Driver/Src/stm32f7xx_hal_pcd_ex.o
 .debug_macro   0x0002918f      0x22f ./Drivers/STM32F7xx_HAL_Driver/Src/stm32f7xx_hal_pwr.o
 .debug_macro   0x000293be      0x229 ./Drivers/STM32F7xx_HAL_Driver/Src/stm32f7xx_hal_pwr_ex.o
 .debug_macro   0x000295e7      0x235 ./Drivers/STM32F7xx_HAL_Driver/Src/stm32f7xx_hal_rcc.o
 .debug_macro   0x0002981c      0x211 ./Drivers/STM32F7xx_HAL_Driver/Src/stm32f7xx_hal_rcc_ex.o
 .debug_macro   0x00029a2d      0x212 ./Drivers/STM32F7xx_HAL_Driver/Src/stm32f7xx_hal_tim.o
 .debug_macro   0x00029c3f      0x211 ./Drivers/STM32F7xx_HAL_Driver/Src/stm32f7xx_hal_tim_ex.o
 .debug_macro   0x00029e50      0x22e ./Drivers/STM32F7xx_HAL_Driver/Src/stm32f7xx_hal_uart.o
 .debug_macro   0x0002a07e      0x211 ./Drivers/STM32F7xx_HAL_Driver/Src/stm32f7xx_ll_usb.o

.debug_line     0x00000000    0x1947a
 .debug_line    0x00000000      0x9e3 ./Core/Src/eth.o
 .debug_line    0x000009e3      0x803 ./Core/Src/gpio.o
 .debug_line    0x000011e6      0x886 ./Core/Src/main.o
 .debug_line    0x00001a6c      0x7cf ./Core/Src/stm32f7xx_hal_msp.o
 .debug_line    0x0000223b      0x896 ./Core/Src/stm32f7xx_it.o
 .debug_line    0x00002ad1      0x843 ./Core/Src/system_stm32f7xx.o
 .debug_line    0x00003314      0x8d0 ./Core/Src/tim.o
 .debug_line    0x00003be4      0x85c ./Core/Src/usart.o
 .debug_line    0x00004440      0x868 ./Core/Src/usb_otg.o
 .debug_line    0x00004ca8       0x7a ./Core/Startup/startup_stm32f767zitx.o
 .debug_line    0x00004d22      0xb26 ./Drivers/STM32F7xx_HAL_Driver/Src/stm32f7xx_hal.o
 .debug_line    0x00005848      0xd76 ./Drivers/STM32F7xx_HAL_Driver/Src/stm32f7xx_hal_cortex.o
 .debug_line    0x000065be     0x1043 ./Drivers/STM32F7xx_HAL_Driver/Src/stm32f7xx_hal_dma.o
 .debug_line    0x00007601     0x1ad6 ./Drivers/STM32F7xx_HAL_Driver/Src/stm32f7xx_hal_eth.o
 .debug_line    0x000090d7      0xc50 ./Drivers/STM32F7xx_HAL_Driver/Src/stm32f7xx_hal_gpio.o
 .debug_line    0x00009d27     0x14ca ./Drivers/STM32F7xx_HAL_Driver/Src/stm32f7xx_hal_pcd.o
 .debug_line    0x0000b1f1      0x8e1 ./Drivers/STM32F7xx_HAL_Driver/Src/stm32f7xx_hal_pcd_ex.o
 .debug_line    0x0000bad2      0x9f6 ./Drivers/STM32F7xx_HAL_Driver/Src/stm32f7xx_hal_pwr.o
 .debug_line    0x0000c4c8      0xac6 ./Drivers/STM32F7xx_HAL_Driver/Src/stm32f7xx_hal_pwr_ex.o
 .debug_line    0x0000cf8e     0x102d ./Drivers/STM32F7xx_HAL_Driver/Src/stm32f7xx_hal_rcc.o
 .debug_line    0x0000dfbb      0xf79 ./Drivers/STM32F7xx_HAL_Driver/Src/stm32f7xx_hal_rcc_ex.o
 .debug_line    0x0000ef34     0x3d91 ./Drivers/STM32F7xx_HAL_Driver/Src/stm32f7xx_hal_tim.o
 .debug_line    0x00012cc5     0x1bfc ./Drivers/STM32F7xx_HAL_Driver/Src/stm32f7xx_hal_tim_ex.o
 .debug_line    0x000148c1     0x2de2 ./Drivers/STM32F7xx_HAL_Driver/Src/stm32f7xx_hal_uart.o
 .debug_line    0x000176a3     0x1dd7 ./Drivers/STM32F7xx_HAL_Driver/Src/stm32f7xx_ll_usb.o

.debug_str      0x00000000   0x1037d0
 .debug_str     0x00000000   0x1037d0 ./Core/Src/eth.o
                              0xfd4df (size before relaxing)
 .debug_str     0x001037d0    0xf9c19 ./Core/Src/gpio.o
 .debug_str     0x001037d0    0xf9dbb ./Core/Src/main.o
 .debug_str     0x001037d0    0xf9b4e ./Core/Src/stm32f7xx_hal_msp.o
 .debug_str     0x001037d0    0xf9f93 ./Core/Src/stm32f7xx_it.o
 .debug_str     0x001037d0    0xf97df ./Core/Src/system_stm32f7xx.o
 .debug_str     0x001037d0    0xfa390 ./Core/Src/tim.o
 .debug_str     0x001037d0    0xfaa5d ./Core/Src/usart.o
 .debug_str     0x001037d0    0xfa367 ./Core/Src/usb_otg.o
 .debug_str     0x001037d0       0x7d ./Core/Startup/startup_stm32f767zitx.o
 .debug_str     0x001037d0    0xfa21f ./Drivers/STM32F7xx_HAL_Driver/Src/stm32f7xx_hal.o
 .debug_str     0x001037d0    0xfa201 ./Drivers/STM32F7xx_HAL_Driver/Src/stm32f7xx_hal_cortex.o
 .debug_str     0x001037d0    0xf9b1e ./Drivers/STM32F7xx_HAL_Driver/Src/stm32f7xx_hal_dma.o
 .debug_str     0x001037d0    0xfb01b ./Drivers/STM32F7xx_HAL_Driver/Src/stm32f7xx_hal_eth.o
 .debug_str     0x001037d0    0xf989d ./Drivers/STM32F7xx_HAL_Driver/Src/stm32f7xx_hal_gpio.o
 .debug_str     0x001037d0    0xfa218 ./Drivers/STM32F7xx_HAL_Driver/Src/stm32f7xx_hal_pcd.o
 .debug_str     0x001037d0    0xf9b1a ./Drivers/STM32F7xx_HAL_Driver/Src/stm32f7xx_hal_pcd_ex.o
 .debug_str     0x001037d0    0xf9a80 ./Drivers/STM32F7xx_HAL_Driver/Src/stm32f7xx_hal_pwr.o
 .debug_str     0x001037d0    0xf9a4e ./Drivers/STM32F7xx_HAL_Driver/Src/stm32f7xx_hal_pwr_ex.o
 .debug_str     0x001037d0    0xf9b5a ./Drivers/STM32F7xx_HAL_Driver/Src/stm32f7xx_hal_rcc.o
 .debug_str     0x001037d0    0xf9abd ./Drivers/STM32F7xx_HAL_Driver/Src/stm32f7xx_hal_rcc_ex.o
 .debug_str     0x001037d0    0xfab02 ./Drivers/STM32F7xx_HAL_Driver/Src/stm32f7xx_hal_tim.o
 .debug_str     0x001037d0    0xfa408 ./Drivers/STM32F7xx_HAL_Driver/Src/stm32f7xx_hal_tim_ex.o
 .debug_str     0x001037d0    0xfa4a8 ./Drivers/STM32F7xx_HAL_Driver/Src/stm32f7xx_hal_uart.o
 .debug_str     0x001037d0    0xfa0f5 ./Drivers/STM32F7xx_HAL_Driver/Src/stm32f7xx_ll_usb.o

.comment        0x00000000       0x43
 .comment       0x00000000       0x43 ./Core/Src/eth.o
                                 0x44 (size before relaxing)
 .comment       0x00000043       0x44 ./Core/Src/gpio.o
 .comment       0x00000043       0x44 ./Core/Src/main.o
 .comment       0x00000043       0x44 ./Core/Src/stm32f7xx_hal_msp.o
 .comment       0x00000043       0x44 ./Core/Src/stm32f7xx_it.o
 .comment       0x00000043       0x44 ./Core/Src/system_stm32f7xx.o
 .comment       0x00000043       0x44 ./Core/Src/tim.o
 .comment       0x00000043       0x44 ./Core/Src/usart.o
 .comment       0x00000043       0x44 ./Core/Src/usb_otg.o
 .comment       0x00000043       0x44 ./Drivers/STM32F7xx_HAL_Driver/Src/stm32f7xx_hal.o
 .comment       0x00000043       0x44 ./Drivers/STM32F7xx_HAL_Driver/Src/stm32f7xx_hal_cortex.o
 .comment       0x00000043       0x44 ./Drivers/STM32F7xx_HAL_Driver/Src/stm32f7xx_hal_dma.o
 .comment       0x00000043       0x44 ./Drivers/STM32F7xx_HAL_Driver/Src/stm32f7xx_hal_eth.o
 .comment       0x00000043       0x44 ./Drivers/STM32F7xx_HAL_Driver/Src/stm32f7xx_hal_gpio.o
 .comment       0x00000043       0x44 ./Drivers/STM32F7xx_HAL_Driver/Src/stm32f7xx_hal_pcd.o
 .comment       0x00000043       0x44 ./Drivers/STM32F7xx_HAL_Driver/Src/stm32f7xx_hal_pcd_ex.o
 .comment       0x00000043       0x44 ./Drivers/STM32F7xx_HAL_Driver/Src/stm32f7xx_hal_pwr.o
 .comment       0x00000043       0x44 ./Drivers/STM32F7xx_HAL_Driver/Src/stm32f7xx_hal_pwr_ex.o
 .comment       0x00000043       0x44 ./Drivers/STM32F7xx_HAL_Driver/Src/stm32f7xx_hal_rcc.o
 .comment       0x00000043       0x44 ./Drivers/STM32F7xx_HAL_Driver/Src/stm32f7xx_hal_rcc_ex.o
 .comment       0x00000043       0x44 ./Drivers/STM32F7xx_HAL_Driver/Src/stm32f7xx_hal_tim.o
 .comment       0x00000043       0x44 ./Drivers/STM32F7xx_HAL_Driver/Src/stm32f7xx_hal_tim_ex.o
 .comment       0x00000043       0x44 ./Drivers/STM32F7xx_HAL_Driver/Src/stm32f7xx_hal_uart.o
 .comment       0x00000043       0x44 ./Drivers/STM32F7xx_HAL_Driver/Src/stm32f7xx_ll_usb.o

.debug_frame    0x00000000     0x52bc
 .debug_frame   0x00000000       0x74 ./Core/Src/eth.o
 .debug_frame   0x00000074       0x34 ./Core/Src/gpio.o
 .debug_frame   0x000000a8       0x68 ./Core/Src/main.o
 .debug_frame   0x00000110       0x38 ./Core/Src/stm32f7xx_hal_msp.o
 .debug_frame   0x00000148      0x120 ./Core/Src/stm32f7xx_it.o
 .debug_frame   0x00000268       0x58 ./Core/Src/system_stm32f7xx.o
 .debug_frame   0x000002c0       0xa8 ./Core/Src/tim.o
 .debug_frame   0x00000368       0x78 ./Core/Src/usart.o
 .debug_frame   0x000003e0       0x78 ./Core/Src/usb_otg.o
 .debug_frame   0x00000458      0x3f4 ./Drivers/STM32F7xx_HAL_Driver/Src/stm32f7xx_hal.o
 .debug_frame   0x0000084c      0x4e8 ./Drivers/STM32F7xx_HAL_Driver/Src/stm32f7xx_hal_cortex.o
 .debug_frame   0x00000d34      0x250 ./Drivers/STM32F7xx_HAL_Driver/Src/stm32f7xx_hal_dma.o
 .debug_frame   0x00000f84      0x8c0 ./Drivers/STM32F7xx_HAL_Driver/Src/stm32f7xx_hal_eth.o
 .debug_frame   0x00001844      0x14c ./Drivers/STM32F7xx_HAL_Driver/Src/stm32f7xx_hal_gpio.o
 .debug_frame   0x00001990      0x5b8 ./Drivers/STM32F7xx_HAL_Driver/Src/stm32f7xx_hal_pcd.o
 .debug_frame   0x00001f48      0x100 ./Drivers/STM32F7xx_HAL_Driver/Src/stm32f7xx_hal_pcd_ex.o
 .debug_frame   0x00002048      0x254 ./Drivers/STM32F7xx_HAL_Driver/Src/stm32f7xx_hal_pwr.o
 .debug_frame   0x0000229c      0x1c8 ./Drivers/STM32F7xx_HAL_Driver/Src/stm32f7xx_hal_pwr_ex.o
 .debug_frame   0x00002464      0x1f8 ./Drivers/STM32F7xx_HAL_Driver/Src/stm32f7xx_hal_rcc.o
 .debug_frame   0x0000265c      0x118 ./Drivers/STM32F7xx_HAL_Driver/Src/stm32f7xx_hal_rcc_ex.o
 .debug_frame   0x00002774     0x121c ./Drivers/STM32F7xx_HAL_Driver/Src/stm32f7xx_hal_tim.o
 .debug_frame   0x00003990      0x6b0 ./Drivers/STM32F7xx_HAL_Driver/Src/stm32f7xx_hal_tim_ex.o
 .debug_frame   0x00004040      0xa10 ./Drivers/STM32F7xx_HAL_Driver/Src/stm32f7xx_hal_uart.o
 .debug_frame   0x00004a50      0x7c0 ./Drivers/STM32F7xx_HAL_Driver/Src/stm32f7xx_ll_usb.o
 .debug_frame   0x00005210       0x20 C:/ST/STM32CubeIDE_1.19.0/STM32CubeIDE/plugins/com.st.stm32cube.ide.mcu.externaltools.gnu-tools-for-stm32.13.3.rel1.win32_1.0.0.202411081344/tools/bin/../lib/gcc/arm-none-eabi/13.3.1/../../../../arm-none-eabi/lib/thumb/v7e-m+dp/hard\libc_nano.a(libc_a-memset.o)
 .debug_frame   0x00005230       0x2c C:/ST/STM32CubeIDE_1.19.0/STM32CubeIDE/plugins/com.st.stm32cube.ide.mcu.externaltools.gnu-tools-for-stm32.13.3.rel1.win32_1.0.0.202411081344/tools/bin/../lib/gcc/arm-none-eabi/13.3.1/../../../../arm-none-eabi/lib/thumb/v7e-m+dp/hard\libc_nano.a(libc_a-init.o)
 .debug_frame   0x0000525c       0x2c C:/ST/STM32CubeIDE_1.19.0/STM32CubeIDE/plugins/com.st.stm32cube.ide.mcu.externaltools.gnu-tools-for-stm32.13.3.rel1.win32_1.0.0.202411081344/tools/bin/../lib/gcc/arm-none-eabi/13.3.1/thumb/v7e-m+dp/hard\libgcc.a(_aeabi_uldivmod.o)
 .debug_frame   0x00005288       0x34 C:/ST/STM32CubeIDE_1.19.0/STM32CubeIDE/plugins/com.st.stm32cube.ide.mcu.externaltools.gnu-tools-for-stm32.13.3.rel1.win32_1.0.0.202411081344/tools/bin/../lib/gcc/arm-none-eabi/13.3.1/thumb/v7e-m+dp/hard\libgcc.a(_udivmoddi4.o)

.debug_line_str
                0x00000000       0x61
 .debug_line_str
                0x00000000       0x61 ./Core/Startup/startup_stm32f767zitx.o
