2025-09-14 00:40:32,498 [WARN] IP:2250 - Warning not found: check if there is a RefParameter without a condition.
2025-09-14 00:40:32,528 [WARN] IP:2250 - RxBufferAddress not found: check if there is a RefParameter without a condition.
2025-09-14 00:40:32,528 [WARN] IP:2250 - DESC_SIZE_UNIT not found: check if there is a RefParameter without a condition.
2025-09-14 00:40:32,529 [WARN] IP:2250 - Warning not found: check if there is a RefParameter without a condition.
2025-09-14 00:40:32,529 [WARN] IP:2250 - RxBufferAddress not found: check if there is a RefParameter without a condition.
2025-09-14 00:40:32,529 [WARN] IP:2250 - DESC_SIZE_UNIT not found: check if there is a RefParameter without a condition.
2025-09-14 00:40:32,636 [WARN] IP:2250 - Warning not found: check if there is a RefParameter without a condition.
2025-09-14 00:40:32,637 [WARN] IP:2250 - RxBufferAddress not found: check if there is a RefParameter without a condition.
2025-09-14 00:40:32,637 [WARN] IP:2250 - DESC_SIZE_UNIT not found: check if there is a RefParameter without a condition.
2025-09-14 00:40:32,730 [WARN] IP:2250 - Warning not found: check if there is a RefParameter without a condition.
2025-09-14 00:40:32,731 [WARN] IP:2250 - RxBufferAddress not found: check if there is a RefParameter without a condition.
2025-09-14 00:40:32,731 [WARN] IP:2250 - DESC_SIZE_UNIT not found: check if there is a RefParameter without a condition.
2025-09-14 00:43:18,825 [WARN] IP:2250 - Warning not found: check if there is a RefParameter without a condition.
2025-09-14 00:43:18,825 [WARN] IP:2250 - RxBufferAddress not found: check if there is a RefParameter without a condition.
2025-09-14 00:43:18,826 [WARN] IP:2250 - DESC_SIZE_UNIT not found: check if there is a RefParameter without a condition.
2025-09-14 00:43:18,826 [WARN] IP:2250 - Warning not found: check if there is a RefParameter without a condition.
2025-09-14 00:43:18,826 [WARN] IP:2250 - RxBufferAddress not found: check if there is a RefParameter without a condition.
2025-09-14 00:43:18,827 [WARN] IP:2250 - DESC_SIZE_UNIT not found: check if there is a RefParameter without a condition.
2025-09-14 00:43:18,926 [WARN] IP:2250 - Warning not found: check if there is a RefParameter without a condition.
2025-09-14 00:43:18,926 [WARN] IP:2250 - RxBufferAddress not found: check if there is a RefParameter without a condition.
2025-09-14 00:43:18,927 [WARN] IP:2250 - DESC_SIZE_UNIT not found: check if there is a RefParameter without a condition.
2025-09-14 00:43:19,032 [WARN] IP:2250 - Warning not found: check if there is a RefParameter without a condition.
2025-09-14 00:43:19,033 [WARN] IP:2250 - RxBufferAddress not found: check if there is a RefParameter without a condition.
2025-09-14 00:43:19,034 [WARN] IP:2250 - DESC_SIZE_UNIT not found: check if there is a RefParameter without a condition.
2025-09-14 00:43:39,709 [INFO] UtilMem:75 - End SaveConfig() Used Memory: 898198440 Bytes (1073741824)
2025-09-14 00:43:41,690 [INFO] UtilMem:75 - End SaveConfig() Used Memory: 373459176 Bytes (1073741824)
2025-09-14 00:43:42,164 [INFO] BlockDiagram:2775 - set Specific Code input for plugin: TIM1_8F77
2025-09-14 00:43:42,164 [INFO] BlockDiagram:2775 - set Specific Code input for plugin: SYS
2025-09-14 00:43:42,164 [INFO] BlockDiagram:2775 - set Specific Code input for plugin: RCC
2025-09-14 00:43:42,165 [INFO] BlockDiagram:2775 - set Specific Code input for plugin: USB_OTG_FS
2025-09-14 00:43:42,165 [INFO] BlockDiagram:2775 - set Specific Code input for plugin: NVIC
2025-09-14 00:43:42,165 [INFO] BlockDiagram:2775 - set Specific Code input for plugin: USART
2025-09-14 00:43:42,166 [INFO] BlockDiagram:2775 - set Specific Code input for plugin: GPIO
2025-09-14 00:43:42,166 [INFO] BlockDiagram:2775 - set Specific Code input for plugin: ETH
2025-09-14 00:43:42,168 [INFO] CodeGenerator:892 - code generatio: config db path: C:\ST\STM32CubeIDE_1.19.0\STM32CubeIDE\plugins\com.st.stm32cube.common.mx_6.15.0.202507011659\\db\
2025-09-14 00:43:42,173 [WARN] IP:2250 - Warning not found: check if there is a RefParameter without a condition.
2025-09-14 00:43:42,173 [WARN] IP:2250 - RxBufferAddress not found: check if there is a RefParameter without a condition.
2025-09-14 00:43:42,174 [WARN] IP:2250 - DESC_SIZE_UNIT not found: check if there is a RefParameter without a condition.
2025-09-14 00:43:42,323 [INFO] CodeEngine:265 - oldGeneratedFile, C:\Users\USERIT\STM32CubeIDE\MAD_Lab\Lab_07_Update\MXTmpFiles\license.tmp_save
2025-09-14 00:43:42,628 [INFO] CodeEngine:289 - Generated code: C:\Users\USERIT\STM32CubeIDE\MAD_Lab\Lab_07_Update\MXTmpFiles\license.tmp
2025-09-14 00:43:42,732 [INFO] CodeEngine:265 - oldGeneratedFile, C:\Users\USERIT\STM32CubeIDE\MAD_Lab\Lab_07_Update\Core\Src\gpio.c_save
2025-09-14 00:43:42,922 [INFO] CodeEngine:289 - Generated code: C:\Users\USERIT\STM32CubeIDE\MAD_Lab\Lab_07_Update\Core\Src\gpio.c
2025-09-14 00:43:42,932 [INFO] CodeEngine:265 - oldGeneratedFile, C:\Users\USERIT\STM32CubeIDE\MAD_Lab\Lab_07_Update\Core\Inc\gpio.h_save
2025-09-14 00:43:43,043 [INFO] CodeEngine:289 - Generated code: C:\Users\USERIT\STM32CubeIDE\MAD_Lab\Lab_07_Update\Core\Inc\gpio.h
2025-09-14 00:43:43,489 [WARN] IPConfigManager:3238 - Warning: the RefConfig PWREx_EnableUSBVoltageDetector is not available in your config.xml file
2025-09-14 00:43:43,513 [INFO] CodeEngine:265 - oldGeneratedFile, C:\Users\USERIT\STM32CubeIDE\MAD_Lab\Lab_07_Update\MXTmpFiles\cortex.tmp_save
2025-09-14 00:43:43,678 [INFO] CodeEngine:289 - Generated code: C:\Users\USERIT\STM32CubeIDE\MAD_Lab\Lab_07_Update\MXTmpFiles\cortex.tmp
2025-09-14 00:43:43,696 [INFO] CodeEngine:265 - oldGeneratedFile, C:\Users\USERIT\STM32CubeIDE\MAD_Lab\Lab_07_Update\Core\Src\eth.c_save
2025-09-14 00:43:43,889 [INFO] CodeEngine:289 - Generated code: C:\Users\USERIT\STM32CubeIDE\MAD_Lab\Lab_07_Update\Core\Src\eth.c
2025-09-14 00:43:43,898 [INFO] CodeEngine:265 - oldGeneratedFile, C:\Users\USERIT\STM32CubeIDE\MAD_Lab\Lab_07_Update\Core\Inc\eth.h_save
2025-09-14 00:43:43,981 [INFO] CodeEngine:289 - Generated code: C:\Users\USERIT\STM32CubeIDE\MAD_Lab\Lab_07_Update\Core\Inc\eth.h
2025-09-14 00:43:43,996 [INFO] CodeEngine:265 - oldGeneratedFile, C:\Users\USERIT\STM32CubeIDE\MAD_Lab\Lab_07_Update\Core\Src\tim.c_save
2025-09-14 00:43:44,214 [INFO] CodeEngine:289 - Generated code: C:\Users\USERIT\STM32CubeIDE\MAD_Lab\Lab_07_Update\Core\Src\tim.c
2025-09-14 00:43:44,223 [INFO] CodeEngine:265 - oldGeneratedFile, C:\Users\USERIT\STM32CubeIDE\MAD_Lab\Lab_07_Update\Core\Inc\tim.h_save
2025-09-14 00:43:44,305 [INFO] CodeEngine:289 - Generated code: C:\Users\USERIT\STM32CubeIDE\MAD_Lab\Lab_07_Update\Core\Inc\tim.h
2025-09-14 00:43:44,321 [INFO] CodeEngine:265 - oldGeneratedFile, C:\Users\USERIT\STM32CubeIDE\MAD_Lab\Lab_07_Update\Core\Src\usart.c_save
2025-09-14 00:43:44,514 [INFO] CodeEngine:289 - Generated code: C:\Users\USERIT\STM32CubeIDE\MAD_Lab\Lab_07_Update\Core\Src\usart.c
2025-09-14 00:43:44,522 [INFO] CodeEngine:265 - oldGeneratedFile, C:\Users\USERIT\STM32CubeIDE\MAD_Lab\Lab_07_Update\Core\Inc\usart.h_save
2025-09-14 00:43:44,597 [INFO] CodeEngine:289 - Generated code: C:\Users\USERIT\STM32CubeIDE\MAD_Lab\Lab_07_Update\Core\Inc\usart.h
2025-09-14 00:43:44,615 [INFO] CodeEngine:265 - oldGeneratedFile, C:\Users\USERIT\STM32CubeIDE\MAD_Lab\Lab_07_Update\Core\Src\usb_otg.c_save
2025-09-14 00:43:44,766 [INFO] CodeEngine:289 - Generated code: C:\Users\USERIT\STM32CubeIDE\MAD_Lab\Lab_07_Update\Core\Src\usb_otg.c
2025-09-14 00:43:44,773 [INFO] CodeEngine:265 - oldGeneratedFile, C:\Users\USERIT\STM32CubeIDE\MAD_Lab\Lab_07_Update\Core\Inc\usb_otg.h_save
2025-09-14 00:43:44,837 [INFO] CodeEngine:289 - Generated code: C:\Users\USERIT\STM32CubeIDE\MAD_Lab\Lab_07_Update\Core\Inc\usb_otg.h
2025-09-14 00:43:44,855 [INFO] CodeEngine:265 - oldGeneratedFile, C:\Users\USERIT\STM32CubeIDE\MAD_Lab\Lab_07_Update\Core\Src\stm32f7xx_it.c_save
2025-09-14 00:43:45,059 [INFO] CodeEngine:289 - Generated code: C:\Users\USERIT\STM32CubeIDE\MAD_Lab\Lab_07_Update\Core\Src\stm32f7xx_it.c
2025-09-14 00:43:45,067 [INFO] CodeEngine:265 - oldGeneratedFile, C:\Users\USERIT\STM32CubeIDE\MAD_Lab\Lab_07_Update\Core\Inc\stm32f7xx_it.h_save
2025-09-14 00:43:45,136 [INFO] CodeEngine:289 - Generated code: C:\Users\USERIT\STM32CubeIDE\MAD_Lab\Lab_07_Update\Core\Inc\stm32f7xx_it.h
2025-09-14 00:43:45,157 [INFO] CodeEngine:265 - oldGeneratedFile, C:\Users\USERIT\STM32CubeIDE\MAD_Lab\Lab_07_Update\Core\Src\stm32f7xx_hal_msp.c_save
2025-09-14 00:43:45,298 [INFO] CodeEngine:289 - Generated code: C:\Users\USERIT\STM32CubeIDE\MAD_Lab\Lab_07_Update\Core\Src\stm32f7xx_hal_msp.c
2025-09-14 00:43:45,304 [INFO] CodeEngine:265 - oldGeneratedFile, C:\Users\USERIT\STM32CubeIDE\MAD_Lab\Lab_07_Update\MXTmpFiles\system.tmp_save
2025-09-14 00:43:45,360 [INFO] CodeEngine:289 - Generated code: C:\Users\USERIT\STM32CubeIDE\MAD_Lab\Lab_07_Update\MXTmpFiles\system.tmp
2025-09-14 00:43:45,388 [INFO] CodeEngine:321 - oldGeneratedFile, C:\Users\USERIT\STM32CubeIDE\MAD_Lab\Lab_07_Update\Core\Inc\stm32f7xx_hal_conf.h_save
2025-09-14 00:43:45,537 [INFO] CodeEngine:345 - Generated code: C:\Users\USERIT\STM32CubeIDE\MAD_Lab\Lab_07_Update\Core\Inc\stm32f7xx_hal_conf.h
2025-09-14 00:43:45,582 [INFO] CodeEngine:265 - oldGeneratedFile, C:\Users\USERIT\STM32CubeIDE\MAD_Lab\Lab_07_Update\Core\Inc\main.h_save
2025-09-14 00:43:45,735 [INFO] CodeEngine:289 - Generated code: C:\Users\USERIT\STM32CubeIDE\MAD_Lab\Lab_07_Update\Core\Inc\main.h
2025-09-14 00:43:45,745 [INFO] CodeEngine:265 - oldGeneratedFile, C:\Users\USERIT\STM32CubeIDE\MAD_Lab\Lab_07_Update\Core\Src\main.c_save
2025-09-14 00:43:45,850 [INFO] CodeEngine:289 - Generated code: C:\Users\USERIT\STM32CubeIDE\MAD_Lab\Lab_07_Update\Core\Src\main.c
2025-09-14 00:43:46,314 [INFO] ProjectBuilder:3606 - Time for Copy HAL[1] : 307mS.
2025-09-14 00:43:46,317 [INFO] ProjectBuilder:5216 - Project Generator version: 4.7.0-B52
2025-09-14 00:43:46,392 [INFO] ConfigFileManager:1595 - The Die is : DIE451
2025-09-14 00:43:47,710 [INFO] ProjectBuilder:5496 - Time for Generating toolchain IDE Files: 1392mS.
2025-09-14 00:43:47,711 [INFO] ProjectBuilder:3463 - Time for Copy CMSIS : 1mS.
2025-09-14 00:43:47,718 [INFO] ProjectBuilder:3463 - Time for Copy CMSIS : 1mS.
2025-09-14 00:44:54,497 [INFO] NvicIntPanel:101 - NVIC parent = com.st.microxplorer.plugins.ip.nvic.MultiNvicIntPanel[,0,0,1074x230,layout=javax.swing.BoxLayout,alignmentX=0.0,alignmentY=0.0,border=,flags=9,maximumSize=,minimumSize=,preferredSize=]
2025-09-14 00:45:02,317 [INFO] MainUpdater:2872 - connection check result : 10
2025-09-14 00:45:02,317 [INFO] MainUpdater:2872 - connection check result : 10
2025-09-14 00:45:02,382 [INFO] MicroXplorer:468 - Change Database Path : 
2025-09-14 00:45:02,383 [INFO] MicroXplorer:498 - Change Database Version : DB.6.0.150
2025-09-14 00:45:02,415 [ERROR] ProjectManagerView:395 - 
java.lang.NullPointerException: Cannot invoke "javax.swing.JTextField.getText()" because the return value of "java.util.List.get(int)" is null
	at com.st.microxplorer.plugins.projectmanager.gui.ProjectChoiceTab$9.caretUpdate(ProjectChoiceTab.java:2706) ~[filemanager.jar:?]
	at javax.swing.text.JTextComponent.fireCaretUpdate(JTextComponent.java:408) ~[?:?]
	at javax.swing.text.JTextComponent$MutableCaretEvent.fire(JTextComponent.java:4484) ~[?:?]
	at javax.swing.text.JTextComponent$MutableCaretEvent.stateChanged(JTextComponent.java:4506) ~[?:?]
	at javax.swing.text.DefaultCaret.fireStateChanged(DefaultCaret.java:857) ~[?:?]
	at javax.swing.text.DefaultCaret.changeCaretPosition(DefaultCaret.java:1343) ~[?:?]
	at javax.swing.text.DefaultCaret.handleSetDot(DefaultCaret.java:1242) ~[?:?]
	at javax.swing.text.DefaultCaret.setDot(DefaultCaret.java:1223) ~[?:?]
	at javax.swing.text.DefaultCaret$Handler.insertUpdate(DefaultCaret.java:1819) ~[?:?]
	at javax.swing.text.AbstractDocument.fireInsertUpdate(AbstractDocument.java:227) ~[?:?]
	at javax.swing.text.AbstractDocument.handleInsertString(AbstractDocument.java:781) ~[?:?]
	at javax.swing.text.AbstractDocument.insertString(AbstractDocument.java:740) ~[?:?]
	at javax.swing.text.PlainDocument.insertString(PlainDocument.java:131) ~[?:?]
	at javax.swing.text.AbstractDocument.replace(AbstractDocument.java:699) ~[?:?]
	at javax.swing.text.JTextComponent.setText(JTextComponent.java:1725) ~[?:?]
	at com.st.microxplorer.plugins.projectmanager.gui.ProjectChoiceTab.createHeapStackFields(ProjectChoiceTab.java:993) ~[filemanager.jar:?]
	at com.st.microxplorer.plugins.projectmanager.gui.ProjectChoiceTab.buildLinkSettingsPanel(ProjectChoiceTab.java:3813) ~[filemanager.jar:?]
	at com.st.microxplorer.plugins.projectmanager.gui.ProjectChoiceTab.defineWindowsFields(ProjectChoiceTab.java:1987) ~[filemanager.jar:?]
	at com.st.microxplorer.plugins.projectmanager.gui.ProjectChoiceTab.updateSettings(ProjectChoiceTab.java:558) ~[filemanager.jar:?]
	at com.st.microxplorer.plugins.projectmanager.gui.ProjectSettingsPanel.UpdateDialog(ProjectSettingsPanel.java:247) ~[filemanager.jar:?]
	at com.st.microxplorer.plugins.projectmanager.ProjectManagerView.propertyChange(ProjectManagerView.java:392) ~[filemanager.jar:?]
	at java.beans.PropertyChangeSupport.fire(PropertyChangeSupport.java:343) ~[?:?]
	at java.beans.PropertyChangeSupport.firePropertyChange(PropertyChangeSupport.java:335) ~[?:?]
	at java.beans.PropertyChangeSupport.firePropertyChange(PropertyChangeSupport.java:268) ~[?:?]
	at com.st.microxplorer.util.MXPropertyChangeSupport.firePropertyChange(MXPropertyChangeSupport.java:54) ~[STM32CubeMX.jar:?]
	at com.st.microxplorer.mxsystem.MxSystem.closeConfig(MxSystem.java:899) ~[STM32CubeMX.jar:?]
	at com.st.microxplorer.maingui.MainPanel.closeConfig(MainPanel.java:792) ~[STM32CubeMX.jar:?]
	at com.st.microxplorer.plugins.filemanager.engine.OpenFileManager.loadConfigurationFile(OpenFileManager.java:288) ~[filemanager.jar:?]
	at com.st.microxplorer.plugins.filemanager.engine.MainFileManager.userLoadConfig(MainFileManager.java:364) ~[filemanager.jar:?]
	at com.st.microxplorer.plugins.filemanager.engine.MainFileManager.userLoadConfig(MainFileManager.java:342) ~[filemanager.jar:?]
	at com.st.microxplorer.plugins.filemanager.FileManagerView.getSpecificTask(FileManagerView.java:264) ~[filemanager.jar:?]
	at com.st.stm32cube.common.mx.editor.CubeMxEditor.getMxTabbedPaneInstance(CubeMxEditor.java:1198) ~[com.st.stm32cube.common.mx_6.15.0.202507011659/:?]
	at com.st.stm32cube.common.mx.editor.CubeMxEditor$12$1.createSwingComponent(CubeMxEditor.java:1068) ~[com.st.stm32cube.common.mx_6.15.0.202507011659/:?]
	at com.st.stm32cube.common.mx.oss.core.awtswtbridge.EmbeddedSwingComposite.doComponentCreation(EmbeddedSwingComposite.java:492) ~[com.st.stm32cube.common.mx.oss_6.15.0.202507011659/:?]
	at com.st.stm32cube.common.mx.oss.core.awtswtbridge.EmbeddedSwingComposite$4.run(EmbeddedSwingComposite.java:291) ~[com.st.stm32cube.common.mx.oss_6.15.0.202507011659/:?]
	at com.st.stm32cube.common.mx.oss.core.awtswtbridge.AwtEnvironment$2.run(AwtEnvironment.java:166) ~[com.st.stm32cube.common.mx.oss_6.15.0.202507011659/:?]
	at java.awt.event.InvocationEvent.dispatch(InvocationEvent.java:318) ~[?:?]
	at java.awt.EventQueue.dispatchEventImpl(EventQueue.java:773) ~[?:?]
	at java.awt.EventQueue$4.run(EventQueue.java:720) ~[?:?]
	at java.awt.EventQueue$4.run(EventQueue.java:714) ~[?:?]
	at java.security.AccessController.doPrivileged(AccessController.java:400) ~[?:?]
	at java.security.ProtectionDomain$JavaSecurityAccessImpl.doIntersectionPrivilege(ProtectionDomain.java:87) ~[?:?]
	at java.awt.EventQueue.dispatchEvent(EventQueue.java:742) ~[?:?]
	at java.awt.EventDispatchThread.pumpOneEventForFilters(EventDispatchThread.java:203) ~[?:?]
	at java.awt.EventDispatchThread.pumpEventsForFilter(EventDispatchThread.java:124) ~[?:?]
	at java.awt.EventDispatchThread.pumpEventsForHierarchy(EventDispatchThread.java:113) ~[?:?]
	at java.awt.EventDispatchThread.pumpEvents(EventDispatchThread.java:109) ~[?:?]
	at java.awt.EventDispatchThread.pumpEvents(EventDispatchThread.java:101) ~[?:?]
	at java.awt.EventDispatchThread.run(EventDispatchThread.java:90) ~[?:?]
2025-09-14 00:45:02,417 [WARN] ThirdParty:871 - waiting for thirdparty lock release [close project]
2025-09-14 00:45:02,417 [INFO] ThirdParty:873 - entering critical section [close project]
2025-09-14 00:45:02,417 [INFO] ThirdParty:883 - exiting critical section [close project]
2025-09-14 00:45:02,420 [INFO] PinOutPanel:1589 - setPackage(No Configuration,No Configuration)
2025-09-14 00:45:02,430 [WARN] IpParametersView:155 - Warning: This peripheral hasn't parameters
2025-09-14 00:45:02,441 [WARN] MainPanel:289 - <html><b><center>Warning: This peripheral has no parameters to be configured<br></b></html>
2025-09-14 00:45:02,448 [INFO] UtilMem:75 - Begin LoadConfig() Used Memory: 681641192 Bytes (1073741824)
2025-09-14 00:45:02,449 [INFO] MicroXplorer:468 - Change Database Path : 
2025-09-14 00:45:02,449 [INFO] MicroXplorer:498 - Change Database Version : DB.6.0.150
2025-09-14 00:45:02,449 [INFO] OpenFileManager:355 - Change cursor
2025-09-14 00:45:02,480 [INFO] RulesReader:64 - Compatibility file has been processed (317 Rules)
2025-09-14 00:45:02,488 [INFO] Mcu:2029 - Initializing MCU STM32F767ZITx STM32F767ZITx STM32F767ZIT6
2025-09-14 00:45:04,604 [INFO] Context:786 - Trying to add GPIOservice into a context  which must be forbidden
2025-09-14 00:45:05,450 [INFO] ImportTextPane:234 - (OptionalMessage_ERROR) Pin34 (VP_RIF_VS_RIF1) cannot be retrieved for this MCU
2025-09-14 00:45:05,513 [INFO] RtosManager:558 - Registered RTOS mode: class=CMSIS, group=RTOS, mode=CMSIS_V1, owner=FREERTOS
2025-09-14 00:45:05,514 [INFO] RtosManager:558 - Registered RTOS mode: class=CMSIS, group=RTOS2, mode=CMSIS_V2, owner=FREERTOS
2025-09-14 00:45:05,514 [INFO] RtosManager:558 - Registered RTOS mode: class=RTOS, group=Core, mode=CMSIS_V1, owner=FREERTOS
2025-09-14 00:45:05,514 [INFO] RtosManager:558 - Registered RTOS mode: class=RTOS, group=Core, mode=CMSIS_V2, owner=FREERTOS
2025-09-14 00:45:05,514 [WARN] ModelIntegratedComponent:184 - Missing modes for component STMicroelectronics:FreeRTOS:0.0.1:STMicroelectronics:RTOS:FreeRTOS:Core:::10.2.0:
2025-09-14 00:45:05,539 [WARN] ModelIntegratedComponent:63 - No mode defined for component null
2025-09-14 00:45:05,540 [WARN] ModelIntegratedComponent:63 - No mode defined for component null
2025-09-14 00:45:05,540 [WARN] ModelIntegratedComponent:63 - No mode defined for component null
2025-09-14 00:45:05,540 [WARN] ModelIntegratedComponent:63 - No mode defined for component null
2025-09-14 00:45:05,540 [WARN] ModelIntegratedComponent:63 - No mode defined for component null
2025-09-14 00:45:05,540 [WARN] ModelIntegratedComponent:63 - No mode defined for component null
2025-09-14 00:45:05,540 [WARN] ModelIntegratedComponent:63 - No mode defined for component null
2025-09-14 00:45:05,540 [WARN] ModelIntegratedComponent:63 - No mode defined for component null
2025-09-14 00:45:05,540 [WARN] ModelIntegratedComponent:63 - No mode defined for component null
2025-09-14 00:45:05,540 [WARN] ModelIntegratedComponent:63 - No mode defined for component null
2025-09-14 00:45:05,540 [WARN] ModelIntegratedComponent:63 - No mode defined for component null
2025-09-14 00:45:05,540 [WARN] ModelIntegratedComponent:63 - No mode defined for component null
2025-09-14 00:45:05,540 [WARN] ModelIntegratedComponent:63 - No mode defined for component null
2025-09-14 00:45:05,540 [WARN] ModelIntegratedComponent:63 - No mode defined for component null
2025-09-14 00:45:05,540 [WARN] ModelIntegratedComponent:63 - No mode defined for component null
2025-09-14 00:45:05,540 [WARN] ModelIntegratedComponent:63 - No mode defined for component null
2025-09-14 00:45:05,540 [WARN] ModelIntegratedComponent:63 - No mode defined for component null
2025-09-14 00:45:05,540 [WARN] ModelIntegratedComponent:63 - No mode defined for component null
2025-09-14 00:45:05,541 [WARN] ModelIntegratedComponent:63 - No mode defined for component null
2025-09-14 00:45:05,541 [WARN] ModelIntegratedComponent:63 - No mode defined for component null
2025-09-14 00:45:05,541 [WARN] ModelIntegratedComponent:63 - No mode defined for component null
2025-09-14 00:45:05,541 [WARN] ModelIntegratedComponent:63 - No mode defined for component null
2025-09-14 00:45:05,541 [WARN] ModelIntegratedComponent:63 - No mode defined for component null
2025-09-14 00:45:05,541 [WARN] ModelIntegratedComponent:63 - No mode defined for component null
2025-09-14 00:45:05,541 [WARN] ModelIntegratedComponent:63 - No mode defined for component null
2025-09-14 00:45:05,541 [WARN] ModelIntegratedComponent:63 - No mode defined for component null
2025-09-14 00:45:05,541 [WARN] ModelIntegratedComponent:63 - No mode defined for component null
2025-09-14 00:45:05,541 [WARN] ModelIntegratedComponent:63 - No mode defined for component null
2025-09-14 00:45:05,541 [WARN] ModelIntegratedComponent:63 - No mode defined for component null
2025-09-14 00:45:05,541 [WARN] ModelIntegratedComponent:63 - No mode defined for component null
2025-09-14 00:45:05,541 [WARN] ModelIntegratedComponent:63 - No mode defined for component null
2025-09-14 00:45:05,541 [WARN] ModelIntegratedComponent:63 - No mode defined for component null
2025-09-14 00:45:05,541 [WARN] ModelIntegratedComponent:63 - No mode defined for component null
2025-09-14 00:45:05,541 [WARN] ModelIntegratedComponent:63 - No mode defined for component null
2025-09-14 00:45:05,541 [WARN] ModelIntegratedComponent:63 - No mode defined for component null
2025-09-14 00:45:05,542 [WARN] ModelPack:524 - Component already loaded: STMicroelectronics:HAL Drivers:0.0.0:STMicroelectronics:Device:STMicro_Driver:XSPI:HAL::0.0.1:HAL_XSPI
2025-09-14 00:45:05,673 [INFO] ThirdPartyModel:298 - Start build external matchings
2025-09-14 00:45:06,105 [INFO] ThirdPartyModel:316 - End build external matchings
2025-09-14 00:45:06,115 [WARN] IP:2250 - Warning not found: check if there is a RefParameter without a condition.
2025-09-14 00:45:06,115 [WARN] IP:2250 - RxBufferAddress not found: check if there is a RefParameter without a condition.
2025-09-14 00:45:06,115 [WARN] IP:2250 - DESC_SIZE_UNIT not found: check if there is a RefParameter without a condition.
2025-09-14 00:45:06,115 [INFO] ImportTextPane:234 - (OptionalMessage_ERROR) IP (ETH) : Invalid parameter (PHY_Name)
2025-09-14 00:45:06,115 [INFO] ImportTextPane:234 - (OptionalMessage_ERROR) IP (ETH) : Invalid parameter (PHY_Value)
2025-09-14 00:45:06,115 [INFO] ImportTextPane:234 - (OptionalMessage_ERROR) IP (ETH) : Invalid parameter (PhyAddress)
2025-09-14 00:45:06,116 [INFO] ImportTextPane:234 - (OptionalMessage_ERROR) IP (RCC) : Invalid parameter (48MHZClocksFreq_Value)
2025-09-14 00:45:06,116 [INFO] ImportTextPane:234 - (OptionalMessage_ERROR) IP (RCC) : Invalid parameter (ADC12outputFreq_Value)
2025-09-14 00:45:06,116 [INFO] ImportTextPane:234 - (OptionalMessage_ERROR) IP (RCC) : Invalid parameter (ADC34outputFreq_Value)
2025-09-14 00:45:06,116 [INFO] ImportTextPane:234 - (OptionalMessage_ERROR) IP (RCC) : Invalid parameter (FamilyName)
2025-09-14 00:45:06,116 [INFO] ImportTextPane:234 - (OptionalMessage_ERROR) IP (RCC) : Invalid parameter (I2SClocksFreq_Value)
2025-09-14 00:45:06,116 [INFO] ImportTextPane:234 - (OptionalMessage_ERROR) IP (RCC) : Invalid parameter (LCDTFToutputFreq_Value)
2025-09-14 00:45:06,116 [INFO] ImportTextPane:234 - (OptionalMessage_ERROR) IP (RCC) : Invalid parameter (MCOFreq_Value)
2025-09-14 00:45:06,116 [INFO] ImportTextPane:234 - (OptionalMessage_ERROR) IP (RCC) : Invalid parameter (PLLMCOFreq_Value)
2025-09-14 00:45:06,116 [INFO] ImportTextPane:234 - (OptionalMessage_ERROR) IP (RCC) : Invalid parameter (PLLMUL)
2025-09-14 00:45:06,117 [INFO] ImportTextPane:234 - (OptionalMessage_ERROR) IP (RCC) : Invalid parameter (PRESCALERUSB)
2025-09-14 00:45:06,117 [INFO] ImportTextPane:234 - (OptionalMessage_ERROR) IP (RCC) : Invalid parameter (RTCHSEDivFreq_Value)
2025-09-14 00:45:06,117 [INFO] ImportTextPane:234 - (OptionalMessage_ERROR) IP (RCC) : Parameter (SDMMC2Freq_Value) has invalid value (216000000)
2025-09-14 00:45:06,117 [INFO] ImportTextPane:234 - (OptionalMessage_ERROR) IP (RCC) : Parameter (SDMMCFreq_Value) has invalid value (216000000)
2025-09-14 00:45:06,117 [INFO] ImportTextPane:234 - (OptionalMessage_ERROR) IP (RCC) : Invalid parameter (SYSCLKSourceVirtual)
2025-09-14 00:45:06,117 [INFO] ImportTextPane:234 - (OptionalMessage_ERROR) IP (RCC) : Invalid parameter (TIM15Freq_Value)
2025-09-14 00:45:06,117 [INFO] ImportTextPane:234 - (OptionalMessage_ERROR) IP (RCC) : Invalid parameter (TIM16Freq_Value)
2025-09-14 00:45:06,117 [INFO] ImportTextPane:234 - (OptionalMessage_ERROR) IP (RCC) : Invalid parameter (TIM17Freq_Value)
2025-09-14 00:45:06,117 [INFO] ImportTextPane:234 - (OptionalMessage_ERROR) IP (RCC) : Invalid parameter (TIM1Freq_Value)
2025-09-14 00:45:06,117 [INFO] ImportTextPane:234 - (OptionalMessage_ERROR) IP (RCC) : Invalid parameter (TIM20Freq_Value)
2025-09-14 00:45:06,117 [INFO] ImportTextPane:234 - (OptionalMessage_ERROR) IP (RCC) : Invalid parameter (TIM2Freq_Value)
2025-09-14 00:45:06,117 [INFO] ImportTextPane:234 - (OptionalMessage_ERROR) IP (RCC) : Invalid parameter (TIM3Freq_Value)
2025-09-14 00:45:06,117 [INFO] ImportTextPane:234 - (OptionalMessage_ERROR) IP (RCC) : Invalid parameter (TIM8Freq_Value)
2025-09-14 00:45:06,117 [INFO] ImportTextPane:234 - (OptionalMessage_ERROR) IP (RCC) : Invalid parameter (VCOOutput2Freq_Value)
2025-09-14 00:45:06,118 [INFO] ImportTextPane:234 - (OptionalMessage_ERROR) IP (RCC) : Invalid parameter (VcooutputI2S)
2025-09-14 00:45:06,447 [INFO] UtilMem:75 - End LoadConfig() Used Memory: 984961912 Bytes (1073741824)
2025-09-14 00:45:06,492 [WARN] ThirdParty:833 - waiting for thirdparty lock release [change project]
2025-09-14 00:45:06,492 [INFO] ThirdParty:835 - entering critical section [change project]
2025-09-14 00:45:06,492 [INFO] ThirdParty:1030 - CMSIS Pack Vendor :STMicroelectronics X-CUBE-PM33A1 1.0.0
2025-09-14 00:45:06,493 [INFO] ThirdParty:1030 - CMSIS Pack Vendor :STMicroelectronics USBPD 4.1
2025-09-14 00:45:06,493 [INFO] ThirdParty:1030 - CMSIS Pack Vendor :STMicroelectronics X-CUBE-NFC9 1.0.0
2025-09-14 00:45:06,493 [INFO] ThirdParty:1030 - CMSIS Pack Vendor :STMicroelectronics USB_HOST 2.0.0
2025-09-14 00:45:06,493 [INFO] ThirdParty:1030 - CMSIS Pack Vendor :STMicroelectronics FP-SNS-MOTENVWB1 1.4.0
2025-09-14 00:45:06,493 [INFO] ThirdParty:1030 - CMSIS Pack Vendor :STMicroelectronics X-CUBE-AZRTOS-F4 1.1.0
2025-09-14 00:45:06,493 [INFO] ThirdParty:1030 - CMSIS Pack Vendor :STMicroelectronics LIBJPEG 8.0.0
2025-09-14 00:45:06,493 [INFO] ThirdParty:1030 - CMSIS Pack Vendor :STMicroelectronics FP-ATR-ASTRA1 2.0.2
2025-09-14 00:45:06,493 [INFO] ThirdParty:1030 - CMSIS Pack Vendor :STMicroelectronics X-CUBE-BLE1 7.1.0
2025-09-14 00:45:06,493 [INFO] ThirdParty:1030 - CMSIS Pack Vendor :STMicroelectronics X-CUBE-SMBUS 2.1.0
2025-09-14 00:45:06,493 [INFO] ThirdParty:1030 - CMSIS Pack Vendor :wolfSSL I-CUBE-wolfMQTT 1.19.2
2025-09-14 00:45:06,493 [INFO] ThirdParty:1030 - CMSIS Pack Vendor :STMicroelectronics USB_DEVICE 3.0.0
2025-09-14 00:45:06,493 [INFO] ThirdParty:1030 - CMSIS Pack Vendor :STMicroelectronics X-CUBE-ISPU 2.1.0
2025-09-14 00:45:06,493 [INFO] ThirdParty:1030 - CMSIS Pack Vendor :STMicroelectronics X-CUBE-AZRTOS-WB 2.0.0
2025-09-14 00:45:06,493 [INFO] ThirdParty:1030 - CMSIS Pack Vendor :STMicroelectronics X-CUBE-ST60 1.0.0
2025-09-14 00:45:06,493 [INFO] ThirdParty:1030 - CMSIS Pack Vendor :STMicroelectronics X-CUBE-GNSS1 7.0.1
2025-09-14 00:45:06,493 [INFO] ThirdParty:1030 - CMSIS Pack Vendor :STMicroelectronics X-CUBE-AZRTOS-F7 1.1.0
2025-09-14 00:45:06,493 [INFO] ThirdParty:1030 - CMSIS Pack Vendor :STMicroelectronics X-CUBE-AZRTOS-L5 2.0.0
2025-09-14 00:45:06,493 [INFO] ThirdParty:1030 - CMSIS Pack Vendor :STMicroelectronics X-CUBE-TOUCHGFX 4.25.0
2025-09-14 00:45:06,493 [INFO] ThirdParty:1030 - CMSIS Pack Vendor :STMicroelectronics USB_DEVICE 2.0.0
2025-09-14 00:45:06,493 [INFO] ThirdParty:1030 - CMSIS Pack Vendor :STMicroelectronics X-CUBE-NFC6 3.1.0
2025-09-14 00:45:06,493 [INFO] ThirdParty:1030 - CMSIS Pack Vendor :STMicroelectronics X-CUBE-AI 10.1.0
2025-09-14 00:45:06,493 [INFO] ThirdParty:1030 - CMSIS Pack Vendor :STMicroelectronics FP-SNS-STBOX1 2.0.0
2025-09-14 00:45:06,493 [INFO] ThirdParty:1030 - CMSIS Pack Vendor :quantropi X-CUBE-qispace-sdk-base 2.1.0
2025-09-14 00:45:06,493 [INFO] ThirdParty:1030 - CMSIS Pack Vendor :STMicroelectronics FreeRTOS 0.0.1
2025-09-14 00:45:06,493 [INFO] ThirdParty:1030 - CMSIS Pack Vendor :STMicroelectronics X-CUBE-AZRTOS-G0 1.1.0
2025-09-14 00:45:06,493 [INFO] ThirdParty:1030 - CMSIS Pack Vendor :STMicroelectronics X-CUBE-SAFEA1 1.2.2
2025-09-14 00:45:06,493 [INFO] ThirdParty:1030 - CMSIS Pack Vendor :STMicroelectronics X-CUBE-NFC4 3.0.0
2025-09-14 00:45:06,493 [INFO] ThirdParty:1030 - CMSIS Pack Vendor :STMicroelectronics X-CUBE-SUBG2 5.0.0
2025-09-14 00:45:06,493 [INFO] ThirdParty:1030 - CMSIS Pack Vendor :STMicroelectronics X-CUBE-AZRTOS-H7RS 1.1.0
2025-09-14 00:45:06,493 [INFO] ThirdParty:1030 - CMSIS Pack Vendor :STMicroelectronics STM32_WPAN 1.0.0
2025-09-14 00:45:06,493 [INFO] ThirdParty:1030 - CMSIS Pack Vendor :EmbeddedOffice I-CUBE-FS-RTOS 1.0.1
2025-09-14 00:45:06,493 [INFO] ThirdParty:1030 - CMSIS Pack Vendor :STMicroelectronics lwIP 2.0.3
2025-09-14 00:45:06,493 [INFO] ThirdParty:1030 - CMSIS Pack Vendor :Cesanta I-CUBE-Mongoose 7.13.0
2025-09-14 00:45:06,493 [INFO] ThirdParty:1030 - CMSIS Pack Vendor :STMicroelectronics USB_HOST 1.0.0
2025-09-14 00:45:06,493 [INFO] ThirdParty:1030 - CMSIS Pack Vendor :Infineon AIROC-Wi-Fi-Bluetooth-STM32 1.7.1
2025-09-14 00:45:06,493 [INFO] ThirdParty:1030 - CMSIS Pack Vendor :STMicroelectronics X-CUBE-AZRTOS-G4 2.0.0
2025-09-14 00:45:06,493 [INFO] ThirdParty:1030 - CMSIS Pack Vendor :STMicroelectronics X-CUBE-WB05N 2.0.0
2025-09-14 00:45:06,493 [INFO] ThirdParty:1030 - CMSIS Pack Vendor :STMicroelectronics PDM2PCM 3.1.0
2025-09-14 00:45:06,494 [INFO] ThirdParty:1030 - CMSIS Pack Vendor :STMicroelectronics PDM2PCM 3.3.0
2025-09-14 00:45:06,494 [INFO] ThirdParty:1030 - CMSIS Pack Vendor :wolfSSL I-CUBE-wolfTPM 3.8.0
2025-09-14 00:45:06,494 [INFO] ThirdParty:1030 - CMSIS Pack Vendor :STMicroelectronics X-CUBE-DISPLAY 3.0.0
2025-09-14 00:45:06,494 [INFO] ThirdParty:1030 - CMSIS Pack Vendor :wolfSSL I-CUBE-wolfSSH 1.4.20
2025-09-14 00:45:06,494 [INFO] ThirdParty:1030 - CMSIS Pack Vendor :STMicroelectronics X-CUBE-NFC7 2.0.0
2025-09-14 00:45:06,494 [INFO] ThirdParty:1030 - CMSIS Pack Vendor :STMicroelectronics X-CUBE-TCPP 4.2.0
2025-09-14 00:45:06,494 [INFO] ThirdParty:1030 - CMSIS Pack Vendor :RealThread X-CUBE-RT-Thread_Nano 4.1.1
2025-09-14 00:45:06,494 [INFO] ThirdParty:1030 - CMSIS Pack Vendor :STMicroelectronics FP-ATR-SIGFOX1 3.2.0
2025-09-14 00:45:06,494 [INFO] ThirdParty:1030 - CMSIS Pack Vendor :STMicroelectronics X-CUBE-NFC10 1.0.0
2025-09-14 00:45:06,494 [INFO] ThirdParty:1030 - CMSIS Pack Vendor :STMicroelectronics X-CUBE-FREERTOS 1.3.1
2025-09-14 00:45:06,494 [INFO] ThirdParty:1030 - CMSIS Pack Vendor :STMicroelectronics HAL Drivers 0.0.0
2025-09-14 00:45:06,494 [INFO] ThirdParty:1030 - CMSIS Pack Vendor :STMicroelectronics MBEDTLS 2.16.2
2025-09-14 00:45:06,494 [INFO] ThirdParty:1030 - CMSIS Pack Vendor :STMicroelectronics X-CUBE-IPS 3.1.0
2025-09-14 00:45:06,494 [INFO] ThirdParty:1030 - CMSIS Pack Vendor :STMicroelectronics X-CUBE-ALS 1.0.2
2025-09-14 00:45:06,494 [INFO] ThirdParty:1030 - CMSIS Pack Vendor :emotas I-CUBE-CANOPEN 1.3.0
2025-09-14 00:45:06,494 [INFO] ThirdParty:1030 - CMSIS Pack Vendor :STMicroelectronics MBEDTLS 2.14.1
2025-09-14 00:45:06,494 [INFO] ThirdParty:1030 - CMSIS Pack Vendor :ITTIA_DB I-CUBE-ITTIADB 8.9.0
2025-09-14 00:45:06,494 [INFO] ThirdParty:1030 - CMSIS Pack Vendor :STMicroelectronics X-CUBE-STSE01 1.0.0
2025-09-14 00:45:06,494 [INFO] ThirdParty:1030 - CMSIS Pack Vendor :portGmbH I-Cube-SoM-uGOAL 1.1.0
2025-09-14 00:45:06,494 [INFO] ThirdParty:1030 - CMSIS Pack Vendor :STMicroelectronics X-CUBE-ST67W61 1.0.0
2025-09-14 00:45:06,494 [INFO] ThirdParty:1030 - CMSIS Pack Vendor :STMicroelectronics FP-SNS-STBOX1 2.1.0
2025-09-14 00:45:06,494 [INFO] ThirdParty:1030 - CMSIS Pack Vendor :STMicroelectronics X-CUBE-AI 10.2.0
2025-09-14 00:45:06,494 [INFO] ThirdParty:1030 - CMSIS Pack Vendor :STMicroelectronics ThreadX 1.0.0
2025-09-14 00:45:06,494 [INFO] ThirdParty:1030 - CMSIS Pack Vendor :STMicroelectronics FP-SNS-SMARTAG2 1.2.0
2025-09-14 00:45:06,494 [INFO] ThirdParty:1030 - CMSIS Pack Vendor :STMicroelectronics FP-SNS-FLIGHT1 5.1.0
2025-09-14 00:45:06,494 [INFO] ThirdParty:1030 - CMSIS Pack Vendor :STMicroelectronics X-CUBE-AZRTOS-WL 2.0.0
2025-09-14 00:45:06,494 [INFO] ThirdParty:1030 - CMSIS Pack Vendor :SEGGER I-CUBE-embOS 1.3.1
2025-09-14 00:45:06,494 [INFO] ThirdParty:1030 - CMSIS Pack Vendor :STMicroelectronics X-CUBE-ALGOBUILD 1.4.0
2025-09-14 00:45:06,494 [INFO] ThirdParty:1030 - CMSIS Pack Vendor :STMicroelectronics X-CUBE-DPower 1.3.0
2025-09-14 00:45:06,494 [INFO] ThirdParty:1030 - CMSIS Pack Vendor :STMicroelectronics X-CUBE-MEMS1 11.3.0
2025-09-14 00:45:06,494 [INFO] ThirdParty:1030 - CMSIS Pack Vendor :STMicroelectronics FP-SNS-MOTENV1 5.0.0
2025-09-14 00:45:06,494 [INFO] ThirdParty:1030 - CMSIS Pack Vendor :STMicroelectronics USB_DEVICE 1.0.0
2025-09-14 00:45:06,494 [INFO] ThirdParty:1030 - CMSIS Pack Vendor :STMicroelectronics X-CUBE-AZRTOS-L4 2.0.0
2025-09-14 00:45:06,494 [INFO] ThirdParty:1030 - CMSIS Pack Vendor :STMicroelectronics ThreadX 0.0.2
2025-09-14 00:45:06,495 [INFO] ThirdParty:1030 - CMSIS Pack Vendor :WES I-CUBE-Cesium 1.3.0
2025-09-14 00:45:06,495 [INFO] ThirdParty:1030 - CMSIS Pack Vendor :STMicroelectronics lwIP 2.1.2
2025-09-14 00:45:06,495 [INFO] ThirdParty:1030 - CMSIS Pack Vendor :STMicroelectronics X-CUBE-SFXS2LP1 4.0.0
2025-09-14 00:45:06,495 [INFO] ThirdParty:1030 - CMSIS Pack Vendor :STMicroelectronics X-CUBE-BLE2 3.3.0
2025-09-14 00:45:06,498 [INFO] ThirdParty:1030 - CMSIS Pack Vendor :STMicroelectronics X-CUBE-TOF1 3.4.3
2025-09-14 00:45:06,498 [INFO] ThirdParty:1030 - CMSIS Pack Vendor :STMicroelectronics PDM2PCM 3.2.0
2025-09-14 00:45:06,499 [INFO] ThirdParty:841 - exiting critical section [change project]
2025-09-14 00:45:06,928 [INFO] PinOutPanel:1589 - setPackage(No Configuration,No Configuration)
2025-09-14 00:45:06,929 [INFO] PinOutPanel:1589 - setPackage(STM32F767ZITx,LQFP144)
2025-09-14 00:45:07,340 [INFO] UtilMem:75 - Before build in PCC Used Memory: 787737168 Bytes (1073741824)
2025-09-14 00:45:07,595 [INFO] UtilMem:75 - After build in PCC Used Memory: 838798952 Bytes (1073741824)
2025-09-14 00:45:07,618 [INFO] IPUIPlugin:80 - create IPUIPlugin
2025-09-14 00:45:07,618 [INFO] IPUIPlugin:80 - create IPUIPlugin
2025-09-14 00:45:07,618 [INFO] IPUIPlugin:80 - create IPUIPlugin
2025-09-14 00:45:07,619 [INFO] IPUIPlugin:80 - create IPUIPlugin
2025-09-14 00:45:07,619 [INFO] IPUIPlugin:80 - create IPUIPlugin
2025-09-14 00:45:07,619 [INFO] IPUIPlugin:80 - create IPUIPlugin
2025-09-14 00:45:07,619 [INFO] IPUIPlugin:80 - create IPUIPlugin
2025-09-14 00:45:07,619 [INFO] IPUIPlugin:80 - create IPUIPlugin
2025-09-14 00:45:07,619 [INFO] IPUIPlugin:80 - create IPUIPlugin
2025-09-14 00:45:07,619 [INFO] IPUIPlugin:80 - create IPUIPlugin
2025-09-14 00:45:07,619 [INFO] IPUIPlugin:80 - create IPUIPlugin
2025-09-14 00:45:07,620 [INFO] IPUIPlugin:80 - create IPUIPlugin
2025-09-14 00:45:07,620 [INFO] IPUIPlugin:80 - create IPUIPlugin
2025-09-14 00:45:07,620 [INFO] IPUIPlugin:80 - create IPUIPlugin
2025-09-14 00:45:07,620 [INFO] IPUIPlugin:80 - create IPUIPlugin
2025-09-14 00:45:07,620 [INFO] IPUIPlugin:80 - create IPUIPlugin
2025-09-14 00:45:07,620 [INFO] IPUIPlugin:80 - create IPUIPlugin
2025-09-14 00:45:07,620 [INFO] IPUIPlugin:80 - create IPUIPlugin
2025-09-14 00:45:07,621 [INFO] IPUIPlugin:80 - create IPUIPlugin
2025-09-14 00:45:07,621 [INFO] IPUIPlugin:80 - create IPUIPlugin
2025-09-14 00:45:07,621 [INFO] IPUIPlugin:80 - create IPUIPlugin
2025-09-14 00:45:07,621 [INFO] IPUIPlugin:80 - create IPUIPlugin
2025-09-14 00:45:07,622 [INFO] IPUIPlugin:80 - create IPUIPlugin
2025-09-14 00:45:07,622 [INFO] IPUIPlugin:80 - create IPUIPlugin
2025-09-14 00:45:07,622 [INFO] IPUIPlugin:80 - create IPUIPlugin
2025-09-14 00:45:07,622 [INFO] IPUIPlugin:80 - create IPUIPlugin
2025-09-14 00:45:07,622 [INFO] IPUIPlugin:80 - create IPUIPlugin
2025-09-14 00:45:07,622 [INFO] IPUIPlugin:80 - create IPUIPlugin
2025-09-14 00:45:07,622 [INFO] IPUIPlugin:80 - create IPUIPlugin
2025-09-14 00:45:07,622 [INFO] IPUIPlugin:80 - create IPUIPlugin
2025-09-14 00:45:07,623 [INFO] IPUIPlugin:80 - create IPUIPlugin
2025-09-14 00:45:07,623 [INFO] IPUIPlugin:80 - create IPUIPlugin
2025-09-14 00:45:07,623 [INFO] IPUIPlugin:80 - create IPUIPlugin
2025-09-14 00:45:07,623 [INFO] IPUIPlugin:80 - create IPUIPlugin
2025-09-14 00:45:07,623 [INFO] IPUIPlugin:80 - create IPUIPlugin
2025-09-14 00:45:07,624 [INFO] IPUIPlugin:80 - create IPUIPlugin
2025-09-14 00:45:07,624 [INFO] IPUIPlugin:80 - create IPUIPlugin
2025-09-14 00:45:07,624 [INFO] IPUIPlugin:80 - create IPUIPlugin
2025-09-14 00:45:07,624 [INFO] IPUIPlugin:80 - create IPUIPlugin
2025-09-14 00:45:07,624 [INFO] IPUIPlugin:80 - create IPUIPlugin
2025-09-14 00:45:07,625 [INFO] IPUIPlugin:80 - create IPUIPlugin
2025-09-14 00:45:07,625 [INFO] IPUIPlugin:80 - create IPUIPlugin
2025-09-14 00:45:07,625 [INFO] IPUIPlugin:80 - create IPUIPlugin
2025-09-14 00:45:07,625 [INFO] IPUIPlugin:80 - create IPUIPlugin
2025-09-14 00:45:07,626 [INFO] IPUIPlugin:80 - create IPUIPlugin
2025-09-14 00:45:07,626 [INFO] IPUIPlugin:80 - create IPUIPlugin
2025-09-14 00:45:07,626 [INFO] IPUIPlugin:80 - create IPUIPlugin
2025-09-14 00:45:07,626 [INFO] IPUIPlugin:80 - create IPUIPlugin
2025-09-14 00:45:07,626 [INFO] IPUIPlugin:80 - create IPUIPlugin
2025-09-14 00:45:07,626 [INFO] IPUIPlugin:80 - create IPUIPlugin
2025-09-14 00:45:07,627 [INFO] IPUIPlugin:80 - create IPUIPlugin
2025-09-14 00:45:07,627 [INFO] IPUIPlugin:80 - create IPUIPlugin
2025-09-14 00:45:07,627 [INFO] IPUIPlugin:80 - create IPUIPlugin
2025-09-14 00:45:07,628 [INFO] IPUIPlugin:80 - create IPUIPlugin
2025-09-14 00:45:07,628 [INFO] IPUIPlugin:80 - create IPUIPlugin
2025-09-14 00:45:07,629 [INFO] IPUIPlugin:80 - create IPUIPlugin
2025-09-14 00:45:07,629 [INFO] IPUIPlugin:80 - create IPUIPlugin
2025-09-14 00:45:07,629 [INFO] IPUIPlugin:80 - create IPUIPlugin
2025-09-14 00:45:07,629 [INFO] IPUIPlugin:80 - create IPUIPlugin
2025-09-14 00:45:07,629 [INFO] IPUIPlugin:80 - create IPUIPlugin
2025-09-14 00:45:07,630 [INFO] IPUIPlugin:80 - create IPUIPlugin
2025-09-14 00:45:07,630 [INFO] IPUIPlugin:80 - create IPUIPlugin
2025-09-14 00:45:07,630 [INFO] IPUIPlugin:80 - create IPUIPlugin
2025-09-14 00:45:07,630 [INFO] IPUIPlugin:80 - create IPUIPlugin
2025-09-14 00:45:07,630 [INFO] IPUIPlugin:80 - create IPUIPlugin
2025-09-14 00:45:07,631 [INFO] IPUIPlugin:80 - create IPUIPlugin
2025-09-14 00:45:07,631 [INFO] IPUIPlugin:80 - create IPUIPlugin
2025-09-14 00:45:07,631 [INFO] IPUIPlugin:80 - create IPUIPlugin
2025-09-14 00:45:07,631 [INFO] IPUIPlugin:80 - create IPUIPlugin
2025-09-14 00:45:07,632 [INFO] IPUIPlugin:80 - create IPUIPlugin
2025-09-14 00:45:07,632 [INFO] IPUIPlugin:80 - create IPUIPlugin
2025-09-14 00:45:07,632 [INFO] IPUIPlugin:80 - create IPUIPlugin
2025-09-14 00:45:07,632 [INFO] IPUIPlugin:80 - create IPUIPlugin
2025-09-14 00:45:07,633 [INFO] IPUIPlugin:80 - create IPUIPlugin
2025-09-14 00:45:07,633 [INFO] IPUIPlugin:80 - create IPUIPlugin
2025-09-14 00:45:07,633 [INFO] IPUIPlugin:80 - create IPUIPlugin
2025-09-14 00:45:07,634 [INFO] IPUIPlugin:80 - create IPUIPlugin
2025-09-14 00:45:07,635 [INFO] IPUIPlugin:80 - create IPUIPlugin
2025-09-14 00:45:07,635 [INFO] IPUIPlugin:80 - create IPUIPlugin
2025-09-14 00:45:07,639 [INFO] ApiDbMcu:532 - Load IP Config File for PDM2PCM
2025-09-14 00:45:07,714 [INFO] CADModel:165 - CPN selected for project levelSTM32F767ZIT6
2025-09-14 00:45:07,714 [INFO] CADModel:114 - Register for checkConnection events
2025-09-14 00:45:07,775 [INFO] OpenFileManager:386 - Restore cursor
2025-09-14 00:45:07,793 [INFO] ApiDb:581 - Connected to CubeFinder SQLite database (C:\Users\USERIT\.stmcufinder\plugins\mcufinder\mcu\cube-finder-db.db)
2025-09-14 00:45:08,158 [WARN] IP:2250 - Warning not found: check if there is a RefParameter without a condition.
2025-09-14 00:45:08,158 [WARN] IP:2250 - RxBufferAddress not found: check if there is a RefParameter without a condition.
2025-09-14 00:45:08,158 [WARN] IP:2250 - DESC_SIZE_UNIT not found: check if there is a RefParameter without a condition.
2025-09-14 00:45:08,158 [WARN] IP:2250 - Warning not found: check if there is a RefParameter without a condition.
2025-09-14 00:45:08,158 [WARN] IP:2250 - RxBufferAddress not found: check if there is a RefParameter without a condition.
2025-09-14 00:45:08,158 [WARN] IP:2250 - DESC_SIZE_UNIT not found: check if there is a RefParameter without a condition.
2025-09-14 00:45:25,790 [INFO] NvicIntPanel:101 - NVIC parent = com.st.microxplorer.plugins.ip.nvic.MultiNvicIntPanel[,0,0,1093x167,layout=javax.swing.BoxLayout,alignmentX=0.0,alignmentY=0.0,border=,flags=9,maximumSize=,minimumSize=,preferredSize=]
2025-09-14 00:46:54,080 [INFO] UtilMem:75 - End SaveConfig() Used Memory: 576461320 Bytes (1073741824)
2025-09-14 00:46:54,575 [INFO] UtilMem:75 - End SaveConfig() Used Memory: 617878024 Bytes (1073741824)
2025-09-14 00:46:54,743 [INFO] BlockDiagram:2775 - set Specific Code input for plugin: TIM1_8F77
2025-09-14 00:46:54,744 [INFO] BlockDiagram:2775 - set Specific Code input for plugin: SYS
2025-09-14 00:46:54,744 [INFO] BlockDiagram:2775 - set Specific Code input for plugin: RCC
2025-09-14 00:46:54,744 [INFO] BlockDiagram:2775 - set Specific Code input for plugin: USB_OTG_FS
2025-09-14 00:46:54,744 [INFO] BlockDiagram:2775 - set Specific Code input for plugin: NVIC
2025-09-14 00:46:54,744 [INFO] BlockDiagram:2775 - set Specific Code input for plugin: USART
2025-09-14 00:46:54,744 [INFO] BlockDiagram:2775 - set Specific Code input for plugin: GPIO
2025-09-14 00:46:54,745 [INFO] BlockDiagram:2775 - set Specific Code input for plugin: ETH
2025-09-14 00:46:54,746 [INFO] CodeGenerator:892 - code generatio: config db path: C:\ST\STM32CubeIDE_1.19.0\STM32CubeIDE\plugins\com.st.stm32cube.common.mx_6.15.0.202507011659\\db\
2025-09-14 00:46:54,748 [WARN] IP:2250 - Warning not found: check if there is a RefParameter without a condition.
2025-09-14 00:46:54,748 [WARN] IP:2250 - RxBufferAddress not found: check if there is a RefParameter without a condition.
2025-09-14 00:46:54,748 [WARN] IP:2250 - DESC_SIZE_UNIT not found: check if there is a RefParameter without a condition.
2025-09-14 00:46:54,922 [INFO] CodeEngine:265 - oldGeneratedFile, C:\Users\USERIT\STM32CubeIDE\MAD_Lab\Lab_07_Update\MXTmpFiles\license.tmp_save
2025-09-14 00:46:55,016 [INFO] CodeEngine:289 - Generated code: C:\Users\USERIT\STM32CubeIDE\MAD_Lab\Lab_07_Update\MXTmpFiles\license.tmp
2025-09-14 00:46:55,098 [INFO] CodeEngine:265 - oldGeneratedFile, C:\Users\USERIT\STM32CubeIDE\MAD_Lab\Lab_07_Update\Core\Src\gpio.c_save
2025-09-14 00:46:55,202 [INFO] CodeEngine:289 - Generated code: C:\Users\USERIT\STM32CubeIDE\MAD_Lab\Lab_07_Update\Core\Src\gpio.c
2025-09-14 00:46:55,209 [INFO] CodeEngine:265 - oldGeneratedFile, C:\Users\USERIT\STM32CubeIDE\MAD_Lab\Lab_07_Update\Core\Inc\gpio.h_save
2025-09-14 00:46:55,259 [INFO] CodeEngine:289 - Generated code: C:\Users\USERIT\STM32CubeIDE\MAD_Lab\Lab_07_Update\Core\Inc\gpio.h
2025-09-14 00:46:55,740 [WARN] IPConfigManager:3238 - Warning: the RefConfig PWREx_EnableUSBVoltageDetector is not available in your config.xml file
2025-09-14 00:46:55,754 [INFO] CodeEngine:265 - oldGeneratedFile, C:\Users\USERIT\STM32CubeIDE\MAD_Lab\Lab_07_Update\MXTmpFiles\cortex.tmp_save
2025-09-14 00:46:55,846 [INFO] CodeEngine:289 - Generated code: C:\Users\USERIT\STM32CubeIDE\MAD_Lab\Lab_07_Update\MXTmpFiles\cortex.tmp
2025-09-14 00:46:55,858 [INFO] CodeEngine:265 - oldGeneratedFile, C:\Users\USERIT\STM32CubeIDE\MAD_Lab\Lab_07_Update\Core\Src\eth.c_save
2025-09-14 00:46:55,976 [INFO] CodeEngine:289 - Generated code: C:\Users\USERIT\STM32CubeIDE\MAD_Lab\Lab_07_Update\Core\Src\eth.c
2025-09-14 00:46:55,983 [INFO] CodeEngine:265 - oldGeneratedFile, C:\Users\USERIT\STM32CubeIDE\MAD_Lab\Lab_07_Update\Core\Inc\eth.h_save
2025-09-14 00:46:56,036 [INFO] CodeEngine:289 - Generated code: C:\Users\USERIT\STM32CubeIDE\MAD_Lab\Lab_07_Update\Core\Inc\eth.h
2025-09-14 00:46:56,050 [INFO] CodeEngine:265 - oldGeneratedFile, C:\Users\USERIT\STM32CubeIDE\MAD_Lab\Lab_07_Update\Core\Src\tim.c_save
2025-09-14 00:46:56,205 [INFO] CodeEngine:289 - Generated code: C:\Users\USERIT\STM32CubeIDE\MAD_Lab\Lab_07_Update\Core\Src\tim.c
2025-09-14 00:46:56,213 [INFO] CodeEngine:265 - oldGeneratedFile, C:\Users\USERIT\STM32CubeIDE\MAD_Lab\Lab_07_Update\Core\Inc\tim.h_save
2025-09-14 00:46:56,265 [INFO] CodeEngine:289 - Generated code: C:\Users\USERIT\STM32CubeIDE\MAD_Lab\Lab_07_Update\Core\Inc\tim.h
2025-09-14 00:46:56,276 [INFO] CodeEngine:265 - oldGeneratedFile, C:\Users\USERIT\STM32CubeIDE\MAD_Lab\Lab_07_Update\Core\Src\usart.c_save
2025-09-14 00:46:56,414 [INFO] CodeEngine:289 - Generated code: C:\Users\USERIT\STM32CubeIDE\MAD_Lab\Lab_07_Update\Core\Src\usart.c
2025-09-14 00:46:56,421 [INFO] CodeEngine:265 - oldGeneratedFile, C:\Users\USERIT\STM32CubeIDE\MAD_Lab\Lab_07_Update\Core\Inc\usart.h_save
2025-09-14 00:46:56,475 [INFO] CodeEngine:289 - Generated code: C:\Users\USERIT\STM32CubeIDE\MAD_Lab\Lab_07_Update\Core\Inc\usart.h
2025-09-14 00:46:56,488 [INFO] CodeEngine:265 - oldGeneratedFile, C:\Users\USERIT\STM32CubeIDE\MAD_Lab\Lab_07_Update\Core\Src\usb_otg.c_save
2025-09-14 00:46:56,620 [INFO] CodeEngine:289 - Generated code: C:\Users\USERIT\STM32CubeIDE\MAD_Lab\Lab_07_Update\Core\Src\usb_otg.c
2025-09-14 00:46:56,628 [INFO] CodeEngine:265 - oldGeneratedFile, C:\Users\USERIT\STM32CubeIDE\MAD_Lab\Lab_07_Update\Core\Inc\usb_otg.h_save
2025-09-14 00:46:56,685 [INFO] CodeEngine:289 - Generated code: C:\Users\USERIT\STM32CubeIDE\MAD_Lab\Lab_07_Update\Core\Inc\usb_otg.h
2025-09-14 00:46:56,710 [INFO] CodeEngine:265 - oldGeneratedFile, C:\Users\USERIT\STM32CubeIDE\MAD_Lab\Lab_07_Update\Core\Src\stm32f7xx_it.c_save
2025-09-14 00:46:56,827 [INFO] CodeEngine:289 - Generated code: C:\Users\USERIT\STM32CubeIDE\MAD_Lab\Lab_07_Update\Core\Src\stm32f7xx_it.c
2025-09-14 00:46:56,840 [INFO] CodeEngine:265 - oldGeneratedFile, C:\Users\USERIT\STM32CubeIDE\MAD_Lab\Lab_07_Update\Core\Inc\stm32f7xx_it.h_save
2025-09-14 00:46:56,913 [INFO] CodeEngine:289 - Generated code: C:\Users\USERIT\STM32CubeIDE\MAD_Lab\Lab_07_Update\Core\Inc\stm32f7xx_it.h
2025-09-14 00:46:56,936 [INFO] CodeEngine:265 - oldGeneratedFile, C:\Users\USERIT\STM32CubeIDE\MAD_Lab\Lab_07_Update\Core\Src\stm32f7xx_hal_msp.c_save
2025-09-14 00:46:57,116 [INFO] CodeEngine:289 - Generated code: C:\Users\USERIT\STM32CubeIDE\MAD_Lab\Lab_07_Update\Core\Src\stm32f7xx_hal_msp.c
2025-09-14 00:46:57,122 [INFO] CodeEngine:265 - oldGeneratedFile, C:\Users\USERIT\STM32CubeIDE\MAD_Lab\Lab_07_Update\MXTmpFiles\system.tmp_save
2025-09-14 00:46:57,184 [INFO] CodeEngine:289 - Generated code: C:\Users\USERIT\STM32CubeIDE\MAD_Lab\Lab_07_Update\MXTmpFiles\system.tmp
2025-09-14 00:46:57,203 [INFO] CodeEngine:321 - oldGeneratedFile, C:\Users\USERIT\STM32CubeIDE\MAD_Lab\Lab_07_Update\Core\Inc\stm32f7xx_hal_conf.h_save
2025-09-14 00:46:57,363 [INFO] CodeEngine:345 - Generated code: C:\Users\USERIT\STM32CubeIDE\MAD_Lab\Lab_07_Update\Core\Inc\stm32f7xx_hal_conf.h
2025-09-14 00:46:57,403 [INFO] ApiDbMcu:532 - Load IP Config File for ETH
2025-09-14 00:46:57,414 [INFO] ApiDbMcu:532 - Load IP Config File for TIM2
2025-09-14 00:46:57,418 [INFO] ApiDbMcu:532 - Load IP Config File for USART3
2025-09-14 00:46:57,420 [INFO] ApiDbMcu:532 - Load IP Config File for USB_OTG_FS
2025-09-14 00:46:57,423 [INFO] ApiDbMcu:532 - Load IP Config File for RCC
2025-09-14 00:46:57,436 [INFO] CodeEngine:265 - oldGeneratedFile, C:\Users\USERIT\STM32CubeIDE\MAD_Lab\Lab_07_Update\Core\Inc\main.h_save
2025-09-14 00:46:57,541 [INFO] CodeEngine:289 - Generated code: C:\Users\USERIT\STM32CubeIDE\MAD_Lab\Lab_07_Update\Core\Inc\main.h
2025-09-14 00:46:57,547 [INFO] CodeEngine:265 - oldGeneratedFile, C:\Users\USERIT\STM32CubeIDE\MAD_Lab\Lab_07_Update\Core\Src\main.c_save
2025-09-14 00:46:57,641 [INFO] CodeEngine:289 - Generated code: C:\Users\USERIT\STM32CubeIDE\MAD_Lab\Lab_07_Update\Core\Src\main.c
2025-09-14 00:46:58,018 [INFO] ProjectBuilder:3606 - Time for Copy HAL[1] : 184mS.
2025-09-14 00:46:58,021 [INFO] ProjectBuilder:5216 - Project Generator version: 4.7.0-B52
2025-09-14 00:46:58,088 [INFO] ConfigFileManager:1595 - The Die is : DIE451
2025-09-14 00:46:58,091 [INFO] ApiDbMcu:532 - Load IP Config File for FATFS
2025-09-14 00:46:58,094 [INFO] ApiDbMcu:532 - Load IP Config File for FREERTOS
2025-09-14 00:46:58,096 [INFO] ApiDbMcu:532 - Load IP Config File for LIBJPEG
2025-09-14 00:46:58,100 [INFO] ApiDbMcu:532 - Load IP Config File for LWIP
2025-09-14 00:46:58,105 [INFO] ApiDbMcu:532 - Load IP Config File for MBEDTLS
2025-09-14 00:46:58,109 [INFO] ApiDbMcu:532 - Load IP Config File for USB_DEVICE
2025-09-14 00:46:58,113 [INFO] ApiDbMcu:532 - Load IP Config File for USB_HOST
2025-09-14 00:46:59,197 [INFO] ProjectBuilder:5496 - Time for Generating toolchain IDE Files: 1176mS.
2025-09-14 00:46:59,198 [INFO] ProjectBuilder:3463 - Time for Copy CMSIS : 0mS.
2025-09-14 00:46:59,204 [INFO] ProjectBuilder:3463 - Time for Copy CMSIS : 0mS.
2025-09-14 00:51:08,064 [INFO] NvicIntPanel:101 - NVIC parent = com.st.microxplorer.plugins.ip.nvic.MultiNvicIntPanel[,0,0,1087x167,layout=javax.swing.BoxLayout,alignmentX=0.0,alignmentY=0.0,border=,flags=9,maximumSize=,minimumSize=,preferredSize=]
2025-09-14 00:54:42,001 [INFO] Gpio:278 - dependency for GPIO [ETH, RCC, SYS, TIM2, USART3, USB_OTG_FS]
2025-09-14 01:25:29,974 [INFO] Gpio:278 - dependency for GPIO [ETH, RCC, SYS, TIM2, USART3, USB_OTG_FS]
2025-09-14 01:25:33,722 [INFO] NvicIntPanel:101 - NVIC parent = com.st.microxplorer.plugins.ip.nvic.MultiNvicIntPanel[,0,0,1087x228,layout=javax.swing.BoxLayout,alignmentX=0.0,alignmentY=0.0,border=,flags=9,maximumSize=,minimumSize=,preferredSize=]
2025-09-14 01:25:57,780 [INFO] NvicIntPanel:101 - NVIC parent = com.st.microxplorer.plugins.ip.nvic.MultiNvicIntPanel[,0,0,0x0,invalid,layout=javax.swing.BoxLayout,alignmentX=0.0,alignmentY=0.0,border=,flags=9,maximumSize=,minimumSize=,preferredSize=]
2025-09-14 01:27:59,470 [INFO] UtilMem:75 - End SaveConfig() Used Memory: 753393160 Bytes (1073741824)
2025-09-14 01:27:59,972 [INFO] UtilMem:75 - End SaveConfig() Used Memory: 794287624 Bytes (1073741824)
2025-09-14 01:28:00,330 [INFO] BlockDiagram:2775 - set Specific Code input for plugin: TIM1_8F77
2025-09-14 01:28:00,331 [INFO] BlockDiagram:2775 - set Specific Code input for plugin: SYS
2025-09-14 01:28:00,331 [INFO] BlockDiagram:2775 - set Specific Code input for plugin: RCC
2025-09-14 01:28:00,331 [INFO] BlockDiagram:2775 - set Specific Code input for plugin: USB_OTG_FS
2025-09-14 01:28:00,332 [INFO] BlockDiagram:2775 - set Specific Code input for plugin: NVIC
2025-09-14 01:28:00,332 [INFO] BlockDiagram:2775 - set Specific Code input for plugin: USART
2025-09-14 01:28:00,333 [INFO] BlockDiagram:2775 - set Specific Code input for plugin: GPIO
2025-09-14 01:28:00,333 [INFO] BlockDiagram:2775 - set Specific Code input for plugin: ETH
2025-09-14 01:28:00,334 [INFO] CodeGenerator:892 - code generatio: config db path: C:\ST\STM32CubeIDE_1.19.0\STM32CubeIDE\plugins\com.st.stm32cube.common.mx_6.15.0.202507011659\\db\
2025-09-14 01:28:00,341 [WARN] IP:2250 - Warning not found: check if there is a RefParameter without a condition.
2025-09-14 01:28:00,342 [WARN] IP:2250 - RxBufferAddress not found: check if there is a RefParameter without a condition.
2025-09-14 01:28:00,342 [WARN] IP:2250 - DESC_SIZE_UNIT not found: check if there is a RefParameter without a condition.
2025-09-14 01:28:00,616 [INFO] CodeEngine:265 - oldGeneratedFile, C:\Users\USERIT\STM32CubeIDE\MAD_Lab\Lab_07_Update\MXTmpFiles\license.tmp_save
2025-09-14 01:28:00,927 [INFO] CodeEngine:289 - Generated code: C:\Users\USERIT\STM32CubeIDE\MAD_Lab\Lab_07_Update\MXTmpFiles\license.tmp
2025-09-14 01:28:01,038 [INFO] CodeEngine:265 - oldGeneratedFile, C:\Users\USERIT\STM32CubeIDE\MAD_Lab\Lab_07_Update\Core\Src\gpio.c_save
2025-09-14 01:28:01,238 [INFO] CodeEngine:289 - Generated code: C:\Users\USERIT\STM32CubeIDE\MAD_Lab\Lab_07_Update\Core\Src\gpio.c
2025-09-14 01:28:01,248 [INFO] CodeEngine:265 - oldGeneratedFile, C:\Users\USERIT\STM32CubeIDE\MAD_Lab\Lab_07_Update\Core\Inc\gpio.h_save
2025-09-14 01:28:01,343 [INFO] CodeEngine:289 - Generated code: C:\Users\USERIT\STM32CubeIDE\MAD_Lab\Lab_07_Update\Core\Inc\gpio.h
2025-09-14 01:28:01,848 [WARN] IPConfigManager:3238 - Warning: the RefConfig PWREx_EnableUSBVoltageDetector is not available in your config.xml file
2025-09-14 01:28:01,864 [INFO] CodeEngine:265 - oldGeneratedFile, C:\Users\USERIT\STM32CubeIDE\MAD_Lab\Lab_07_Update\MXTmpFiles\cortex.tmp_save
2025-09-14 01:28:02,022 [INFO] CodeEngine:289 - Generated code: C:\Users\USERIT\STM32CubeIDE\MAD_Lab\Lab_07_Update\MXTmpFiles\cortex.tmp
2025-09-14 01:28:02,040 [INFO] CodeEngine:265 - oldGeneratedFile, C:\Users\USERIT\STM32CubeIDE\MAD_Lab\Lab_07_Update\Core\Src\eth.c_save
2025-09-14 01:28:02,250 [INFO] CodeEngine:289 - Generated code: C:\Users\USERIT\STM32CubeIDE\MAD_Lab\Lab_07_Update\Core\Src\eth.c
2025-09-14 01:28:02,258 [INFO] CodeEngine:265 - oldGeneratedFile, C:\Users\USERIT\STM32CubeIDE\MAD_Lab\Lab_07_Update\Core\Inc\eth.h_save
2025-09-14 01:28:02,335 [INFO] CodeEngine:289 - Generated code: C:\Users\USERIT\STM32CubeIDE\MAD_Lab\Lab_07_Update\Core\Inc\eth.h
2025-09-14 01:28:02,352 [INFO] CodeEngine:265 - oldGeneratedFile, C:\Users\USERIT\STM32CubeIDE\MAD_Lab\Lab_07_Update\Core\Src\tim.c_save
2025-09-14 01:28:02,512 [INFO] CodeEngine:289 - Generated code: C:\Users\USERIT\STM32CubeIDE\MAD_Lab\Lab_07_Update\Core\Src\tim.c
2025-09-14 01:28:02,520 [INFO] CodeEngine:265 - oldGeneratedFile, C:\Users\USERIT\STM32CubeIDE\MAD_Lab\Lab_07_Update\Core\Inc\tim.h_save
2025-09-14 01:28:02,588 [INFO] CodeEngine:289 - Generated code: C:\Users\USERIT\STM32CubeIDE\MAD_Lab\Lab_07_Update\Core\Inc\tim.h
2025-09-14 01:28:02,604 [INFO] CodeEngine:265 - oldGeneratedFile, C:\Users\USERIT\STM32CubeIDE\MAD_Lab\Lab_07_Update\Core\Src\usart.c_save
2025-09-14 01:28:02,789 [INFO] CodeEngine:289 - Generated code: C:\Users\USERIT\STM32CubeIDE\MAD_Lab\Lab_07_Update\Core\Src\usart.c
2025-09-14 01:28:02,798 [INFO] CodeEngine:265 - oldGeneratedFile, C:\Users\USERIT\STM32CubeIDE\MAD_Lab\Lab_07_Update\Core\Inc\usart.h_save
2025-09-14 01:28:02,870 [INFO] CodeEngine:289 - Generated code: C:\Users\USERIT\STM32CubeIDE\MAD_Lab\Lab_07_Update\Core\Inc\usart.h
2025-09-14 01:28:02,886 [INFO] CodeEngine:265 - oldGeneratedFile, C:\Users\USERIT\STM32CubeIDE\MAD_Lab\Lab_07_Update\Core\Src\usb_otg.c_save
2025-09-14 01:28:03,029 [INFO] CodeEngine:289 - Generated code: C:\Users\USERIT\STM32CubeIDE\MAD_Lab\Lab_07_Update\Core\Src\usb_otg.c
2025-09-14 01:28:03,037 [INFO] CodeEngine:265 - oldGeneratedFile, C:\Users\USERIT\STM32CubeIDE\MAD_Lab\Lab_07_Update\Core\Inc\usb_otg.h_save
2025-09-14 01:28:03,099 [INFO] CodeEngine:289 - Generated code: C:\Users\USERIT\STM32CubeIDE\MAD_Lab\Lab_07_Update\Core\Inc\usb_otg.h
2025-09-14 01:28:03,121 [INFO] CodeEngine:265 - oldGeneratedFile, C:\Users\USERIT\STM32CubeIDE\MAD_Lab\Lab_07_Update\Core\Src\stm32f7xx_it.c_save
2025-09-14 01:28:03,378 [INFO] CodeEngine:289 - Generated code: C:\Users\USERIT\STM32CubeIDE\MAD_Lab\Lab_07_Update\Core\Src\stm32f7xx_it.c
2025-09-14 01:28:03,396 [INFO] CodeEngine:265 - oldGeneratedFile, C:\Users\USERIT\STM32CubeIDE\MAD_Lab\Lab_07_Update\Core\Inc\stm32f7xx_it.h_save
2025-09-14 01:28:03,485 [INFO] CodeEngine:289 - Generated code: C:\Users\USERIT\STM32CubeIDE\MAD_Lab\Lab_07_Update\Core\Inc\stm32f7xx_it.h
2025-09-14 01:28:03,506 [INFO] CodeEngine:265 - oldGeneratedFile, C:\Users\USERIT\STM32CubeIDE\MAD_Lab\Lab_07_Update\Core\Src\stm32f7xx_hal_msp.c_save
2025-09-14 01:28:03,624 [INFO] CodeEngine:289 - Generated code: C:\Users\USERIT\STM32CubeIDE\MAD_Lab\Lab_07_Update\Core\Src\stm32f7xx_hal_msp.c
2025-09-14 01:28:03,629 [INFO] CodeEngine:265 - oldGeneratedFile, C:\Users\USERIT\STM32CubeIDE\MAD_Lab\Lab_07_Update\MXTmpFiles\system.tmp_save
2025-09-14 01:28:03,678 [INFO] CodeEngine:289 - Generated code: C:\Users\USERIT\STM32CubeIDE\MAD_Lab\Lab_07_Update\MXTmpFiles\system.tmp
2025-09-14 01:28:03,691 [INFO] CodeEngine:321 - oldGeneratedFile, C:\Users\USERIT\STM32CubeIDE\MAD_Lab\Lab_07_Update\Core\Inc\stm32f7xx_hal_conf.h_save
2025-09-14 01:28:03,816 [INFO] CodeEngine:345 - Generated code: C:\Users\USERIT\STM32CubeIDE\MAD_Lab\Lab_07_Update\Core\Inc\stm32f7xx_hal_conf.h
2025-09-14 01:28:03,854 [INFO] CodeEngine:265 - oldGeneratedFile, C:\Users\USERIT\STM32CubeIDE\MAD_Lab\Lab_07_Update\Core\Inc\main.h_save
2025-09-14 01:28:03,972 [INFO] CodeEngine:289 - Generated code: C:\Users\USERIT\STM32CubeIDE\MAD_Lab\Lab_07_Update\Core\Inc\main.h
2025-09-14 01:28:03,981 [INFO] CodeEngine:265 - oldGeneratedFile, C:\Users\USERIT\STM32CubeIDE\MAD_Lab\Lab_07_Update\Core\Src\main.c_save
2025-09-14 01:28:04,079 [INFO] CodeEngine:289 - Generated code: C:\Users\USERIT\STM32CubeIDE\MAD_Lab\Lab_07_Update\Core\Src\main.c
2025-09-14 01:28:04,491 [INFO] ProjectBuilder:3606 - Time for Copy HAL[1] : 232mS.
2025-09-14 01:28:04,496 [INFO] ProjectBuilder:5216 - Project Generator version: 4.7.0-B52
2025-09-14 01:28:04,587 [INFO] ConfigFileManager:1595 - The Die is : DIE451
2025-09-14 01:28:05,638 [INFO] ProjectBuilder:5496 - Time for Generating toolchain IDE Files: 1141mS.
2025-09-14 01:28:05,639 [INFO] ProjectBuilder:3463 - Time for Copy CMSIS : 1mS.
2025-09-14 01:28:05,643 [INFO] ProjectBuilder:3463 - Time for Copy CMSIS : 0mS.
