2025-09-04 15:16:01,106 [INFO] Activator:176 - 


2025-09-04 15:16:01,110 [INFO] Activator:177 - !SESSION log4j initialized
2025-09-04 15:16:08,033 [INFO] LogOutputStream:77 - [STDOUT_REDIRECT] 
2025-09-04 15:16:15,037 [INFO] ApplicationProperties:184 - Using Application install path: C:\ST\STM32CubeIDE_1.19.0\STM32CubeIDE\plugins\com.st.stm32cube.common.mx_6.15.0.202507011659
2025-09-04 15:16:15,052 [INFO] DbMcusXml:78 - Set database path to: C:\ST\STM32CubeIDE_1.19.0\STM32CubeIDE\plugins\com.st.stm32cube.common.mx_6.15.0.202507011659\\db\/mcu/
2025-09-04 15:16:15,052 [INFO] ApiDb:274 - Set plugin database path to: C:\ST\STM32CubeIDE_1.19.0\STM32CubeIDE\plugins\com.st.stm32cube.common.mx_6.15.0.202507011659\\db\/plugins/boardmanager/
2025-09-04 15:16:15,052 [WARN] ApiDb:259 - Overriding images path with different value:  => C:\ST\STM32CubeIDE_1.19.0\STM32CubeIDE\plugins\com.st.stm32cube.common.mx_6.15.0.202507011659\\db\/plugins/mcufinder/images/
2025-09-04 15:16:15,059 [INFO] ApiDb:250 - Set database path to: C:\Users\USERIT\.stmcufinder\plugins\mcufinder//mcu/
2025-09-04 15:16:15,059 [INFO] DbMcusAds:125 - Set database path to: C:\Users\USERIT\.stmcufinder\plugins\mcufinder//mcu/
2025-09-04 15:16:15,059 [INFO] CrossReferenceDbSqlite:203 - Set database path to: C:\Users\USERIT\.stmcufinder\plugins\mcufinder//mcu/cs/
2025-09-04 15:16:15,296 [INFO] RulesReader:64 - Compatibility file has been processed (317 Rules)
2025-09-04 15:16:15,557 [INFO] DbMcusXml:78 - Set database path to: C:\ST\STM32CubeIDE_1.19.0\STM32CubeIDE\plugins\com.st.stm32cube.common.mx_6.15.0.202507011659\\db\/mcu/
2025-09-04 15:16:15,557 [INFO] ApiDb:274 - Set plugin database path to: C:\ST\STM32CubeIDE_1.19.0\STM32CubeIDE\plugins\com.st.stm32cube.common.mx_6.15.0.202507011659\\db\/plugins/boardmanager/
2025-09-04 15:16:15,557 [INFO] ApiDb:261 - Set plugin images path to: C:\ST\STM32CubeIDE_1.19.0\STM32CubeIDE\plugins\com.st.stm32cube.common.mx_6.15.0.202507011659\\db\/plugins/mcufinder/images/
2025-09-04 15:16:15,558 [WARN] DbFile:41 - Overriding database path with different value: C:\Users\USERIT\.stmcufinder\plugins\mcufinder/ => C:\Users\USERIT\.stmcufinder\plugins\mcufinder
2025-09-04 15:16:15,558 [INFO] ApiDb:250 - Set database path to: C:\Users\USERIT\.stmcufinder\plugins\mcufinder//mcu/
2025-09-04 15:16:15,558 [WARN] DbFile:41 - Overriding database path with different value: C:\Users\USERIT\.stmcufinder\plugins\mcufinder/ => C:\Users\USERIT\.stmcufinder\plugins\mcufinder
2025-09-04 15:16:15,558 [INFO] DbMcusAds:125 - Set database path to: C:\Users\USERIT\.stmcufinder\plugins\mcufinder//mcu/
2025-09-04 15:16:15,559 [WARN] DbFile:41 - Overriding database path with different value: C:\Users\USERIT\.stmcufinder\plugins\mcufinder/ => C:\Users\USERIT\.stmcufinder\plugins\mcufinder
2025-09-04 15:16:15,559 [WARN] DbFile:41 - Overriding database path with different value: C:\Users\USERIT\.stmcufinder\plugins\mcufinder/ => C:\Users\USERIT\.stmcufinder\plugins\mcufinder
2025-09-04 15:16:15,559 [INFO] CrossReferenceDbSqlite:203 - Set database path to: C:\Users\USERIT\.stmcufinder\plugins\mcufinder//mcu/cs/
2025-09-04 15:16:15,737 [INFO] MainPanel:274 - HeapMemory: 268435456
2025-09-04 15:16:15,906 [INFO] DbMcusXml:78 - Set database path to: C:\ST\STM32CubeIDE_1.19.0\STM32CubeIDE\plugins\com.st.stm32cube.common.mx_6.15.0.202507011659\\db\/mcu/
2025-09-04 15:16:15,907 [INFO] ApiDb:274 - Set plugin database path to: C:\ST\STM32CubeIDE_1.19.0\STM32CubeIDE\plugins\com.st.stm32cube.common.mx_6.15.0.202507011659\\db\/plugins/boardmanager/
2025-09-04 15:16:15,907 [INFO] ApiDb:261 - Set plugin images path to: C:\ST\STM32CubeIDE_1.19.0\STM32CubeIDE\plugins\com.st.stm32cube.common.mx_6.15.0.202507011659\\db\/plugins/mcufinder/images/
2025-09-04 15:16:15,907 [WARN] DbFile:41 - Overriding database path with different value: C:\Users\USERIT\.stmcufinder\plugins\mcufinder/ => C:\Users\USERIT\.stmcufinder\plugins\mcufinder
2025-09-04 15:16:15,907 [INFO] ApiDb:250 - Set database path to: C:\Users\USERIT\.stmcufinder\plugins\mcufinder//mcu/
2025-09-04 15:16:15,907 [WARN] DbFile:41 - Overriding database path with different value: C:\Users\USERIT\.stmcufinder\plugins\mcufinder/ => C:\Users\USERIT\.stmcufinder\plugins\mcufinder
2025-09-04 15:16:15,907 [INFO] DbMcusAds:125 - Set database path to: C:\Users\USERIT\.stmcufinder\plugins\mcufinder//mcu/
2025-09-04 15:16:15,907 [WARN] DbFile:41 - Overriding database path with different value: C:\Users\USERIT\.stmcufinder\plugins\mcufinder/ => C:\Users\USERIT\.stmcufinder\plugins\mcufinder
2025-09-04 15:16:15,908 [WARN] DbFile:41 - Overriding database path with different value: C:\Users\USERIT\.stmcufinder\plugins\mcufinder/ => C:\Users\USERIT\.stmcufinder\plugins\mcufinder
2025-09-04 15:16:15,908 [INFO] CrossReferenceDbSqlite:203 - Set database path to: C:\Users\USERIT\.stmcufinder\plugins\mcufinder//mcu/cs/
2025-09-04 15:16:15,954 [INFO] ApplicationProperties:184 - Using Application install path: C:\ST\STM32CubeIDE_1.19.0\STM32CubeIDE\plugins\com.st.stm32cube.common.mx_6.15.0.202507011659
2025-09-04 15:16:15,957 [INFO] PluginManage:196 - Search for loadable plugins [exclusion list=, ]
2025-09-04 15:16:15,961 [INFO] PluginManage:310 - Check plugin analytics
2025-09-04 15:16:16,345 [INFO] AnalyticsPlugin:253 - Accepted Software Licenses: 
2025-09-04 15:16:16,345 [INFO] AnalyticsPlugin:255 - Accepted CMSIS Pack Licenses: 
2025-09-04 15:16:16,346 [INFO] AnalyticsPlugin:257 - Accepted Firmware Licenses: FW.F7.1.17.0
2025-09-04 15:16:16,349 [INFO] PluginManage:359 - Loaded plugin analytics (category:tool,tabindex:-1)
2025-09-04 15:16:16,349 [INFO] PluginManage:310 - Check plugin cadmodel
2025-09-04 15:16:16,371 [INFO] CADModel:105 - Init CAD model plugin
2025-09-04 15:16:16,371 [INFO] PluginManage:359 - Loaded plugin cadmodel (category:power,tabindex:5)
2025-09-04 15:16:16,371 [INFO] PluginManage:310 - Check plugin clock
2025-09-04 15:16:16,403 [INFO] PluginManage:359 - Loaded plugin clock (category:base,tabindex:2)
2025-09-04 15:16:16,403 [INFO] PluginManage:310 - Check plugin ddr
2025-09-04 15:16:16,406 [INFO] PluginManage:359 - Loaded plugin ddr (category:tool,tabindex:6)
2025-09-04 15:16:16,406 [INFO] PluginManage:310 - Check plugin filemanager
2025-09-04 15:16:16,573 [INFO] PluginManage:359 - Loaded plugin filemanager (category:base,tabindex:10)
2025-09-04 15:16:16,573 [INFO] PluginManage:310 - Check plugin ipmanager
2025-09-04 15:16:16,573 [INFO] PluginManage:359 - Loaded plugin ipmanager (category:base,tabindex:5)
2025-09-04 15:16:16,573 [INFO] PluginManage:310 - Check plugin lpbam
2025-09-04 15:16:16,589 [INFO] PluginManage:359 - Loaded plugin lpbam (category:base,tabindex:0)
2025-09-04 15:16:16,589 [INFO] PluginManage:310 - Check plugin memorymap
2025-09-04 15:16:16,620 [INFO] PluginManage:359 - Loaded plugin memorymap (category:base,tabindex:4)
2025-09-04 15:16:16,620 [INFO] PluginManage:310 - Check plugin pinoutandconfiguration
2025-09-04 15:16:16,635 [INFO] PluginManage:359 - Loaded plugin pinoutandconfiguration (category:base,tabindex:1)
2025-09-04 15:16:16,635 [INFO] PluginManage:310 - Check plugin pinoutconfig
2025-09-04 15:16:16,733 [WARN] SupportedApi:132 - Cannot load RTOS API schema: s4s-elt-must-match.1: The content of 'definitions' must match (annotation?, (simpleType | complexType)?, (unique | key | keyref)*)). A problem was found starting at: attribute.
2025-09-04 15:16:16,858 [INFO] PluginManage:359 - Loaded plugin pinoutconfig (category:base,tabindex:0)
2025-09-04 15:16:16,858 [INFO] PluginManage:310 - Check plugin power
2025-09-04 15:16:16,890 [INFO] PluginManage:359 - Loaded plugin power (category:power,tabindex:4)
2025-09-04 15:16:16,890 [INFO] PluginManage:310 - Check plugin projectmanager
2025-09-04 15:16:16,909 [INFO] PluginManage:359 - Loaded plugin projectmanager (category:projectmanager,tabindex:4)
2025-09-04 15:16:16,909 [INFO] PluginManage:310 - Check plugin rif
2025-09-04 15:16:16,934 [INFO] PluginManage:359 - Loaded plugin rif (category:base,tabindex:3)
2025-09-04 15:16:16,934 [INFO] PluginManage:310 - Check plugin thirdparty
2025-09-04 15:16:17,256 [INFO] PluginManage:359 - Loaded plugin thirdparty (category:base,tabindex:-1)
2025-09-04 15:16:17,256 [WARN] IntegrityCheckThread:84 - waiting for thirdparty lock release [integrity check]
2025-09-04 15:16:17,258 [INFO] IntegrityCheckThread:86 - entering critical section [integrity check]
2025-09-04 15:16:17,258 [INFO] PluginManage:310 - Check plugin tools
2025-09-04 15:16:17,258 [INFO] ThirdPartyUpdaterWithRetryManager:70 - Updater plugin not ready yet. [1/15]
2025-09-04 15:16:17,296 [INFO] PluginManage:359 - Loaded plugin tools (category:base,tabindex:7)
2025-09-04 15:16:17,296 [INFO] PluginManage:310 - Check plugin tutovideos
2025-09-04 15:16:17,498 [INFO] PluginManage:359 - Loaded plugin tutovideos (category:base,tabindex:-1)
2025-09-04 15:16:17,498 [INFO] PluginManage:310 - Check plugin updater
2025-09-04 15:16:17,521 [INFO] PluginManage:359 - Loaded plugin updater (category:base,tabindex:12)
2025-09-04 15:16:17,521 [INFO] PluginManage:310 - Check plugin userauth
2025-09-04 15:16:17,528 [INFO] UserAuth:118 - Init User Auth plugin
2025-09-04 15:16:17,528 [INFO] PluginManage:359 - Loaded plugin userauth (category:base,tabindex:14)
2025-09-04 15:16:17,528 [INFO] PluginManage:283 - PluginManage : Loaded plugins [18]
2025-09-04 15:16:17,720 [INFO] PinOutPanel:1589 - setPackage(No Configuration,No Configuration)
2025-09-04 15:16:17,815 [INFO] CADModel:165 - CPN selected for project level
2025-09-04 15:16:17,815 [INFO] CADModel:114 - Register for checkConnection events
2025-09-04 15:16:17,837 [INFO] IPUIPlugin:80 - create IPUIPlugin
2025-09-04 15:16:17,837 [INFO] PluginManager:220 - loadIPPluginJar : add adc
2025-09-04 15:16:17,895 [INFO] IPUIPlugin:80 - create IPUIPlugin
2025-09-04 15:16:17,895 [INFO] PluginManager:220 - loadIPPluginJar : add aes
2025-09-04 15:16:17,943 [INFO] IPUIPlugin:80 - create IPUIPlugin
2025-09-04 15:16:17,943 [INFO] PluginManager:220 - loadIPPluginJar : add can
2025-09-04 15:16:17,959 [INFO] IPUIPlugin:80 - create IPUIPlugin
2025-09-04 15:16:17,959 [INFO] PluginManager:220 - loadIPPluginJar : add comp
2025-09-04 15:16:18,006 [INFO] IPUIPlugin:80 - create IPUIPlugin
2025-09-04 15:16:18,006 [INFO] PluginManager:220 - loadIPPluginJar : add cryp
2025-09-04 15:16:18,022 [INFO] IPUIPlugin:80 - create IPUIPlugin
2025-09-04 15:16:18,022 [INFO] PluginManager:220 - loadIPPluginJar : add ddr_ctrl_phy
2025-09-04 15:16:18,054 [INFO] IPUIPlugin:80 - create IPUIPlugin
2025-09-04 15:16:18,054 [INFO] PluginManager:220 - loadIPPluginJar : add dfsdm
2025-09-04 15:16:18,070 [INFO] IPUIPlugin:80 - create IPUIPlugin
2025-09-04 15:16:18,070 [INFO] PluginManager:220 - loadIPPluginJar : add dma
2025-09-04 15:16:18,102 [INFO] IPUIPlugin:80 - create IPUIPlugin
2025-09-04 15:16:18,102 [INFO] PluginManager:220 - loadIPPluginJar : add dma3
2025-09-04 15:16:18,154 [INFO] IPUIPlugin:80 - create IPUIPlugin
2025-09-04 15:16:18,154 [INFO] PluginManager:220 - loadIPPluginJar : add extmemmanager
2025-09-04 15:16:18,182 [INFO] IPUIPlugin:80 - create IPUIPlugin
2025-09-04 15:16:18,182 [INFO] PluginManager:220 - loadIPPluginJar : add fatfs
2025-09-04 15:16:18,239 [INFO] IPUIPlugin:80 - create IPUIPlugin
2025-09-04 15:16:18,239 [INFO] PluginManager:220 - loadIPPluginJar : add fmc
2025-09-04 15:16:18,251 [INFO] IPUIPlugin:80 - create IPUIPlugin
2025-09-04 15:16:18,251 [INFO] PluginManager:220 - loadIPPluginJar : add freertos
2025-09-04 15:16:18,267 [INFO] IPUIPlugin:80 - create IPUIPlugin
2025-09-04 15:16:18,267 [INFO] PluginManager:220 - loadIPPluginJar : add genericplugin
2025-09-04 15:16:18,378 [INFO] IPUIPlugin:80 - create IPUIPlugin
2025-09-04 15:16:18,388 [INFO] PluginManager:220 - loadIPPluginJar : add gfxmmu
2025-09-04 15:16:18,534 [INFO] IPUIPlugin:80 - create IPUIPlugin
2025-09-04 15:16:18,534 [INFO] PluginManager:220 - loadIPPluginJar : add gic
2025-09-04 15:16:18,549 [INFO] IPUIPlugin:80 - create IPUIPlugin
2025-09-04 15:16:18,549 [INFO] PluginManager:220 - loadIPPluginJar : add gpio
2025-09-04 15:16:18,633 [INFO] IPUIPlugin:80 - create IPUIPlugin
2025-09-04 15:16:18,633 [INFO] PluginManager:220 - loadIPPluginJar : add gtzc
2025-09-04 15:16:18,682 [INFO] IPUIPlugin:80 - create IPUIPlugin
2025-09-04 15:16:18,682 [INFO] PluginManager:220 - loadIPPluginJar : add hash
2025-09-04 15:16:18,729 [INFO] IPUIPlugin:80 - create IPUIPlugin
2025-09-04 15:16:18,729 [INFO] PluginManager:220 - loadIPPluginJar : add i2c
2025-09-04 15:16:18,776 [INFO] IPUIPlugin:80 - create IPUIPlugin
2025-09-04 15:16:18,776 [INFO] PluginManager:220 - loadIPPluginJar : add i2s
2025-09-04 15:16:18,820 [INFO] IPUIPlugin:80 - create IPUIPlugin
2025-09-04 15:16:18,820 [INFO] PluginManager:220 - loadIPPluginJar : add i3c
2025-09-04 15:16:18,937 [INFO] IPUIPlugin:80 - create IPUIPlugin
2025-09-04 15:16:18,937 [INFO] PluginManager:220 - loadIPPluginJar : add ipddr
2025-09-04 15:16:19,046 [INFO] IPUIPlugin:80 - create IPUIPlugin
2025-09-04 15:16:19,046 [INFO] PluginManager:220 - loadIPPluginJar : add linkedlist
2025-09-04 15:16:19,098 [INFO] IPUIPlugin:80 - create IPUIPlugin
2025-09-04 15:16:19,098 [INFO] PluginManager:220 - loadIPPluginJar : add lorawan
2025-09-04 15:16:19,142 [INFO] IPUIPlugin:80 - create IPUIPlugin
2025-09-04 15:16:19,142 [INFO] PluginManager:220 - loadIPPluginJar : add ltdc
2025-09-04 15:16:19,155 [INFO] IPUIPlugin:80 - create IPUIPlugin
2025-09-04 15:16:19,155 [INFO] PluginManager:220 - loadIPPluginJar : add mdma
2025-09-04 15:16:19,161 [INFO] IPUIPlugin:80 - create IPUIPlugin
2025-09-04 15:16:19,161 [INFO] PluginManager:220 - loadIPPluginJar : add nvic
2025-09-04 15:16:19,217 [INFO] IPUIPlugin:80 - create IPUIPlugin
2025-09-04 15:16:19,217 [INFO] PluginManager:220 - loadIPPluginJar : add opamp
2025-09-04 15:16:19,278 [INFO] IPUIPlugin:80 - create IPUIPlugin
2025-09-04 15:16:19,278 [INFO] PluginManager:220 - loadIPPluginJar : add openamp
2025-09-04 15:16:19,329 [INFO] IPUIPlugin:80 - create IPUIPlugin
2025-09-04 15:16:19,329 [INFO] PluginManager:220 - loadIPPluginJar : add pdm2pcm
2025-09-04 15:16:19,341 [INFO] IPUIPlugin:80 - create IPUIPlugin
2025-09-04 15:16:19,341 [INFO] PluginManager:220 - loadIPPluginJar : add plateformsettings
2025-09-04 15:16:19,373 [INFO] IPUIPlugin:80 - create IPUIPlugin
2025-09-04 15:16:19,373 [INFO] PluginManager:220 - loadIPPluginJar : add quadspi
2025-09-04 15:16:19,388 [INFO] IPUIPlugin:80 - create IPUIPlugin
2025-09-04 15:16:19,388 [INFO] PluginManager:220 - loadIPPluginJar : add radio
2025-09-04 15:16:19,412 [INFO] IPUIPlugin:80 - create IPUIPlugin
2025-09-04 15:16:19,412 [INFO] PluginManager:220 - loadIPPluginJar : add resmgrutility
2025-09-04 15:16:19,455 [INFO] IPUIPlugin:80 - create IPUIPlugin
2025-09-04 15:16:19,455 [INFO] PluginManager:220 - loadIPPluginJar : add sai
2025-09-04 15:16:19,505 [INFO] IPUIPlugin:80 - create IPUIPlugin
2025-09-04 15:16:19,505 [INFO] PluginManager:220 - loadIPPluginJar : add spi
2025-09-04 15:16:19,585 [INFO] IPUIPlugin:80 - create IPUIPlugin
2025-09-04 15:16:19,585 [INFO] PluginManager:220 - loadIPPluginJar : add stm32_wpan
2025-09-04 15:16:19,609 [INFO] IPUIPlugin:80 - create IPUIPlugin
2025-09-04 15:16:19,609 [INFO] PluginManager:220 - loadIPPluginJar : add tim
2025-09-04 15:16:19,672 [INFO] IPUIPlugin:80 - create IPUIPlugin
2025-09-04 15:16:19,672 [INFO] PluginManager:220 - loadIPPluginJar : add touchsensing
2025-09-04 15:16:19,698 [INFO] IPUIPlugin:80 - create IPUIPlugin
2025-09-04 15:16:19,698 [INFO] PluginManager:220 - loadIPPluginJar : add tracer_emb
2025-09-04 15:16:19,720 [INFO] IPUIPlugin:80 - create IPUIPlugin
2025-09-04 15:16:19,720 [INFO] PluginManager:220 - loadIPPluginJar : add ts
2025-09-04 15:16:19,748 [INFO] IPUIPlugin:80 - create IPUIPlugin
2025-09-04 15:16:19,748 [INFO] PluginManager:220 - loadIPPluginJar : add tsc
2025-09-04 15:16:19,772 [INFO] IPUIPlugin:80 - create IPUIPlugin
2025-09-04 15:16:19,772 [INFO] PluginManager:220 - loadIPPluginJar : add ucpd
2025-09-04 15:16:19,818 [INFO] IPUIPlugin:80 - create IPUIPlugin
2025-09-04 15:16:19,818 [INFO] PluginManager:220 - loadIPPluginJar : add usart
2025-09-04 15:16:19,863 [INFO] IPUIPlugin:80 - create IPUIPlugin
2025-09-04 15:16:19,863 [INFO] PluginManager:220 - loadIPPluginJar : add usbx
2025-09-04 15:16:20,006 [FATAL] Updater:351 - Updater called before beeing initialized
2025-09-04 15:16:20,021 [INFO] RulesReader:64 - Compatibility file has been processed (317 Rules)
2025-09-04 15:16:20,037 [INFO] RulesReader:64 - Compatibility file has been processed (317 Rules)
2025-09-04 15:16:20,037 [INFO] CADModel:165 - CPN selected for project level
2025-09-04 15:16:20,037 [INFO] CADModel:114 - Register for checkConnection events
2025-09-04 15:16:20,037 [FATAL] Updater:351 - Updater called before beeing initialized
2025-09-04 15:16:20,037 [ERROR] CADModel:125 - Updater not yet initialized, retry later 
2025-09-04 15:16:20,181 [FATAL] Updater:351 - Updater called before beeing initialized
2025-09-04 15:16:20,181 [INFO] CADModel:165 - CPN selected for project level
2025-09-04 15:16:20,181 [INFO] CADModel:114 - Register for checkConnection events
2025-09-04 15:16:20,181 [FATAL] Updater:351 - Updater called before beeing initialized
2025-09-04 15:16:20,181 [ERROR] CADModel:125 - Updater not yet initialized, retry later 
2025-09-04 15:16:20,181 [FATAL] Updater:351 - Updater called before beeing initialized
2025-09-04 15:16:20,263 [INFO] ThirdPartyUpdaterWithRetryManager:70 - Updater plugin not ready yet. [2/15]
2025-09-04 15:16:20,301 [FATAL] Updater:351 - Updater called before beeing initialized
2025-09-04 15:16:20,313 [INFO] DbMcusAds:53 - JSON generation date=Tue Jul 08 15:14:23 ICT 2025 (1751962463582)
2025-09-04 15:16:20,313 [FATAL] Updater:351 - Updater called before beeing initialized
2025-09-04 15:16:20,345 [WARN] DetailPanel:346 - Failed to get advertising image, set to default
2025-09-04 15:16:20,439 [FATAL] Updater:351 - Updater called before beeing initialized
2025-09-04 15:16:20,439 [FATAL] Updater:351 - Updater called before beeing initialized
2025-09-04 15:16:20,439 [FATAL] Updater:351 - Updater called before beeing initialized
2025-09-04 15:16:20,439 [WARN] DetailPanel:346 - Failed to get advertising image, set to default
2025-09-04 15:16:20,439 [FATAL] Updater:351 - Updater called before beeing initialized
2025-09-04 15:16:20,503 [ERROR] Updater:1198 - MainUpdater not yet initialized. External WinMGr cannot be set.
2025-09-04 15:16:20,519 [INFO] Updater:1134 - Updater Version found : 6.15.0
2025-09-04 15:16:20,535 [INFO] ApplicationProperties:184 - Using Application install path: C:\ST\STM32CubeIDE_1.19.0\STM32CubeIDE\plugins\com.st.stm32cube.common.mx_6.15.0.202507011659
2025-09-04 15:16:22,177 [ERROR] LogOutputStream:75 - [STDERR_REDIRECT] Sep 04, 2025 3:16:22 PM java.util.prefs.WindowsPreferences <init>
2025-09-04 15:16:22,182 [ERROR] LogOutputStream:75 - [STDERR_REDIRECT] WARNING: Could not open/create prefs root node Software\JavaSoft\Prefs at root 0xffffffff80000002. Windows RegCreateKeyEx(...) returned error code 5.
2025-09-04 15:16:22,184 [ERROR] LogOutputStream:75 - [STDERR_REDIRECT] 
2025-09-04 15:16:22,474 [INFO] MainUpdater:2872 - connection check result : 10
2025-09-04 15:16:22,474 [INFO] MainUpdater:289 - Updater Check For Update Now.
2025-09-04 15:16:22,474 [INFO] MicroXplorer:498 - Change Database Version : DB.6.0.150
2025-09-04 15:16:22,507 [INFO] McuFinderGlobals:63 - Set McuFinder mode to 2 (CubeIDE integrated)
2025-09-04 15:16:22,517 [INFO] UserAuth:487 - Internet connection configuration mode: 1
2025-09-04 15:16:22,562 [INFO] JxBrowserEngine:152 - Initiate JxBrowser Engine with user profile folder
2025-09-04 15:16:22,728 [INFO] CheckServerUpdateThread:120 - End of CheckServer Thread
2025-09-04 15:16:23,641 [WARN] PackLoader:240 - Cannot read IP mode file for STMicroelectronics.FP-SNS-MOTENVWB1.1.4.0
2025-09-04 15:16:23,666 [WARN] PackLoader:240 - Cannot read IP mode file for STMicroelectronics.FP-ATR-ASTRA1.2.0.2
2025-09-04 15:16:23,692 [WARN] PackLoader:240 - Cannot read IP mode file for STMicroelectronics.X-CUBE-SMBUS.2.1.0
2025-09-04 15:16:23,715 [WARN] PackLoader:240 - Cannot read IP mode file for STMicroelectronics.X-CUBE-ST60.1.0.0
2025-09-04 15:16:23,780 [WARN] PackLoader:240 - Cannot read IP mode file for STMicroelectronics.X-CUBE-AZRTOS-F7.1.1.0
2025-09-04 15:16:23,835 [WARN] PackLoader:240 - Cannot read IP mode file for Infineon.AIROC-Wi-Fi-Bluetooth-STM32.1.7.1
2025-09-04 15:16:23,864 [WARN] PackLoader:240 - Cannot read IP mode file for STMicroelectronics.X-CUBE-DISPLAY.3.0.0
2025-09-04 15:16:23,904 [WARN] PackLoader:240 - Cannot read IP mode file for STMicroelectronics.X-CUBE-NFC10.1.0.0
2025-09-04 15:16:23,940 [WARN] PackLoader:240 - Cannot read IP mode file for emotas.I-CUBE-CANOPEN.1.3.0
2025-09-04 15:16:23,964 [WARN] PackLoader:240 - Cannot read IP mode file for STMicroelectronics.FP-SNS-STBOX1.2.1.0
2025-09-04 15:16:24,011 [WARN] PackLoader:240 - Cannot read IP mode file for STMicroelectronics.FP-SNS-SMARTAG2.1.2.0
2025-09-04 15:16:24,033 [INFO] WebApp:169 - Instantiating new browser for Auth
2025-09-04 15:16:24,035 [WARN] PackLoader:240 - Cannot read IP mode file for STMicroelectronics.FP-SNS-FLIGHT1.5.1.0
2025-09-04 15:16:24,102 [INFO] LogOutputStream:77 - [STDOUT_REDIRECT] 1 : Invalid condition id : UX_CORESTACK_Condition cause : null
2025-09-04 15:16:24,128 [INFO] LogOutputStream:77 - [STDOUT_REDIRECT] 1 : Invalid condition id : UX_CORESTACK_Condition cause : null
2025-09-04 15:16:24,133 [INFO] LogOutputStream:77 - [STDOUT_REDIRECT] 1 : Invalid condition id : UX_CORESTACK_Condition cause : null
2025-09-04 15:16:24,135 [INFO] LogOutputStream:77 - [STDOUT_REDIRECT] 1 : Invalid condition id : UX_CORESTACK_Condition cause : null
2025-09-04 15:16:24,137 [INFO] LogOutputStream:77 - [STDOUT_REDIRECT] 1 : Invalid condition id : UX_CORESTACK_Condition cause : null
2025-09-04 15:16:24,159 [WARN] PackLoader:240 - Cannot read IP mode file for STMicroelectronics.X-CUBE-AZRTOS-WL.2.0.0
2025-09-04 15:16:24,201 [WARN] PackLoader:240 - Cannot read IP mode file for STMicroelectronics.FP-SNS-MOTENV1.5.0.0
2025-09-04 15:16:24,236 [WARN] PackLoader:240 - Cannot read IP mode file for WES.I-CUBE-Cesium.1.3.0
2025-09-04 15:16:24,257 [WARN] PackLoader:240 - Cannot read IP mode file for STMicroelectronics.X-CUBE-BLE2.3.3.0
2025-09-04 15:16:24,284 [WARN] PackLoader:240 - Cannot read IP mode file for STMicroelectronics.X-CUBE-NFC9.1.0.0
2025-09-04 15:16:24,312 [WARN] PackLoader:240 - Cannot read IP mode file for STMicroelectronics.X-CUBE-BLE1.7.1.0
2025-09-04 15:16:24,332 [WARN] PackLoader:240 - Cannot read IP mode file for wolfSSL.I-CUBE-wolfMQTT.1.19.2
2025-09-04 15:16:24,362 [WARN] PackLoader:240 - Cannot read IP mode file for STMicroelectronics.X-CUBE-AI.10.1.0
2025-09-04 15:16:24,410 [WARN] PackLoader:240 - Cannot read IP mode file for STMicroelectronics.X-CUBE-AZRTOS-G0.1.1.0
2025-09-04 15:16:24,446 [WARN] PackLoader:240 - Cannot read IP mode file for STMicroelectronics.X-CUBE-SAFEA1.1.2.2
2025-09-04 15:16:24,474 [WARN] PackLoader:240 - Cannot read IP mode file for STMicroelectronics.X-CUBE-NFC4.3.0.0
2025-09-04 15:16:24,499 [WARN] PackLoader:240 - Cannot read IP mode file for EmbeddedOffice.I-CUBE-FS-RTOS.1.0.1
2025-09-04 15:16:24,507 [WARN] PackLoader:240 - Cannot read IP mode file for STMicroelectronics.X-CUBE-WB05N.2.0.0
2025-09-04 15:16:24,537 [WARN] PackLoader:240 - Cannot read IP mode file for wolfSSL.I-CUBE-wolfTPM.3.8.0
2025-09-04 15:16:24,555 [WARN] PackLoader:240 - Cannot read IP mode file for STMicroelectronics.X-CUBE-TCPP.4.2.0
2025-09-04 15:16:24,571 [WARN] PackLoader:240 - Cannot read IP mode file for RealThread.X-CUBE-RT-Thread_Nano.4.1.1
2025-09-04 15:16:24,587 [WARN] PackLoader:240 - Cannot read IP mode file for STMicroelectronics.FP-ATR-SIGFOX1.3.2.0
2025-09-04 15:16:24,600 [WARN] PackLoader:240 - Cannot read IP mode file for ITTIA_DB.I-CUBE-ITTIADB.8.9.0
2025-09-04 15:16:24,618 [WARN] PackLoader:240 - Cannot read IP mode file for STMicroelectronics.X-CUBE-ST67W61.1.0.0
2025-09-04 15:16:24,634 [WARN] PackLoader:240 - Cannot read IP mode file for STMicroelectronics.X-CUBE-AI.10.2.0
2025-09-04 15:16:24,662 [WARN] PackLoader:240 - Cannot read IP mode file for SEGGER.I-CUBE-embOS.1.3.1
2025-09-04 15:16:24,737 [WARN] PackLoader:240 - Cannot read IP mode file for STMicroelectronics.X-CUBE-ALGOBUILD.1.4.0
2025-09-04 15:16:24,811 [WARN] PackLoader:240 - Cannot read IP mode file for STMicroelectronics.X-CUBE-MEMS1.11.3.0
2025-09-04 15:16:24,928 [WARN] PackLoader:240 - Cannot read IP mode file for STMicroelectronics.X-CUBE-PM33A1.1.0.0
2025-09-04 15:16:24,953 [WARN] PackLoader:240 - Cannot read IP mode file for STMicroelectronics.X-CUBE-AZRTOS-F4.1.1.0
2025-09-04 15:16:24,971 [WARN] PackLoader:240 - Cannot read IP mode file for STMicroelectronics.X-CUBE-ISPU.2.1.0
2025-09-04 15:16:25,031 [WARN] PackLoader:240 - Cannot read IP mode file for STMicroelectronics.X-CUBE-AZRTOS-L5.2.0.0
2025-09-04 15:16:25,096 [WARN] PackLoader:240 - Cannot read IP mode file for STMicroelectronics.X-CUBE-NFC6.3.1.0
2025-09-04 15:16:25,132 [WARN] PackLoader:240 - Cannot read IP mode file for STMicroelectronics.X-CUBE-FREERTOS.1.3.1
2025-09-04 15:16:25,246 [WARN] PackLoader:240 - Cannot read IP mode file for STMicroelectronics.X-CUBE-DPower.1.3.0
2025-09-04 15:16:25,327 [WARN] ConditionMgr:438 - getConditionDescription Invalid condition id : LAN8742 Phy interface Condition cause : null
2025-09-04 15:16:25,328 [WARN] PackLoader:240 - Cannot read IP mode file for STMicroelectronics.X-CUBE-AZRTOS-L4.2.0.0
2025-09-04 15:16:25,329 [WARN] ConditionMgr:1044 - genDependencies : Invalid condition id : LAN8742 Phy interface Condition cause : null
2025-09-04 15:16:25,329 [WARN] ConditionMgr:1044 - genDependencies : Invalid condition id : LAN8742 Phy interface Condition cause : null
2025-09-04 15:16:25,331 [WARN] ConditionMgr:1044 - genDependencies : Invalid condition id : LAN8742 Phy interface Condition cause : null
2025-09-04 15:16:25,374 [WARN] PackLoader:240 - Cannot read IP mode file for STMicroelectronics.X-CUBE-SFXS2LP1.4.0.0
2025-09-04 15:16:25,388 [INFO] WebApp:463 - Apply proxy settings
2025-09-04 15:16:25,391 [INFO] WebApp:548 - Chromium requires no authentication
2025-09-04 15:16:25,405 [INFO] WebApp:491 - Direct internet connection detected
2025-09-04 15:16:25,429 [WARN] ConditionMgr:438 - getConditionDescription Invalid condition id : UX DEVICE CLASS RTOS Condition cause : null
2025-09-04 15:16:25,431 [WARN] ConditionMgr:438 - getConditionDescription Invalid condition id : UX DEVICE CLASS RTOS Condition cause : null
2025-09-04 15:16:25,433 [WARN] PackLoader:240 - Cannot read IP mode file for STMicroelectronics.X-CUBE-AZRTOS-WB.2.0.0
2025-09-04 15:16:25,435 [WARN] ConditionMgr:1044 - genDependencies : Invalid condition id : UX DEVICE CLASS RTOS Condition cause : null
2025-09-04 15:16:25,435 [WARN] ConditionMgr:1044 - genDependencies : Invalid condition id : UX DEVICE CLASS RTOS Condition cause : null
2025-09-04 15:16:25,435 [WARN] ConditionMgr:1044 - genDependencies : Invalid condition id : UX DEVICE CLASS RTOS Condition cause : null
2025-09-04 15:16:25,435 [WARN] ConditionMgr:1044 - genDependencies : Invalid condition id : UX DEVICE CLASS RTOS Condition cause : null
2025-09-04 15:16:25,435 [WARN] ConditionMgr:1044 - genDependencies : Invalid condition id : UX DEVICE CLASS RTOS Condition cause : null
2025-09-04 15:16:25,467 [WARN] PackLoader:240 - Cannot read IP mode file for STMicroelectronics.X-CUBE-GNSS1.7.0.1
2025-09-04 15:16:25,487 [INFO] WebApp:900 - Register for checkConnection events
2025-09-04 15:16:25,487 [INFO] WebApp:463 - Apply proxy settings
2025-09-04 15:16:25,487 [INFO] WebApp:548 - Chromium requires no authentication
2025-09-04 15:16:25,489 [INFO] WebApp:491 - Direct internet connection detected
2025-09-04 15:16:25,500 [WARN] PackLoader:240 - Cannot read IP mode file for STMicroelectronics.X-CUBE-TOUCHGFX.4.25.0
2025-09-04 15:16:25,525 [WARN] PackLoader:240 - Cannot read IP mode file for STMicroelectronics.FP-SNS-STBOX1.2.0.0
2025-09-04 15:16:25,572 [WARN] ConditionMgr:438 - getConditionDescription Invalid condition id : Cortex-A Device cause : null
2025-09-04 15:16:25,658 [WARN] ConditionMgr:1044 - genDependencies : Invalid condition id : Cortex-A Device cause : null
2025-09-04 15:16:25,658 [WARN] ConditionMgr:1044 - genDependencies : Invalid condition id : Cortex-A Device cause : null
2025-09-04 15:16:25,659 [WARN] ConditionMgr:1044 - genDependencies : Invalid condition id : Cortex-A Device cause : null
2025-09-04 15:16:25,670 [INFO] WebApp:191 - Connection restablished
2025-09-04 15:16:25,697 [WARN] PackLoader:240 - Cannot read IP mode file for STMicroelectronics.X-CUBE-SUBG2.5.0.0
2025-09-04 15:16:25,761 [WARN] PackLoader:240 - Cannot read IP mode file for STMicroelectronics.X-CUBE-AZRTOS-H7RS.1.1.0
2025-09-04 15:16:25,859 [WARN] PackLoader:240 - Cannot read IP mode file for Cesanta.I-CUBE-Mongoose.7.13.0
2025-09-04 15:16:25,913 [WARN] PackLoader:240 - Cannot read IP mode file for STMicroelectronics.X-CUBE-AZRTOS-G4.2.0.0
2025-09-04 15:16:25,938 [WARN] PackLoader:240 - Cannot read IP mode file for wolfSSL.I-CUBE-wolfSSH.1.4.20
2025-09-04 15:16:25,967 [WARN] PackLoader:240 - Cannot read IP mode file for STMicroelectronics.X-CUBE-NFC7.2.0.0
2025-09-04 15:16:26,004 [WARN] PackLoader:240 - Cannot read IP mode file for STMicroelectronics.X-CUBE-IPS.3.1.0
2025-09-04 15:16:26,016 [INFO] WebApp:225 - Starting web application
2025-09-04 15:16:26,016 [INFO] WebApp:593 - Web application path used C:\ST\STM32CubeIDE_1.19.0\STM32CubeIDE\plugins\com.st.stm32cube.common.mx_6.15.0.202507011659\db\plugins\mcufinder\reactClient1\index.html
2025-09-04 15:16:26,038 [WARN] PackLoader:240 - Cannot read IP mode file for STMicroelectronics.X-CUBE-ALS.1.0.2
2025-09-04 15:16:26,077 [WARN] PackLoader:240 - Cannot read IP mode file for portGmbH.I-Cube-SoM-uGOAL.1.1.0
2025-09-04 15:16:26,155 [WARN] PackLoader:240 - Cannot read IP mode file for STMicroelectronics.X-CUBE-TOF1.3.4.3
2025-09-04 15:16:26,169 [INFO] ThirdParty:978 - Integrity check success = true
2025-09-04 15:16:26,169 [INFO] IntegrityCheckThread:100 - exiting critical section [integrity check]
2025-09-04 15:16:26,170 [INFO] IntegrityCheckThread:103 - End integrity checks thread
2025-09-04 15:16:26,310 [INFO] UserAuth:487 - Internet connection configuration mode: 1
2025-09-04 15:37:27,895 [ERROR] ConfigurationRetriever:142 - IOException on connection: Read timed out
2025-09-04 15:37:33,404 [ERROR] ConfigurationRetriever:142 - IOException on connection: Connect timed out
2025-09-04 20:07:39,072 [ERROR] AdobePublisher:162 - Exception while opening the connection: java.net.SocketTimeoutException: Read timed out
2025-09-04 20:31:38,599 [ERROR] ConfigurationRetriever:142 - IOException on connection: Read timed out
2025-09-04 20:34:29,460 [ERROR] ConfigurationRetriever:142 - IOException on connection: Read timed out
2025-09-04 20:34:31,591 [ERROR] AdobePublisher:162 - Exception while opening the connection: java.net.SocketTimeoutException: Connect timed out
2025-09-04 21:29:03,438 [ERROR] LogOutputStream:75 - [STDERR_REDIRECT] 
2025-09-04 21:29:03,439 [ERROR] LogOutputStream:75 - [STDERR_REDIRECT] 
