01:34:47 **** Incremental Build of configuration Debug for project Lab_02 ****
make -j8 all 
arm-none-eabi-gcc "../Core/Src/main.c" -mcpu=cortex-m7 -std=gnu11 -g3 -DDEBUG -DUSE_HAL_DRIVER -DSTM32F767xx -c -I../Core/Inc -I../Drivers/STM32F7xx_HAL_Driver/Inc -I../Drivers/STM32F7xx_HAL_Driver/Inc/Legacy -I../Drivers/CMSIS/Device/ST/STM32F7xx/Include -I../Drivers/CMSIS/Include -O0 -ffunction-sections -fdata-sections -Wall -fstack-usage -fcyclomatic-complexity -MMD -MP -MF"Core/Src/main.d" -MT"Core/Src/main.o" --specs=nano.specs -mfpu=fpv5-d16 -mfloat-abi=hard -mthumb -o "Core/Src/main.o"
arm-none-eabi-gcc -o "Lab_02.elf" @"objects.list"   -mcpu=cortex-m7 -T"C:\Users\USERIT\STM32CubeIDE\MAD_Lab\Lab_02\STM32F767ZITX_FLASH.ld" --specs=nosys.specs -Wl,-Map="Lab_02.map" -Wl,--gc-sections -static --specs=nano.specs -mfpu=fpv5-d16 -mfloat-abi=hard -mthumb -Wl,--start-group -lc -lm -Wl,--end-group
Finished building target: Lab_02.elf
 
arm-none-eabi-size  Lab_02.elf 
arm-none-eabi-objdump -h -S Lab_02.elf  > "Lab_02.list"
   text	   data	    bss	    dec	    hex	filename
   7408	     76	   1580	   9064	   2368	Lab_02.elf
Finished building: default.size.stdout
 
Finished building: Lab_02.list
 

01:34:48 Build Finished. 0 errors, 0 warnings. (took 808ms)

