16:30:30 **** Incremental Build of configuration Debug for project Lab_07_latest ****
make -j8 all 
arm-none-eabi-gcc "../Core/Src/main.c" -mcpu=cortex-m7 -std=gnu11 -g3 -DDEBUG -DUSE_HAL_DRIVER -DSTM32F767xx -c -I../Core/Inc -I../Drivers/STM32F7xx_HAL_Driver/Inc -I../Drivers/STM32F7xx_HAL_Driver/Inc/Legacy -I../Drivers/CMSIS/Device/ST/STM32F7xx/Include -I../Drivers/CMSIS/Include -O0 -ffunction-sections -fdata-sections -Wall -fstack-usage -fcyclomatic-complexity -MMD -MP -MF"Core/Src/main.d" -MT"Core/Src/main.o" --specs=nano.specs -mfpu=fpv5-d16 -mfloat-abi=hard -mthumb -o "Core/Src/main.o"
arm-none-eabi-gcc -o "Lab_07_latest.elf" @"objects.list"   -mcpu=cortex-m7 -T"C:\Users\USERIT\STM32CubeIDE\MAD_Lab\Lab_07_latest\STM32F767ZITX_FLASH.ld" --specs=nosys.specs -Wl,-Map="Lab_07_latest.map" -Wl,--gc-sections -static --specs=nano.specs -mfpu=fpv5-d16 -mfloat-abi=hard -mthumb -Wl,--start-group -lc -lm -Wl,--end-group
Finished building target: Lab_07_latest.elf
 
arm-none-eabi-size  Lab_07_latest.elf 
arm-none-eabi-objdump -h -S Lab_07_latest.elf  > "Lab_07_latest.list"
   text	   data	    bss	    dec	    hex	filename
  24592	    412	   3620	  28624	   6fd0	Lab_07_latest.elf
Finished building: default.size.stdout
 
Finished building: Lab_07_latest.list
 

16:30:32 Build Finished. 0 errors, 0 warnings. (took 1s.838ms)

